Running main() from C:\Users\luisf\EpitechPromo2027\CUDA-GRAVITY-SIMULATION-restored\build\_deps\googletest-src\googletest\src\gtest_main.cc
[==========] Running 27 tests from 3 test suites.
[----------] Global test environment set-up.
[----------] 5 tests from SimulationProfileTests
[ RUN      ] SimulationProfileTests.TST_PHY_PRO_001_DiskOrbitProfile
[       OK ] SimulationProfileTests.TST_PHY_PRO_001_DiskOrbitProfile (0 ms)
[ RUN      ] SimulationProfileTests.TST_PHY_PRO_002_GalaxyCollisionProfile
[       OK ] SimulationProfileTests.TST_PHY_PRO_002_GalaxyCollisionProfile (0 ms)
[ RUN      ] SimulationProfileTests.TST_PHY_PRO_003_SolarSystemProfile
[       OK ] SimulationProfileTests.TST_PHY_PRO_003_SolarSystemProfile (0 ms)
[ RUN      ] SimulationProfileTests.TST_PHY_PRO_004_InvalidProfile
[       OK ] SimulationProfileTests.TST_PHY_PRO_004_InvalidProfile (0 ms)
[ RUN      ] SimulationProfileTests.TST_PHY_PRO_005_BinaryStarProfile
[       OK ] SimulationProfileTests.TST_PHY_PRO_005_BinaryStarProfile (0 ms)
[----------] 5 tests from SimulationProfileTests (0 ms total)

[----------] 21 tests from PhysicsTest
[ RUN      ] PhysicsTest.TST_UNT_PHYS_014_OctreeCpuDeterministicReplay
[server] start particles=128 dt=0.005
[server] init rebuild mode=disk_orbit active_source=generated particles=128
[debug] d_stage 0000000200002400 type=2 device=0
[server] generated initial state mode=disk_orbit particles=128
[server] active solver=octree_cpu integrator=rk4 perf=interactive theta=0.5 softening=0.1 sph=off substep_target_dt=0.01 max_substeps=4 snapshot_publish_ms=50
[debug] d_stage 0000000200002400 type=2 device=0
[debug] d_stage 0000000200002400 type=2 device=0
[debug] d_stage 0000000200002400 type=2 device=0
[debug] d_stage 0000000200002400 type=2 device=0
[debug] d_stage 0000000200002400 type=2 device=0
[debug] d_stage 0000000200002400 type=2 device=0
[debug] d_stage 0000000200002400 type=2 device=0
[debug] d_stage 0000000200002400 type=2 device=0
[debug] d_stage 0000000200002400 type=2 device=0
[debug] d_stage 0000000200002400 type=2 device=0
[debug] d_stage 0000000200002400 type=2 device=0
[debug] d_stage 0000000200002400 type=2 device=0
[debug] d_stage 0000000200002400 type=2 device=0
[debug] d_stage 0000000200002400 type=2 device=0
[debug] d_stage 0000000200002400 type=2 device=0
[debug] d_stage 0000000200002400 type=2 device=0
[debug] d_stage 0000000200002400 type=2 device=0
[debug] d_stage 0000000200002400 type=2 device=0
[debug] d_stage 0000000200002400 type=2 device=0
[debug] d_stage 0000000200002400 type=2 device=0
[server] stop requested
[server] start particles=128 dt=0.005
[server] init rebuild mode=disk_orbit active_source=generated particles=128
[debug] d_stage 0000000200002400 type=2 device=0
[server] generated initial state mode=disk_orbit particles=128
[server] active solver=octree_cpu integrator=rk4 perf=interactive theta=0.5 softening=0.1 sph=off substep_target_dt=0.01 max_substeps=4 snapshot_publish_ms=50
[debug] d_stage 0000000200002400 type=2 device=0
[debug] d_stage 0000000200002400 type=2 device=0
[debug] d_stage 0000000200002400 type=2 device=0
[debug] d_stage 0000000200002400 type=2 device=0
[debug] d_stage 0000000200002400 type=2 device=0
[debug] d_stage 0000000200002400 type=2 device=0
[debug] d_stage 0000000200002400 type=2 device=0
[debug] d_stage 0000000200002400 type=2 device=0
[debug] d_stage 0000000200002400 type=2 device=0
[debug] d_stage 0000000200002400 type=2 device=0
[debug] d_stage 0000000200002400 type=2 device=0
[debug] d_stage 0000000200002400 type=2 device=0
[debug] d_stage 0000000200002400 type=2 device=0
[debug] d_stage 0000000200002400 type=2 device=0
[debug] d_stage 0000000200002400 type=2 device=0
[debug] d_stage 0000000200002400 type=2 device=0
[debug] d_stage 0000000200002400 type=2 device=0
[debug] d_stage 0000000200002400 type=2 device=0
[debug] d_stage 0000000200002400 type=2 device=0
[debug] d_stage 0000000200002400 type=2 device=0
[server] stop requested
[       OK ] PhysicsTest.TST_UNT_PHYS_014_OctreeCpuDeterministicReplay (1158 ms)
[ RUN      ] PhysicsTest.TST_UNT_PHYS_015_OctreeGpuDeterministicReplay
[server] start particles=128 dt=0.004
[server] init rebuild mode=disk_orbit active_source=generated particles=128
[debug] d_stage 0000000200002400 type=2 device=0
[server] generated initial state mode=disk_orbit particles=128
[server] active solver=octree_gpu integrator=euler perf=interactive theta=0.35 softening=0.08 sph=off substep_target_dt=0.01 max_substeps=4 snapshot_publish_ms=50
[server] stop requested
[server] start particles=128 dt=0.004
[server] init rebuild mode=disk_orbit active_source=generated particles=128
[debug] d_stage 0000000200002400 type=2 device=0
[server] generated initial state mode=disk_orbit particles=128
[server] active solver=octree_gpu integrator=euler perf=interactive theta=0.35 softening=0.08 sph=off substep_target_dt=0.01 max_substeps=4 snapshot_publish_ms=50
[server] stop requested
[       OK ] PhysicsTest.TST_UNT_PHYS_015_OctreeGpuDeterministicReplay (1211 ms)
[ RUN      ] PhysicsTest.TST_UNT_PHYS_016_SphStabilityBoundedDrift
[server] start particles=96 dt=0.002
[server] init rebuild mode=disk_orbit active_source=generated particles=96
[debug] d_stage 0000000200002400 type=2 device=0
[server] generated initial state mode=disk_orbit particles=96
[server] active solver=pairwise_cuda integrator=euler perf=interactive sph=on substep_target_dt=0.01 max_substeps=4 snapshot_publish_ms=50
[server] stop requested
[       OK ] PhysicsTest.TST_UNT_PHYS_016_SphStabilityBoundedDrift (696 ms)
[ RUN      ] PhysicsTest.TST_UNT_PHYS_007_MultiBodyInteractions
[server] start particles=256 dt=0.05
[server] init rebuild mode=disk_orbit active_source=generated particles=256
[debug] d_stage 0000000200004800 type=2 device=0
[server] generated initial state mode=disk_orbit particles=256
[server] active solver=octree_cpu integrator=euler perf=interactive theta=1.2 softening=2.5 sph=off substep_target_dt=0.01 max_substeps=4 snapshot_publish_ms=50
[server] warning: thermal model active (heating=0.0002, radiation=1e-08) may change total energy drift
[server] substep clamp active dt=0.05 target_dt=0.01 required=5 max=4 applied_dt=0.0125
[debug] d_stage 0000000200004800 type=2 device=0
[debug] d_stage 0000000200004800 type=2 device=0
[debug] d_stage 0000000200004800 type=2 device=0
[debug] d_stage 0000000200004800 type=2 device=0
[debug] d_stage 0000000200004800 type=2 device=0
[debug] d_stage 0000000200004800 type=2 device=0
[debug] d_stage 0000000200004800 type=2 device=0
[debug] d_stage 0000000200004800 type=2 device=0
[debug] d_stage 0000000200004800 type=2 device=0
[debug] d_stage 0000000200004800 type=2 device=0
[debug] d_stage 0000000200004800 type=2 device=0
[debug] d_stage 0000000200004800 type=2 device=0
[debug] d_stage 0000000200004800 type=2 device=0
[debug] d_stage 0000000200004800 type=2 device=0
[debug] d_stage 0000000200004800 type=2 device=0
[debug] d_stage 0000000200004800 type=2 device=0
[debug] d_stage 0000000200004800 type=2 device=0
[debug] d_stage 0000000200004800 type=2 device=0
[debug] d_stage 0000000200004800 type=2 device=0
[debug] d_stage 0000000200004800 type=2 device=0
[debug] d_stage 0000000200004800 type=2 device=0
[debug] d_stage 0000000200004800 type=2 device=0
[debug] d_stage 0000000200004800 type=2 device=0
[debug] d_stage 0000000200004800 type=2 device=0
[debug] d_stage 0000000200004800 type=2 device=0
[debug] d_stage 0000000200004800 type=2 device=0
[debug] d_stage 0000000200004800 type=2 device=0
[debug] d_stage 0000000200004800 type=2 device=0
[debug] d_stage 0000000200004800 type=2 device=0
[debug] d_stage 0000000200004800 type=2 device=0
[debug] d_stage 0000000200004800 type=2 device=0
[debug] d_stage 0000000200004800 type=2 device=0
[server] stop requested
[       OK ] PhysicsTest.TST_UNT_PHYS_007_MultiBodyInteractions (323 ms)
[ RUN      ] PhysicsTest.TST_UNT_PHYS_006_EnergyConservationHighMassNoSph
[server] start particles=96 dt=0.1
[server] init rebuild mode=disk_orbit active_source=generated particles=96
[debug] d_stage 0000000200002400 type=2 device=0
[server] generated initial state mode=disk_orbit particles=96
[server] active solver=octree_cpu integrator=euler perf=interactive theta=1.2 softening=2.5 sph=off substep_target_dt=0.01 max_substeps=4 snapshot_publish_ms=50
[server] substep clamp active dt=0.1 target_dt=0.01 required=10 max=4 applied_dt=0.025
[debug] d_stage 0000000200002400 type=2 device=0
[debug] d_stage 0000000200002400 type=2 device=0
[debug] d_stage 0000000200002400 type=2 device=0
[debug] d_stage 0000000200002400 type=2 device=0
[debug] d_stage 0000000200002400 type=2 device=0
[debug] d_stage 0000000200002400 type=2 device=0
[debug] d_stage 0000000200002400 type=2 device=0
[debug] d_stage 0000000200002400 type=2 device=0
[debug] d_stage 0000000200002400 type=2 device=0
[debug] d_stage 0000000200002400 type=2 device=0
[debug] d_stage 0000000200002400 type=2 device=0
[debug] d_stage 0000000200002400 type=2 device=0
[debug] d_stage 0000000200002400 type=2 device=0
[debug] d_stage 0000000200002400 type=2 device=0
[debug] d_stage 0000000200002400 type=2 device=0
[debug] d_stage 0000000200002400 type=2 device=0
[debug] d_stage 0000000200002400 type=2 device=0
[debug] d_stage 0000000200002400 type=2 device=0
[debug] d_stage 0000000200002400 type=2 device=0
[debug] d_stage 0000000200002400 type=2 device=0
[debug] d_stage 0000000200002400 type=2 device=0
[debug] d_stage 0000000200002400 type=2 device=0
[debug] d_stage 0000000200002400 type=2 device=0
[debug] d_stage 0000000200002400 type=2 device=0
[debug] d_stage 0000000200002400 type=2 device=0
[debug] d_stage 0000000200002400 type=2 device=0
[debug] d_stage 0000000200002400 type=2 device=0
[debug] d_stage 0000000200002400 type=2 device=0
[debug] d_stage 0000000200002400 type=2 device=0
[debug] d_stage 0000000200002400 type=2 device=0
[debug] d_stage 0000000200002400 type=2 device=0
[debug] d_stage 0000000200002400 type=2 device=0
[debug] d_stage 0000000200002400 type=2 device=0
[debug] d_stage 0000000200002400 type=2 device=0
[debug] d_stage 0000000200002400 type=2 device=0
[debug] d_stage 0000000200002400 type=2 device=0
[debug] d_stage 0000000200002400 type=2 device=0
[debug] d_stage 0000000200002400 type=2 device=0
[debug] d_stage 0000000200002400 type=2 device=0
[debug] d_stage 0000000200002400 type=2 device=0
[debug] d_stage 0000000200002400 type=2 device=0
[debug] d_stage 0000000200002400 type=2 device=0
[debug] d_stage 0000000200002400 type=2 device=0
[debug] d_stage 0000000200002400 type=2 device=0
[debug] d_stage 0000000200002400 type=2 device=0
[debug] d_stage 0000000200002400 type=2 device=0
[debug] d_stage 0000000200002400 type=2 device=0
[debug] d_stage 0000000200002400 type=2 device=0
[server] stop requested
[       OK ] PhysicsTest.TST_UNT_PHYS_006_EnergyConservationHighMassNoSph (205 ms)
[ RUN      ] PhysicsTest.TST_UNT_PHYS_008_RadiationExchangeConservation
[server] start particles=48 dt=0.1
[server] init rebuild mode=random_cloud active_source=generated particles=48
[debug] d_stage 0000000200002400 type=2 device=0
[server] generated initial state mode=random_cloud particles=48
[server] active solver=octree_cpu integrator=euler perf=interactive theta=1.2 softening=2.5 sph=off substep_target_dt=0.01 max_substeps=4 snapshot_publish_ms=50
[server] warning: thermal model active (heating=0, radiation=1) may change total energy drift
[server] substep clamp active dt=0.1 target_dt=0.01 required=10 max=4 applied_dt=0.025
[debug] d_stage 0000000200002400 type=2 device=0
[debug] d_stage 0000000200002400 type=2 device=0
[debug] d_stage 0000000200002400 type=2 device=0
[debug] d_stage 0000000200002400 type=2 device=0
[debug] d_stage 0000000200002400 type=2 device=0
[debug] d_stage 0000000200002400 type=2 device=0
[debug] d_stage 0000000200002400 type=2 device=0
[debug] d_stage 0000000200002400 type=2 device=0
[debug] d_stage 0000000200002400 type=2 device=0
[debug] d_stage 0000000200002400 type=2 device=0
[debug] d_stage 0000000200002400 type=2 device=0
[debug] d_stage 0000000200002400 type=2 device=0
[debug] d_stage 0000000200002400 type=2 device=0
[debug] d_stage 0000000200002400 type=2 device=0
[debug] d_stage 0000000200002400 type=2 device=0
[debug] d_stage 0000000200002400 type=2 device=0
[debug] d_stage 0000000200002400 type=2 device=0
[debug] d_stage 0000000200002400 type=2 device=0
[debug] d_stage 0000000200002400 type=2 device=0
[debug] d_stage 0000000200002400 type=2 device=0
[debug] d_stage 0000000200002400 type=2 device=0
[debug] d_stage 0000000200002400 type=2 device=0
[debug] d_stage 0000000200002400 type=2 device=0
[debug] d_stage 0000000200002400 type=2 device=0
[debug] d_stage 0000000200002400 type=2 device=0
[debug] d_stage 0000000200002400 type=2 device=0
[debug] d_stage 0000000200002400 type=2 device=0
[debug] d_stage 0000000200002400 type=2 device=0
[debug] d_stage 0000000200002400 type=2 device=0
[debug] d_stage 0000000200002400 type=2 device=0
[debug] d_stage 0000000200002400 type=2 device=0
[debug] d_stage 0000000200002400 type=2 device=0
[debug] d_stage 0000000200002400 type=2 device=0
[debug] d_stage 0000000200002400 type=2 device=0
[debug] d_stage 0000000200002400 type=2 device=0
[debug] d_stage 0000000200002400 type=2 device=0
[debug] d_stage 0000000200002400 type=2 device=0
[debug] d_stage 0000000200002400 type=2 device=0
[debug] d_stage 0000000200002400 type=2 device=0
[debug] d_stage 0000000200002400 type=2 device=0
[debug] d_stage 0000000200002400 type=2 device=0
[debug] d_stage 0000000200002400 type=2 device=0
[debug] d_stage 0000000200002400 type=2 device=0
[debug] d_stage 0000000200002400 type=2 device=0
[debug] d_stage 0000000200002400 type=2 device=0
[debug] d_stage 0000000200002400 type=2 device=0
[debug] d_stage 0000000200002400 type=2 device=0
[debug] d_stage 0000000200002400 type=2 device=0
[debug] d_stage 0000000200002400 type=2 device=0
[debug] d_stage 0000000200002400 type=2 device=0
[debug] d_stage 0000000200002400 type=2 device=0
[debug] d_stage 0000000200002400 type=2 device=0
[debug] d_stage 0000000200002400 type=2 device=0
[debug] d_stage 0000000200002400 type=2 device=0
[debug] d_stage 0000000200002400 type=2 device=0
[debug] d_stage 0000000200002400 type=2 device=0
[debug] d_stage 0000000200002400 type=2 device=0
[debug] d_stage 0000000200002400 type=2 device=0
[debug] d_stage 0000000200002400 type=2 device=0
[debug] d_stage 0000000200002400 type=2 device=0
[debug] d_stage 0000000200002400 type=2 device=0
[debug] d_stage 0000000200002400 type=2 device=0
[debug] d_stage 0000000200002400 type=2 device=0
[debug] d_stage 0000000200002400 type=2 device=0
[server] stop requested
[       OK ] PhysicsTest.TST_UNT_PHYS_008_RadiationExchangeConservation (350 ms)
[ RUN      ] PhysicsTest.TST_UNT_PHYS_011_CalibrationThreeBodyPresetStaysFiniteAndCentered
[server] start particles=3 dt=0.0015
[server] init rebuild mode=three_body active_source=generated particles=3
[debug] d_stage 0000000200002400 type=2 device=0
[server] generated initial state mode=three_body particles=3
[server] active solver=octree_cpu integrator=rk4 perf=interactive theta=1.2 softening=2.5 sph=off substep_target_dt=0.01 max_substeps=4 snapshot_publish_ms=50
[debug] d_stage 0000000200002400 type=2 device=0
[debug] d_stage 0000000200002400 type=2 device=0
[debug] d_stage 0000000200002400 type=2 device=0
[debug] d_stage 0000000200002400 type=2 device=0
[debug] d_stage 0000000200002400 type=2 device=0
[debug] d_stage 0000000200002400 type=2 device=0
[debug] d_stage 0000000200002400 type=2 device=0
[debug] d_stage 0000000200002400 type=2 device=0
[debug] d_stage 0000000200002400 type=2 device=0
[debug] d_stage 0000000200002400 type=2 device=0
[debug] d_stage 0000000200002400 type=2 device=0
[debug] d_stage 0000000200002400 type=2 device=0
[debug] d_stage 0000000200002400 type=2 device=0
[debug] d_stage 0000000200002400 type=2 device=0
[debug] d_stage 0000000200002400 type=2 device=0
[debug] d_stage 0000000200002400 type=2 device=0
[debug] d_stage 0000000200002400 type=2 device=0
[debug] d_stage 0000000200002400 type=2 device=0
[debug] d_stage 0000000200002400 type=2 device=0
[debug] d_stage 0000000200002400 type=2 device=0
[debug] d_stage 0000000200002400 type=2 device=0
[debug] d_stage 0000000200002400 type=2 device=0
[debug] d_stage 0000000200002400 type=2 device=0
[debug] d_stage 0000000200002400 type=2 device=0
[debug] d_stage 0000000200002400 type=2 device=0
[debug] d_stage 0000000200002400 type=2 device=0
[debug] d_stage 0000000200002400 type=2 device=0
[debug] d_stage 0000000200002400 type=2 device=0
[debug] d_stage 0000000200002400 type=2 device=0
[debug] d_stage 0000000200002400 type=2 device=0
[debug] d_stage 0000000200002400 type=2 device=0
[debug] d_stage 0000000200002400 type=2 device=0
[debug] d_stage 0000000200002400 type=2 device=0
[debug] d_stage 0000000200002400 type=2 device=0
[debug] d_stage 0000000200002400 type=2 device=0
[debug] d_stage 0000000200002400 type=2 device=0
[debug] d_stage 0000000200002400 type=2 device=0
[debug] d_stage 0000000200002400 type=2 device=0
[debug] d_stage 0000000200002400 type=2 device=0
[debug] d_stage 0000000200002400 type=2 device=0
[debug] d_stage 0000000200002400 type=2 device=0
[debug] d_stage 0000000200002400 type=2 device=0
[debug] d_stage 0000000200002400 type=2 device=0
[debug] d_stage 0000000200002400 type=2 device=0
[debug] d_stage 0000000200002400 type=2 device=0
[debug] d_stage 0000000200002400 type=2 device=0
[debug] d_stage 0000000200002400 type=2 device=0
[debug] d_stage 0000000200002400 type=2 device=0
[debug] d_stage 0000000200002400 type=2 device=0
[debug] d_stage 0000000200002400 type=2 device=0
[debug] d_stage 0000000200002400 type=2 device=0
[debug] d_stage 0000000200002400 type=2 device=0
[debug] d_stage 0000000200002400 type=2 device=0
[debug] d_stage 0000000200002400 type=2 device=0
[debug] d_stage 0000000200002400 type=2 device=0
[debug] d_stage 0000000200002400 type=2 device=0
[debug] d_stage 0000000200002400 type=2 device=0
[debug] d_stage 0000000200002400 type=2 device=0
[debug] d_stage 0000000200002400 type=2 device=0
[debug] d_stage 0000000200002400 type=2 device=0
[debug] d_stage 0000000200002400 type=2 device=0
[debug] d_stage 0000000200002400 type=2 device=0
[debug] d_stage 0000000200002400 type=2 device=0
[debug] d_stage 0000000200002400 type=2 device=0
[debug] d_stage 0000000200002400 type=2 device=0
[debug] d_stage 0000000200002400 type=2 device=0
[debug] d_stage 0000000200002400 type=2 device=0
[debug] d_stage 0000000200002400 type=2 device=0
[debug] d_stage 0000000200002400 type=2 device=0
[debug] d_stage 0000000200002400 type=2 device=0
[debug] d_stage 0000000200002400 type=2 device=0
[debug] d_stage 0000000200002400 type=2 device=0
[debug] d_stage 0000000200002400 type=2 device=0
[debug] d_stage 0000000200002400 type=2 device=0
[debug] d_stage 0000000200002400 type=2 device=0
[debug] d_stage 0000000200002400 type=2 device=0
[debug] d_stage 0000000200002400 type=2 device=0
[debug] d_stage 0000000200002400 type=2 device=0
[debug] d_stage 0000000200002400 type=2 device=0
[debug] d_stage 0000000200002400 type=2 device=0
[debug] d_stage 0000000200002400 type=2 device=0
[debug] d_stage 0000000200002400 type=2 device=0
[debug] d_stage 0000000200002400 type=2 device=0
[debug] d_stage 0000000200002400 type=2 device=0
[debug] d_stage 0000000200002400 type=2 device=0
[debug] d_stage 0000000200002400 type=2 device=0
[debug] d_stage 0000000200002400 type=2 device=0
[debug] d_stage 0000000200002400 type=2 device=0
[debug] d_stage 0000000200002400 type=2 device=0
[debug] d_stage 0000000200002400 type=2 device=0
[debug] d_stage 0000000200002400 type=2 device=0
[debug] d_stage 0000000200002400 type=2 device=0
[debug] d_stage 0000000200002400 type=2 device=0
[debug] d_stage 0000000200002400 type=2 device=0
[debug] d_stage 0000000200002400 type=2 device=0
[debug] d_stage 0000000200002400 type=2 device=0
[debug] d_stage 0000000200002400 type=2 device=0
[debug] d_stage 0000000200002400 type=2 device=0
[debug] d_stage 0000000200002400 type=2 device=0
[debug] d_stage 0000000200002400 type=2 device=0
[debug] d_stage 0000000200002400 type=2 device=0
[debug] d_stage 0000000200002400 type=2 device=0
[debug] d_stage 0000000200002400 type=2 device=0
[debug] d_stage 0000000200002400 type=2 device=0
[debug] d_stage 0000000200002400 type=2 device=0
[debug] d_stage 0000000200002400 type=2 device=0
[debug] d_stage 0000000200002400 type=2 device=0
[debug] d_stage 0000000200002400 type=2 device=0
[debug] d_stage 0000000200002400 type=2 device=0
[debug] d_stage 0000000200002400 type=2 device=0
[debug] d_stage 0000000200002400 type=2 device=0
[debug] d_stage 0000000200002400 type=2 device=0
[debug] d_stage 0000000200002400 type=2 device=0
[debug] d_stage 0000000200002400 type=2 device=0
[debug] d_stage 0000000200002400 type=2 device=0
[debug] d_stage 0000000200002400 type=2 device=0
[debug] d_stage 0000000200002400 type=2 device=0
[debug] d_stage 0000000200002400 type=2 device=0
[debug] d_stage 0000000200002400 type=2 device=0
[debug] d_stage 0000000200002400 type=2 device=0
[debug] d_stage 0000000200002400 type=2 device=0
[debug] d_stage 0000000200002400 type=2 device=0
[debug] d_stage 0000000200002400 type=2 device=0
[debug] d_stage 0000000200002400 type=2 device=0
[debug] d_stage 0000000200002400 type=2 device=0
[debug] d_stage 0000000200002400 type=2 device=0
[debug] d_stage 0000000200002400 type=2 device=0
[debug] d_stage 0000000200002400 type=2 device=0
[debug] d_stage 0000000200002400 type=2 device=0
[debug] d_stage 0000000200002400 type=2 device=0
[debug] d_stage 0000000200002400 type=2 device=0
[debug] d_stage 0000000200002400 type=2 device=0
[debug] d_stage 0000000200002400 type=2 device=0
[debug] d_stage 0000000200002400 type=2 device=0
[debug] d_stage 0000000200002400 type=2 device=0
[debug] d_stage 0000000200002400 type=2 device=0
[debug] d_stage 0000000200002400 type=2 device=0
[debug] d_stage 0000000200002400 type=2 device=0
[debug] d_stage 0000000200002400 type=2 device=0
[debug] d_stage 0000000200002400 type=2 device=0
[debug] d_stage 0000000200002400 type=2 device=0
[debug] d_stage 0000000200002400 type=2 device=0
[debug] d_stage 0000000200002400 type=2 device=0
[debug] d_stage 0000000200002400 type=2 device=0
[debug] d_stage 0000000200002400 type=2 device=0
[debug] d_stage 0000000200002400 type=2 device=0
[debug] d_stage 0000000200002400 type=2 device=0
[debug] d_stage 0000000200002400 type=2 device=0
[debug] d_stage 0000000200002400 type=2 device=0
[debug] d_stage 0000000200002400 type=2 device=0
[debug] d_stage 0000000200002400 type=2 device=0
[debug] d_stage 0000000200002400 type=2 device=0
[debug] d_stage 0000000200002400 type=2 device=0
[debug] d_stage 0000000200002400 type=2 device=0
[debug] d_stage 0000000200002400 type=2 device=0
[debug] d_stage 0000000200002400 type=2 device=0
[debug] d_stage 0000000200002400 type=2 device=0
[debug] d_stage 0000000200002400 type=2 device=0
[debug] d_stage 0000000200002400 type=2 device=0
[debug] d_stage 0000000200002400 type=2 device=0
[debug] d_stage 0000000200002400 type=2 device=0
[debug] d_stage 0000000200002400 type=2 device=0
[debug] d_stage 0000000200002400 type=2 device=0
[debug] d_stage 0000000200002400 type=2 device=0
[debug] d_stage 0000000200002400 type=2 device=0
[debug] d_stage 0000000200002400 type=2 device=0
[debug] d_stage 0000000200002400 type=2 device=0
[debug] d_stage 0000000200002400 type=2 device=0
[debug] d_stage 0000000200002400 type=2 device=0
[debug] d_stage 0000000200002400 type=2 device=0
[debug] d_stage 0000000200002400 type=2 device=0
[debug] d_stage 0000000200002400 type=2 device=0
[debug] d_stage 0000000200002400 type=2 device=0
[debug] d_stage 0000000200002400 type=2 device=0
[debug] d_stage 0000000200002400 type=2 device=0
[debug] d_stage 0000000200002400 type=2 device=0
[debug] d_stage 0000000200002400 type=2 device=0
[debug] d_stage 0000000200002400 type=2 device=0
[debug] d_stage 0000000200002400 type=2 device=0
[debug] d_stage 0000000200002400 type=2 device=0
[debug] d_stage 0000000200002400 type=2 device=0
[debug] d_stage 0000000200002400 type=2 device=0
[debug] d_stage 0000000200002400 type=2 device=0
[debug] d_stage 0000000200002400 type=2 device=0
[debug] d_stage 0000000200002400 type=2 device=0
[debug] d_stage 0000000200002400 type=2 device=0
[debug] d_stage 0000000200002400 type=2 device=0
[debug] d_stage 0000000200002400 type=2 device=0
[debug] d_stage 0000000200002400 type=2 device=0
[debug] d_stage 0000000200002400 type=2 device=0
[debug] d_stage 0000000200002400 type=2 device=0
[debug] d_stage 0000000200002400 type=2 device=0
[debug] d_stage 0000000200002400 type=2 device=0
[debug] d_stage 0000000200002400 type=2 device=0
[debug] d_stage 0000000200002400 type=2 device=0
[debug] d_stage 0000000200002400 type=2 device=0
[debug] d_stage 0000000200002400 type=2 device=0
[debug] d_stage 0000000200002400 type=2 device=0
[debug] d_stage 0000000200002400 type=2 device=0
[debug] d_stage 0000000200002400 type=2 device=0
[debug] d_stage 0000000200002400 type=2 device=0
[debug] d_stage 0000000200002400 type=2 device=0
[debug] d_stage 0000000200002400 type=2 device=0
[debug] d_stage 0000000200002400 type=2 device=0
[debug] d_stage 0000000200002400 type=2 device=0
[debug] d_stage 0000000200002400 type=2 device=0
[debug] d_stage 0000000200002400 type=2 device=0
[debug] d_stage 0000000200002400 type=2 device=0
[debug] d_stage 0000000200002400 type=2 device=0
[debug] d_stage 0000000200002400 type=2 device=0
[debug] d_stage 0000000200002400 type=2 device=0
[debug] d_stage 0000000200002400 type=2 device=0
[debug] d_stage 0000000200002400 type=2 device=0
[debug] d_stage 0000000200002400 type=2 device=0
[debug] d_stage 0000000200002400 type=2 device=0
[debug] d_stage 0000000200002400 type=2 device=0
[debug] d_stage 0000000200002400 type=2 device=0
[debug] d_stage 0000000200002400 type=2 device=0
[debug] d_stage 0000000200002400 type=2 device=0
[debug] d_stage 0000000200002400 type=2 device=0
[debug] d_stage 0000000200002400 type=2 device=0
[debug] d_stage 0000000200002400 type=2 device=0
[debug] d_stage 0000000200002400 type=2 device=0
[debug] d_stage 0000000200002400 type=2 device=0
[debug] d_stage 0000000200002400 type=2 device=0
[debug] d_stage 0000000200002400 type=2 device=0
[debug] d_stage 0000000200002400 type=2 device=0
[debug] d_stage 0000000200002400 type=2 device=0
[debug] d_stage 0000000200002400 type=2 device=0
[debug] d_stage 0000000200002400 type=2 device=0
[debug] d_stage 0000000200002400 type=2 device=0
[debug] d_stage 0000000200002400 type=2 device=0
[debug] d_stage 0000000200002400 type=2 device=0
[debug] d_stage 0000000200002400 type=2 device=0
[debug] d_stage 0000000200002400 type=2 device=0
[debug] d_stage 0000000200002400 type=2 device=0
[debug] d_stage 0000000200002400 type=2 device=0
[debug] d_stage 0000000200002400 type=2 device=0
[debug] d_stage 0000000200002400 type=2 device=0
[debug] d_stage 0000000200002400 type=2 device=0
[debug] d_stage 0000000200002400 type=2 device=0
[debug] d_stage 0000000200002400 type=2 device=0
[debug] d_stage 0000000200002400 type=2 device=0
[debug] d_stage 0000000200002400 type=2 device=0
[debug] d_stage 0000000200002400 type=2 device=0
[debug] d_stage 0000000200002400 type=2 device=0
[debug] d_stage 0000000200002400 type=2 device=0
[debug] d_stage 0000000200002400 type=2 device=0
[debug] d_stage 0000000200002400 type=2 device=0
[debug] d_stage 0000000200002400 type=2 device=0
[debug] d_stage 0000000200002400 type=2 device=0
[debug] d_stage 0000000200002400 type=2 device=0
[debug] d_stage 0000000200002400 type=2 device=0
[debug] d_stage 0000000200002400 type=2 device=0
[debug] d_stage 0000000200002400 type=2 device=0
[debug] d_stage 0000000200002400 type=2 device=0
[debug] d_stage 0000000200002400 type=2 device=0
[debug] d_stage 0000000200002400 type=2 device=0
[debug] d_stage 0000000200002400 type=2 device=0
[debug] d_stage 0000000200002400 type=2 device=0
[debug] d_stage 0000000200002400 type=2 device=0
[debug] d_stage 0000000200002400 type=2 device=0
[debug] d_stage 0000000200002400 type=2 device=0
[debug] d_stage 0000000200002400 type=2 device=0
[debug] d_stage 0000000200002400 type=2 device=0
[debug] d_stage 0000000200002400 type=2 device=0
[debug] d_stage 0000000200002400 type=2 device=0
[debug] d_stage 0000000200002400 type=2 device=0
[debug] d_stage 0000000200002400 type=2 device=0
[debug] d_stage 0000000200002400 type=2 device=0
[debug] d_stage 0000000200002400 type=2 device=0
[debug] d_stage 0000000200002400 type=2 device=0
[debug] d_stage 0000000200002400 type=2 device=0
[debug] d_stage 0000000200002400 type=2 device=0
[debug] d_stage 0000000200002400 type=2 device=0
[debug] d_stage 0000000200002400 type=2 device=0
[debug] d_stage 0000000200002400 type=2 device=0
[debug] d_stage 0000000200002400 type=2 device=0
[debug] d_stage 0000000200002400 type=2 device=0
[debug] d_stage 0000000200002400 type=2 device=0
[debug] d_stage 0000000200002400 type=2 device=0
[debug] d_stage 0000000200002400 type=2 device=0
[debug] d_stage 0000000200002400 type=2 device=0
[debug] d_stage 0000000200002400 type=2 device=0
[debug] d_stage 0000000200002400 type=2 device=0
[debug] d_stage 0000000200002400 type=2 device=0
[debug] d_stage 0000000200002400 type=2 device=0
[debug] d_stage 0000000200002400 type=2 device=0
[debug] d_stage 0000000200002400 type=2 device=0
[debug] d_stage 0000000200002400 type=2 device=0
[debug] d_stage 0000000200002400 type=2 device=0
[debug] d_stage 0000000200002400 type=2 device=0
[debug] d_stage 0000000200002400 type=2 device=0
[debug] d_stage 0000000200002400 type=2 device=0
[debug] d_stage 0000000200002400 type=2 device=0
[debug] d_stage 0000000200002400 type=2 device=0
[debug] d_stage 0000000200002400 type=2 device=0
[debug] d_stage 0000000200002400 type=2 device=0
[debug] d_stage 0000000200002400 type=2 device=0
[debug] d_stage 0000000200002400 type=2 device=0
[debug] d_stage 0000000200002400 type=2 device=0
[debug] d_stage 0000000200002400 type=2 device=0
[debug] d_stage 0000000200002400 type=2 device=0
[debug] d_stage 0000000200002400 type=2 device=0
[debug] d_stage 0000000200002400 type=2 device=0
[debug] d_stage 0000000200002400 type=2 device=0
[debug] d_stage 0000000200002400 type=2 device=0
[debug] d_stage 0000000200002400 type=2 device=0
[debug] d_stage 0000000200002400 type=2 device=0
[debug] d_stage 0000000200002400 type=2 device=0
[debug] d_stage 0000000200002400 type=2 device=0
[debug] d_stage 0000000200002400 type=2 device=0
[debug] d_stage 0000000200002400 type=2 device=0
[debug] d_stage 0000000200002400 type=2 device=0
[debug] d_stage 0000000200002400 type=2 device=0
[debug] d_stage 0000000200002400 type=2 device=0
[debug] d_stage 0000000200002400 type=2 device=0
[debug] d_stage 0000000200002400 type=2 device=0
[debug] d_stage 0000000200002400 type=2 device=0
[debug] d_stage 0000000200002400 type=2 device=0
[debug] d_stage 0000000200002400 type=2 device=0
[debug] d_stage 0000000200002400 type=2 device=0
[debug] d_stage 0000000200002400 type=2 device=0
[debug] d_stage 0000000200002400 type=2 device=0
[debug] d_stage 0000000200002400 type=2 device=0
[debug] d_stage 0000000200002400 type=2 device=0
[debug] d_stage 0000000200002400 type=2 device=0
[debug] d_stage 0000000200002400 type=2 device=0
[debug] d_stage 0000000200002400 type=2 device=0
[debug] d_stage 0000000200002400 type=2 device=0
[debug] d_stage 0000000200002400 type=2 device=0
[debug] d_stage 0000000200002400 type=2 device=0
[debug] d_stage 0000000200002400 type=2 device=0
[debug] d_stage 0000000200002400 type=2 device=0
[debug] d_stage 0000000200002400 type=2 device=0
[debug] d_stage 0000000200002400 type=2 device=0
[debug] d_stage 0000000200002400 type=2 device=0
[debug] d_stage 0000000200002400 type=2 device=0
[debug] d_stage 0000000200002400 type=2 device=0
[debug] d_stage 0000000200002400 type=2 device=0
[debug] d_stage 0000000200002400 type=2 device=0
[debug] d_stage 0000000200002400 type=2 device=0
[debug] d_stage 0000000200002400 type=2 device=0
[debug] d_stage 0000000200002400 type=2 device=0
[debug] d_stage 0000000200002400 type=2 device=0
[debug] d_stage 0000000200002400 type=2 device=0
[debug] d_stage 0000000200002400 type=2 device=0
[debug] d_stage 0000000200002400 type=2 device=0
[debug] d_stage 0000000200002400 type=2 device=0
[debug] d_stage 0000000200002400 type=2 device=0
[debug] d_stage 0000000200002400 type=2 device=0
[debug] d_stage 0000000200002400 type=2 device=0
[debug] d_stage 0000000200002400 type=2 device=0
[debug] d_stage 0000000200002400 type=2 device=0
[debug] d_stage 0000000200002400 type=2 device=0
[debug] d_stage 0000000200002400 type=2 device=0
[debug] d_stage 0000000200002400 type=2 device=0
[debug] d_stage 0000000200002400 type=2 device=0
[debug] d_stage 0000000200002400 type=2 device=0
[debug] d_stage 0000000200002400 type=2 device=0
[debug] d_stage 0000000200002400 type=2 device=0
[debug] d_stage 0000000200002400 type=2 device=0
[debug] d_stage 0000000200002400 type=2 device=0
[debug] d_stage 0000000200002400 type=2 device=0
[debug] d_stage 0000000200002400 type=2 device=0
[debug] d_stage 0000000200002400 type=2 device=0
[debug] d_stage 0000000200002400 type=2 device=0
[debug] d_stage 0000000200002400 type=2 device=0
[debug] d_stage 0000000200002400 type=2 device=0
[debug] d_stage 0000000200002400 type=2 device=0
[debug] d_stage 0000000200002400 type=2 device=0
[debug] d_stage 0000000200002400 type=2 device=0
[debug] d_stage 0000000200002400 type=2 device=0
[debug] d_stage 0000000200002400 type=2 device=0
[debug] d_stage 0000000200002400 type=2 device=0
[debug] d_stage 0000000200002400 type=2 device=0
[debug] d_stage 0000000200002400 type=2 device=0
[debug] d_stage 0000000200002400 type=2 device=0
[debug] d_stage 0000000200002400 type=2 device=0
[debug] d_stage 0000000200002400 type=2 device=0
[debug] d_stage 0000000200002400 type=2 device=0
[debug] d_stage 0000000200002400 type=2 device=0
[debug] d_stage 0000000200002400 type=2 device=0
[debug] d_stage 0000000200002400 type=2 device=0
[debug] d_stage 0000000200002400 type=2 device=0
[debug] d_stage 0000000200002400 type=2 device=0
[debug] d_stage 0000000200002400 type=2 device=0
[debug] d_stage 0000000200002400 type=2 device=0
[debug] d_stage 0000000200002400 type=2 device=0
[debug] d_stage 0000000200002400 type=2 device=0
[debug] d_stage 0000000200002400 type=2 device=0
[debug] d_stage 0000000200002400 type=2 device=0
[debug] d_stage 0000000200002400 type=2 device=0
[debug] d_stage 0000000200002400 type=2 device=0
[debug] d_stage 0000000200002400 type=2 device=0
[debug] d_stage 0000000200002400 type=2 device=0
[debug] d_stage 0000000200002400 type=2 device=0
[debug] d_stage 0000000200002400 type=2 device=0
[debug] d_stage 0000000200002400 type=2 device=0
[debug] d_stage 0000000200002400 type=2 device=0
[server] stop requested
[       OK ] PhysicsTest.TST_UNT_PHYS_011_CalibrationThreeBodyPresetStaysFiniteAndCentered (8002 ms)
[ RUN      ] PhysicsTest.TST_UNT_PHYS_012_CalibrationPlummerPresetProducesBoundCluster
[server] start particles=96 dt=0.001
[server] init rebuild mode=plummer_sphere active_source=generated particles=96
[debug] d_stage 0000000200002400 type=2 device=0
[server] generated initial state mode=plummer_sphere particles=96
[server] active solver=octree_cpu integrator=euler perf=interactive theta=1.2 softening=2.5 sph=off substep_target_dt=0.01 max_substeps=4 snapshot_publish_ms=50
[debug] d_stage 0000000200002400 type=2 device=0
[debug] d_stage 0000000200002400 type=2 device=0
[debug] d_stage 0000000200002400 type=2 device=0
[debug] d_stage 0000000200002400 type=2 device=0
[debug] d_stage 0000000200002400 type=2 device=0
[debug] d_stage 0000000200002400 type=2 device=0
[debug] d_stage 0000000200002400 type=2 device=0
[debug] d_stage 0000000200002400 type=2 device=0
[debug] d_stage 0000000200002400 type=2 device=0
[debug] d_stage 0000000200002400 type=2 device=0
[debug] d_stage 0000000200002400 type=2 device=0
[debug] d_stage 0000000200002400 type=2 device=0
[debug] d_stage 0000000200002400 type=2 device=0
[debug] d_stage 0000000200002400 type=2 device=0
[debug] d_stage 0000000200002400 type=2 device=0
[debug] d_stage 0000000200002400 type=2 device=0
[debug] d_stage 0000000200002400 type=2 device=0
[debug] d_stage 0000000200002400 type=2 device=0
[debug] d_stage 0000000200002400 type=2 device=0
[debug] d_stage 0000000200002400 type=2 device=0
[debug] d_stage 0000000200002400 type=2 device=0
[debug] d_stage 0000000200002400 type=2 device=0
[debug] d_stage 0000000200002400 type=2 device=0
[debug] d_stage 0000000200002400 type=2 device=0
[debug] d_stage 0000000200002400 type=2 device=0
[debug] d_stage 0000000200002400 type=2 device=0
[debug] d_stage 0000000200002400 type=2 device=0
[debug] d_stage 0000000200002400 type=2 device=0
[debug] d_stage 0000000200002400 type=2 device=0
[debug] d_stage 0000000200002400 type=2 device=0
[debug] d_stage 0000000200002400 type=2 device=0
[debug] d_stage 0000000200002400 type=2 device=0
[debug] d_stage 0000000200002400 type=2 device=0
[debug] d_stage 0000000200002400 type=2 device=0
[debug] d_stage 0000000200002400 type=2 device=0
[debug] d_stage 0000000200002400 type=2 device=0
[debug] d_stage 0000000200002400 type=2 device=0
[debug] d_stage 0000000200002400 type=2 device=0
[debug] d_stage 0000000200002400 type=2 device=0
[debug] d_stage 0000000200002400 type=2 device=0
[debug] d_stage 0000000200002400 type=2 device=0
[debug] d_stage 0000000200002400 type=2 device=0
[debug] d_stage 0000000200002400 type=2 device=0
[debug] d_stage 0000000200002400 type=2 device=0
[debug] d_stage 0000000200002400 type=2 device=0
[debug] d_stage 0000000200002400 type=2 device=0
[debug] d_stage 0000000200002400 type=2 device=0
[debug] d_stage 0000000200002400 type=2 device=0
[debug] d_stage 0000000200002400 type=2 device=0
[debug] d_stage 0000000200002400 type=2 device=0
[debug] d_stage 0000000200002400 type=2 device=0
[debug] d_stage 0000000200002400 type=2 device=0
[debug] d_stage 0000000200002400 type=2 device=0
[debug] d_stage 0000000200002400 type=2 device=0
[debug] d_stage 0000000200002400 type=2 device=0
[debug] d_stage 0000000200002400 type=2 device=0
[debug] d_stage 0000000200002400 type=2 device=0
[debug] d_stage 0000000200002400 type=2 device=0
[debug] d_stage 0000000200002400 type=2 device=0
[debug] d_stage 0000000200002400 type=2 device=0
[debug] d_stage 0000000200002400 type=2 device=0
[debug] d_stage 0000000200002400 type=2 device=0
[debug] d_stage 0000000200002400 type=2 device=0
[debug] d_stage 0000000200002400 type=2 device=0
[debug] d_stage 0000000200002400 type=2 device=0
[debug] d_stage 0000000200002400 type=2 device=0
[debug] d_stage 0000000200002400 type=2 device=0
[debug] d_stage 0000000200002400 type=2 device=0
[debug] d_stage 0000000200002400 type=2 device=0
[debug] d_stage 0000000200002400 type=2 device=0
[debug] d_stage 0000000200002400 type=2 device=0
[debug] d_stage 0000000200002400 type=2 device=0
[debug] d_stage 0000000200002400 type=2 device=0
[debug] d_stage 0000000200002400 type=2 device=0
[debug] d_stage 0000000200002400 type=2 device=0
[debug] d_stage 0000000200002400 type=2 device=0
[debug] d_stage 0000000200002400 type=2 device=0
[debug] d_stage 0000000200002400 type=2 device=0
[debug] d_stage 0000000200002400 type=2 device=0
[debug] d_stage 0000000200002400 type=2 device=0
[server] stop requested
[       OK ] PhysicsTest.TST_UNT_PHYS_012_CalibrationPlummerPresetProducesBoundCluster (1809 ms)
[ RUN      ] PhysicsTest.TST_UNT_PHYS_001_AttractionDistance
[server] start particles=2 dt=0.002
[server] init rebuild mode=file active_source=file input_file=C:\Users\luisf\EpitechPromo2027\CUDA-GRAVITY-SIMULATION-restored\tests\data\two_body_rest.xyz input_format=xyz particles=2
[debug] d_stage 0000000200002400 type=2 device=0
[server] loaded initial state from C:\Users\luisf\EpitechPromo2027\CUDA-GRAVITY-SIMULATION-restored\tests\data\two_body_rest.xyz particles=2
[server] active solver=octree_cpu integrator=rk4 perf=interactive theta=1.2 softening=2.5 sph=off substep_target_dt=0.01 max_substeps=4 snapshot_publish_ms=50
[debug] d_stage 0000000200002400 type=2 device=0
[debug] d_stage 0000000200002400 type=2 device=0
[debug] d_stage 0000000200002400 type=2 device=0
[debug] d_stage 0000000200002400 type=2 device=0
[debug] d_stage 0000000200002400 type=2 device=0
[debug] d_stage 0000000200002400 type=2 device=0
[debug] d_stage 0000000200002400 type=2 device=0
[debug] d_stage 0000000200002400 type=2 device=0
[debug] d_stage 0000000200002400 type=2 device=0
[debug] d_stage 0000000200002400 type=2 device=0
[debug] d_stage 0000000200002400 type=2 device=0
[debug] d_stage 0000000200002400 type=2 device=0
[debug] d_stage 0000000200002400 type=2 device=0
[debug] d_stage 0000000200002400 type=2 device=0
[debug] d_stage 0000000200002400 type=2 device=0
[debug] d_stage 0000000200002400 type=2 device=0
[debug] d_stage 0000000200002400 type=2 device=0
[debug] d_stage 0000000200002400 type=2 device=0
[debug] d_stage 0000000200002400 type=2 device=0
[debug] d_stage 0000000200002400 type=2 device=0
[debug] d_stage 0000000200002400 type=2 device=0
[debug] d_stage 0000000200002400 type=2 device=0
[debug] d_stage 0000000200002400 type=2 device=0
[debug] d_stage 0000000200002400 type=2 device=0
[debug] d_stage 0000000200002400 type=2 device=0
[debug] d_stage 0000000200002400 type=2 device=0
[debug] d_stage 0000000200002400 type=2 device=0
[debug] d_stage 0000000200002400 type=2 device=0
[debug] d_stage 0000000200002400 type=2 device=0
[debug] d_stage 0000000200002400 type=2 device=0
[debug] d_stage 0000000200002400 type=2 device=0
[debug] d_stage 0000000200002400 type=2 device=0
[debug] d_stage 0000000200002400 type=2 device=0
[debug] d_stage 0000000200002400 type=2 device=0
[debug] d_stage 0000000200002400 type=2 device=0
[debug] d_stage 0000000200002400 type=2 device=0
[debug] d_stage 0000000200002400 type=2 device=0
[debug] d_stage 0000000200002400 type=2 device=0
[debug] d_stage 0000000200002400 type=2 device=0
[debug] d_stage 0000000200002400 type=2 device=0
[debug] d_stage 0000000200002400 type=2 device=0
[debug] d_stage 0000000200002400 type=2 device=0
[debug] d_stage 0000000200002400 type=2 device=0
[debug] d_stage 0000000200002400 type=2 device=0
[debug] d_stage 0000000200002400 type=2 device=0
[debug] d_stage 0000000200002400 type=2 device=0
[debug] d_stage 0000000200002400 type=2 device=0
[debug] d_stage 0000000200002400 type=2 device=0
[debug] d_stage 0000000200002400 type=2 device=0
[debug] d_stage 0000000200002400 type=2 device=0
[debug] d_stage 0000000200002400 type=2 device=0
[debug] d_stage 0000000200002400 type=2 device=0
[debug] d_stage 0000000200002400 type=2 device=0
[debug] d_stage 0000000200002400 type=2 device=0
[debug] d_stage 0000000200002400 type=2 device=0
[debug] d_stage 0000000200002400 type=2 device=0
[debug] d_stage 0000000200002400 type=2 device=0
[debug] d_stage 0000000200002400 type=2 device=0
[debug] d_stage 0000000200002400 type=2 device=0
[debug] d_stage 0000000200002400 type=2 device=0
[debug] d_stage 0000000200002400 type=2 device=0
[debug] d_stage 0000000200002400 type=2 device=0
[debug] d_stage 0000000200002400 type=2 device=0
[debug] d_stage 0000000200002400 type=2 device=0
[debug] d_stage 0000000200002400 type=2 device=0
[debug] d_stage 0000000200002400 type=2 device=0
[debug] d_stage 0000000200002400 type=2 device=0
[debug] d_stage 0000000200002400 type=2 device=0
[debug] d_stage 0000000200002400 type=2 device=0
[debug] d_stage 0000000200002400 type=2 device=0
[debug] d_stage 0000000200002400 type=2 device=0
[debug] d_stage 0000000200002400 type=2 device=0
[debug] d_stage 0000000200002400 type=2 device=0
[debug] d_stage 0000000200002400 type=2 device=0
[debug] d_stage 0000000200002400 type=2 device=0
[debug] d_stage 0000000200002400 type=2 device=0
[debug] d_stage 0000000200002400 type=2 device=0
[debug] d_stage 0000000200002400 type=2 device=0
[debug] d_stage 0000000200002400 type=2 device=0
[debug] d_stage 0000000200002400 type=2 device=0
[debug] d_stage 0000000200002400 type=2 device=0
[debug] d_stage 0000000200002400 type=2 device=0
[debug] d_stage 0000000200002400 type=2 device=0
[debug] d_stage 0000000200002400 type=2 device=0
[debug] d_stage 0000000200002400 type=2 device=0
[debug] d_stage 0000000200002400 type=2 device=0
[debug] d_stage 0000000200002400 type=2 device=0
[debug] d_stage 0000000200002400 type=2 device=0
[debug] d_stage 0000000200002400 type=2 device=0
[debug] d_stage 0000000200002400 type=2 device=0
[debug] d_stage 0000000200002400 type=2 device=0
[debug] d_stage 0000000200002400 type=2 device=0
[debug] d_stage 0000000200002400 type=2 device=0
[debug] d_stage 0000000200002400 type=2 device=0
[debug] d_stage 0000000200002400 type=2 device=0
[debug] d_stage 0000000200002400 type=2 device=0
[debug] d_stage 0000000200002400 type=2 device=0
[debug] d_stage 0000000200002400 type=2 device=0
[debug] d_stage 0000000200002400 type=2 device=0
[debug] d_stage 0000000200002400 type=2 device=0
[debug] d_stage 0000000200002400 type=2 device=0
[debug] d_stage 0000000200002400 type=2 device=0
[debug] d_stage 0000000200002400 type=2 device=0
[debug] d_stage 0000000200002400 type=2 device=0
[debug] d_stage 0000000200002400 type=2 device=0
[debug] d_stage 0000000200002400 type=2 device=0
[debug] d_stage 0000000200002400 type=2 device=0
[debug] d_stage 0000000200002400 type=2 device=0
[debug] d_stage 0000000200002400 type=2 device=0
[debug] d_stage 0000000200002400 type=2 device=0
[debug] d_stage 0000000200002400 type=2 device=0
[debug] d_stage 0000000200002400 type=2 device=0
[debug] d_stage 0000000200002400 type=2 device=0
[debug] d_stage 0000000200002400 type=2 device=0
[debug] d_stage 0000000200002400 type=2 device=0
[debug] d_stage 0000000200002400 type=2 device=0
[debug] d_stage 0000000200002400 type=2 device=0
[debug] d_stage 0000000200002400 type=2 device=0
[debug] d_stage 0000000200002400 type=2 device=0
[debug] d_stage 0000000200002400 type=2 device=0
[debug] d_stage 0000000200002400 type=2 device=0
[debug] d_stage 0000000200002400 type=2 device=0
[debug] d_stage 0000000200002400 type=2 device=0
[debug] d_stage 0000000200002400 type=2 device=0
[debug] d_stage 0000000200002400 type=2 device=0
[debug] d_stage 0000000200002400 type=2 device=0
[debug] d_stage 0000000200002400 type=2 device=0
[debug] d_stage 0000000200002400 type=2 device=0
[debug] d_stage 0000000200002400 type=2 device=0
[debug] d_stage 0000000200002400 type=2 device=0
[debug] d_stage 0000000200002400 type=2 device=0
[debug] d_stage 0000000200002400 type=2 device=0
[debug] d_stage 0000000200002400 type=2 device=0
[debug] d_stage 0000000200002400 type=2 device=0
[debug] d_stage 0000000200002400 type=2 device=0
[debug] d_stage 0000000200002400 type=2 device=0
[debug] d_stage 0000000200002400 type=2 device=0
[debug] d_stage 0000000200002400 type=2 device=0
[debug] d_stage 0000000200002400 type=2 device=0
[debug] d_stage 0000000200002400 type=2 device=0
[debug] d_stage 0000000200002400 type=2 device=0
[debug] d_stage 0000000200002400 type=2 device=0
[debug] d_stage 0000000200002400 type=2 device=0
[debug] d_stage 0000000200002400 type=2 device=0
[debug] d_stage 0000000200002400 type=2 device=0
[debug] d_stage 0000000200002400 type=2 device=0
[debug] d_stage 0000000200002400 type=2 device=0
[debug] d_stage 0000000200002400 type=2 device=0
[debug] d_stage 0000000200002400 type=2 device=0
[debug] d_stage 0000000200002400 type=2 device=0
[debug] d_stage 0000000200002400 type=2 device=0
[debug] d_stage 0000000200002400 type=2 device=0
[debug] d_stage 0000000200002400 type=2 device=0
[debug] d_stage 0000000200002400 type=2 device=0
[debug] d_stage 0000000200002400 type=2 device=0
[debug] d_stage 0000000200002400 type=2 device=0
[debug] d_stage 0000000200002400 type=2 device=0
[debug] d_stage 0000000200002400 type=2 device=0
[debug] d_stage 0000000200002400 type=2 device=0
[debug] d_stage 0000000200002400 type=2 device=0
[debug] d_stage 0000000200002400 type=2 device=0
[debug] d_stage 0000000200002400 type=2 device=0
[debug] d_stage 0000000200002400 type=2 device=0
[debug] d_stage 0000000200002400 type=2 device=0
[debug] d_stage 0000000200002400 type=2 device=0
[debug] d_stage 0000000200002400 type=2 device=0
[debug] d_stage 0000000200002400 type=2 device=0
[debug] d_stage 0000000200002400 type=2 device=0
[debug] d_stage 0000000200002400 type=2 device=0
[debug] d_stage 0000000200002400 type=2 device=0
[debug] d_stage 0000000200002400 type=2 device=0
[debug] d_stage 0000000200002400 type=2 device=0
[debug] d_stage 0000000200002400 type=2 device=0
[debug] d_stage 0000000200002400 type=2 device=0
[debug] d_stage 0000000200002400 type=2 device=0
[debug] d_stage 0000000200002400 type=2 device=0
[debug] d_stage 0000000200002400 type=2 device=0
[debug] d_stage 0000000200002400 type=2 device=0
[debug] d_stage 0000000200002400 type=2 device=0
[debug] d_stage 0000000200002400 type=2 device=0
[debug] d_stage 0000000200002400 type=2 device=0
[debug] d_stage 0000000200002400 type=2 device=0
[debug] d_stage 0000000200002400 type=2 device=0
[debug] d_stage 0000000200002400 type=2 device=0
[debug] d_stage 0000000200002400 type=2 device=0
[debug] d_stage 0000000200002400 type=2 device=0
[debug] d_stage 0000000200002400 type=2 device=0
[debug] d_stage 0000000200002400 type=2 device=0
[debug] d_stage 0000000200002400 type=2 device=0
[debug] d_stage 0000000200002400 type=2 device=0
[debug] d_stage 0000000200002400 type=2 device=0
[debug] d_stage 0000000200002400 type=2 device=0
[debug] d_stage 0000000200002400 type=2 device=0
[debug] d_stage 0000000200002400 type=2 device=0
[debug] d_stage 0000000200002400 type=2 device=0
[debug] d_stage 0000000200002400 type=2 device=0
[debug] d_stage 0000000200002400 type=2 device=0
[debug] d_stage 0000000200002400 type=2 device=0
[debug] d_stage 0000000200002400 type=2 device=0
[debug] d_stage 0000000200002400 type=2 device=0
[debug] d_stage 0000000200002400 type=2 device=0
[debug] d_stage 0000000200002400 type=2 device=0
[debug] d_stage 0000000200002400 type=2 device=0
[debug] d_stage 0000000200002400 type=2 device=0
[debug] d_stage 0000000200002400 type=2 device=0
[debug] d_stage 0000000200002400 type=2 device=0
[debug] d_stage 0000000200002400 type=2 device=0
[debug] d_stage 0000000200002400 type=2 device=0
[debug] d_stage 0000000200002400 type=2 device=0
[debug] d_stage 0000000200002400 type=2 device=0
[debug] d_stage 0000000200002400 type=2 device=0
[debug] d_stage 0000000200002400 type=2 device=0
[debug] d_stage 0000000200002400 type=2 device=0
[debug] d_stage 0000000200002400 type=2 device=0
[debug] d_stage 0000000200002400 type=2 device=0
[debug] d_stage 0000000200002400 type=2 device=0
[debug] d_stage 0000000200002400 type=2 device=0
[debug] d_stage 0000000200002400 type=2 device=0
[debug] d_stage 0000000200002400 type=2 device=0
[debug] d_stage 0000000200002400 type=2 device=0
[debug] d_stage 0000000200002400 type=2 device=0
[debug] d_stage 0000000200002400 type=2 device=0
[debug] d_stage 0000000200002400 type=2 device=0
[debug] d_stage 0000000200002400 type=2 device=0
[debug] d_stage 0000000200002400 type=2 device=0
[debug] d_stage 0000000200002400 type=2 device=0
[debug] d_stage 0000000200002400 type=2 device=0
[debug] d_stage 0000000200002400 type=2 device=0
[debug] d_stage 0000000200002400 type=2 device=0
[debug] d_stage 0000000200002400 type=2 device=0
[debug] d_stage 0000000200002400 type=2 device=0
[debug] d_stage 0000000200002400 type=2 device=0
[debug] d_stage 0000000200002400 type=2 device=0
[debug] d_stage 0000000200002400 type=2 device=0
[debug] d_stage 0000000200002400 type=2 device=0
[debug] d_stage 0000000200002400 type=2 device=0
[debug] d_stage 0000000200002400 type=2 device=0
[debug] d_stage 0000000200002400 type=2 device=0
[debug] d_stage 0000000200002400 type=2 device=0
[debug] d_stage 0000000200002400 type=2 device=0
[debug] d_stage 0000000200002400 type=2 device=0
[debug] d_stage 0000000200002400 type=2 device=0
[debug] d_stage 0000000200002400 type=2 device=0
[debug] d_stage 0000000200002400 type=2 device=0
[debug] d_stage 0000000200002400 type=2 device=0
[debug] d_stage 0000000200002400 type=2 device=0
[debug] d_stage 0000000200002400 type=2 device=0
[debug] d_stage 0000000200002400 type=2 device=0
[debug] d_stage 0000000200002400 type=2 device=0
[debug] d_stage 0000000200002400 type=2 device=0
[debug] d_stage 0000000200002400 type=2 device=0
[debug] d_stage 0000000200002400 type=2 device=0
[debug] d_stage 0000000200002400 type=2 device=0
[debug] d_stage 0000000200002400 type=2 device=0
[debug] d_stage 0000000200002400 type=2 device=0
[debug] d_stage 0000000200002400 type=2 device=0
[debug] d_stage 0000000200002400 type=2 device=0
[debug] d_stage 0000000200002400 type=2 device=0
[debug] d_stage 0000000200002400 type=2 device=0
[debug] d_stage 0000000200002400 type=2 device=0
[debug] d_stage 0000000200002400 type=2 device=0
[debug] d_stage 0000000200002400 type=2 device=0
[debug] d_stage 0000000200002400 type=2 device=0
[debug] d_stage 0000000200002400 type=2 device=0
[debug] d_stage 0000000200002400 type=2 device=0
[debug] d_stage 0000000200002400 type=2 device=0
[debug] d_stage 0000000200002400 type=2 device=0
[debug] d_stage 0000000200002400 type=2 device=0
[debug] d_stage 0000000200002400 type=2 device=0
[debug] d_stage 0000000200002400 type=2 device=0
[debug] d_stage 0000000200002400 type=2 device=0
[debug] d_stage 0000000200002400 type=2 device=0
[debug] d_stage 0000000200002400 type=2 device=0
[debug] d_stage 0000000200002400 type=2 device=0
[debug] d_stage 0000000200002400 type=2 device=0
[debug] d_stage 0000000200002400 type=2 device=0
[debug] d_stage 0000000200002400 type=2 device=0
[debug] d_stage 0000000200002400 type=2 device=0
[debug] d_stage 0000000200002400 type=2 device=0
[debug] d_stage 0000000200002400 type=2 device=0
[debug] d_stage 0000000200002400 type=2 device=0
[debug] d_stage 0000000200002400 type=2 device=0
[debug] d_stage 0000000200002400 type=2 device=0
[debug] d_stage 0000000200002400 type=2 device=0
[debug] d_stage 0000000200002400 type=2 device=0
[debug] d_stage 0000000200002400 type=2 device=0
[debug] d_stage 0000000200002400 type=2 device=0
[debug] d_stage 0000000200002400 type=2 device=0
[debug] d_stage 0000000200002400 type=2 device=0
[debug] d_stage 0000000200002400 type=2 device=0
[debug] d_stage 0000000200002400 type=2 device=0
[debug] d_stage 0000000200002400 type=2 device=0
[debug] d_stage 0000000200002400 type=2 device=0
[debug] d_stage 0000000200002400 type=2 device=0
[debug] d_stage 0000000200002400 type=2 device=0
[debug] d_stage 0000000200002400 type=2 device=0
[debug] d_stage 0000000200002400 type=2 device=0
[debug] d_stage 0000000200002400 type=2 device=0
[debug] d_stage 0000000200002400 type=2 device=0
[debug] d_stage 0000000200002400 type=2 device=0
[debug] d_stage 0000000200002400 type=2 device=0
[debug] d_stage 0000000200002400 type=2 device=0
[debug] d_stage 0000000200002400 type=2 device=0
[debug] d_stage 0000000200002400 type=2 device=0
[debug] d_stage 0000000200002400 type=2 device=0
[debug] d_stage 0000000200002400 type=2 device=0
[debug] d_stage 0000000200002400 type=2 device=0
[debug] d_stage 0000000200002400 type=2 device=0
[debug] d_stage 0000000200002400 type=2 device=0
[debug] d_stage 0000000200002400 type=2 device=0
[debug] d_stage 0000000200002400 type=2 device=0
[debug] d_stage 0000000200002400 type=2 device=0
[debug] d_stage 0000000200002400 type=2 device=0
[debug] d_stage 0000000200002400 type=2 device=0
[debug] d_stage 0000000200002400 type=2 device=0
[debug] d_stage 0000000200002400 type=2 device=0
[debug] d_stage 0000000200002400 type=2 device=0
[debug] d_stage 0000000200002400 type=2 device=0
[debug] d_stage 0000000200002400 type=2 device=0
[debug] d_stage 0000000200002400 type=2 device=0
[debug] d_stage 0000000200002400 type=2 device=0
[debug] d_stage 0000000200002400 type=2 device=0
[debug] d_stage 0000000200002400 type=2 device=0
[debug] d_stage 0000000200002400 type=2 device=0
[debug] d_stage 0000000200002400 type=2 device=0
[debug] d_stage 0000000200002400 type=2 device=0
[debug] d_stage 0000000200002400 type=2 device=0
[debug] d_stage 0000000200002400 type=2 device=0
[debug] d_stage 0000000200002400 type=2 device=0
[debug] d_stage 0000000200002400 type=2 device=0
[debug] d_stage 0000000200002400 type=2 device=0
[debug] d_stage 0000000200002400 type=2 device=0
[debug] d_stage 0000000200002400 type=2 device=0
[debug] d_stage 0000000200002400 type=2 device=0
[debug] d_stage 0000000200002400 type=2 device=0
[debug] d_stage 0000000200002400 type=2 device=0
[debug] d_stage 0000000200002400 type=2 device=0
[debug] d_stage 0000000200002400 type=2 device=0
[debug] d_stage 0000000200002400 type=2 device=0
[debug] d_stage 0000000200002400 type=2 device=0
[debug] d_stage 0000000200002400 type=2 device=0
[debug] d_stage 0000000200002400 type=2 device=0
[debug] d_stage 0000000200002400 type=2 device=0
[debug] d_stage 0000000200002400 type=2 device=0
[debug] d_stage 0000000200002400 type=2 device=0
[debug] d_stage 0000000200002400 type=2 device=0
[debug] d_stage 0000000200002400 type=2 device=0
[debug] d_stage 0000000200002400 type=2 device=0
[debug] d_stage 0000000200002400 type=2 device=0
[debug] d_stage 0000000200002400 type=2 device=0
[debug] d_stage 0000000200002400 type=2 device=0
[debug] d_stage 0000000200002400 type=2 device=0
[debug] d_stage 0000000200002400 type=2 device=0
[debug] d_stage 0000000200002400 type=2 device=0
[debug] d_stage 0000000200002400 type=2 device=0
[debug] d_stage 0000000200002400 type=2 device=0
[debug] d_stage 0000000200002400 type=2 device=0
[debug] d_stage 0000000200002400 type=2 device=0
[debug] d_stage 0000000200002400 type=2 device=0
[debug] d_stage 0000000200002400 type=2 device=0
[debug] d_stage 0000000200002400 type=2 device=0
[debug] d_stage 0000000200002400 type=2 device=0
[debug] d_stage 0000000200002400 type=2 device=0
[debug] d_stage 0000000200002400 type=2 device=0
[debug] d_stage 0000000200002400 type=2 device=0
[debug] d_stage 0000000200002400 type=2 device=0
[debug] d_stage 0000000200002400 type=2 device=0
[debug] d_stage 0000000200002400 type=2 device=0
[debug] d_stage 0000000200002400 type=2 device=0
[debug] d_stage 0000000200002400 type=2 device=0
[debug] d_stage 0000000200002400 type=2 device=0
[debug] d_stage 0000000200002400 type=2 device=0
[debug] d_stage 0000000200002400 type=2 device=0
[debug] d_stage 0000000200002400 type=2 device=0
[debug] d_stage 0000000200002400 type=2 device=0
[debug] d_stage 0000000200002400 type=2 device=0
[debug] d_stage 0000000200002400 type=2 device=0
[debug] d_stage 0000000200002400 type=2 device=0
[debug] d_stage 0000000200002400 type=2 device=0
[debug] d_stage 0000000200002400 type=2 device=0
[debug] d_stage 0000000200002400 type=2 device=0
[debug] d_stage 0000000200002400 type=2 device=0
[debug] d_stage 0000000200002400 type=2 device=0
[debug] d_stage 0000000200002400 type=2 device=0
[debug] d_stage 0000000200002400 type=2 device=0
[debug] d_stage 0000000200002400 type=2 device=0
[debug] d_stage 0000000200002400 type=2 device=0
[debug] d_stage 0000000200002400 type=2 device=0
[debug] d_stage 0000000200002400 type=2 device=0
[debug] d_stage 0000000200002400 type=2 device=0
[debug] d_stage 0000000200002400 type=2 device=0
[debug] d_stage 0000000200002400 type=2 device=0
[debug] d_stage 0000000200002400 type=2 device=0
[debug] d_stage 0000000200002400 type=2 device=0
[debug] d_stage 0000000200002400 type=2 device=0
[debug] d_stage 0000000200002400 type=2 device=0
[debug] d_stage 0000000200002400 type=2 device=0
[debug] d_stage 0000000200002400 type=2 device=0
[debug] d_stage 0000000200002400 type=2 device=0
[debug] d_stage 0000000200002400 type=2 device=0
[server] stop requested
[       OK ] PhysicsTest.TST_UNT_PHYS_001_AttractionDistance (10459 ms)
[ RUN      ] PhysicsTest.TST_UNT_PHYS_003_CenterOfMassDrift
[server] start particles=2 dt=0.002
[server] init rebuild mode=file active_source=file input_file=C:\Users\luisf\EpitechPromo2027\CUDA-GRAVITY-SIMULATION-restored\tests\data\two_body_rest.xyz input_format=xyz particles=2
[debug] d_stage 0000000200002400 type=2 device=0
[server] loaded initial state from C:\Users\luisf\EpitechPromo2027\CUDA-GRAVITY-SIMULATION-restored\tests\data\two_body_rest.xyz particles=2
[server] active solver=octree_cpu integrator=rk4 perf=interactive theta=1.2 softening=2.5 sph=off substep_target_dt=0.01 max_substeps=4 snapshot_publish_ms=50
[debug] d_stage 0000000200002400 type=2 device=0
[debug] d_stage 0000000200002400 type=2 device=0
[debug] d_stage 0000000200002400 type=2 device=0
[debug] d_stage 0000000200002400 type=2 device=0
[debug] d_stage 0000000200002400 type=2 device=0
[debug] d_stage 0000000200002400 type=2 device=0
[debug] d_stage 0000000200002400 type=2 device=0
[debug] d_stage 0000000200002400 type=2 device=0
[debug] d_stage 0000000200002400 type=2 device=0
[debug] d_stage 0000000200002400 type=2 device=0
[debug] d_stage 0000000200002400 type=2 device=0
[debug] d_stage 0000000200002400 type=2 device=0
[debug] d_stage 0000000200002400 type=2 device=0
[debug] d_stage 0000000200002400 type=2 device=0
[debug] d_stage 0000000200002400 type=2 device=0
[debug] d_stage 0000000200002400 type=2 device=0
[debug] d_stage 0000000200002400 type=2 device=0
[debug] d_stage 0000000200002400 type=2 device=0
[debug] d_stage 0000000200002400 type=2 device=0
[debug] d_stage 0000000200002400 type=2 device=0
[debug] d_stage 0000000200002400 type=2 device=0
[debug] d_stage 0000000200002400 type=2 device=0
[debug] d_stage 0000000200002400 type=2 device=0
[debug] d_stage 0000000200002400 type=2 device=0
[debug] d_stage 0000000200002400 type=2 device=0
[debug] d_stage 0000000200002400 type=2 device=0
[debug] d_stage 0000000200002400 type=2 device=0
[debug] d_stage 0000000200002400 type=2 device=0
[debug] d_stage 0000000200002400 type=2 device=0
[debug] d_stage 0000000200002400 type=2 device=0
[debug] d_stage 0000000200002400 type=2 device=0
[debug] d_stage 0000000200002400 type=2 device=0
[debug] d_stage 0000000200002400 type=2 device=0
[debug] d_stage 0000000200002400 type=2 device=0
[debug] d_stage 0000000200002400 type=2 device=0
[debug] d_stage 0000000200002400 type=2 device=0
[debug] d_stage 0000000200002400 type=2 device=0
[debug] d_stage 0000000200002400 type=2 device=0
[debug] d_stage 0000000200002400 type=2 device=0
[debug] d_stage 0000000200002400 type=2 device=0
[debug] d_stage 0000000200002400 type=2 device=0
[debug] d_stage 0000000200002400 type=2 device=0
[debug] d_stage 0000000200002400 type=2 device=0
[debug] d_stage 0000000200002400 type=2 device=0
[debug] d_stage 0000000200002400 type=2 device=0
[debug] d_stage 0000000200002400 type=2 device=0
[debug] d_stage 0000000200002400 type=2 device=0
[debug] d_stage 0000000200002400 type=2 device=0
[debug] d_stage 0000000200002400 type=2 device=0
[debug] d_stage 0000000200002400 type=2 device=0
[debug] d_stage 0000000200002400 type=2 device=0
[debug] d_stage 0000000200002400 type=2 device=0
[debug] d_stage 0000000200002400 type=2 device=0
[debug] d_stage 0000000200002400 type=2 device=0
[debug] d_stage 0000000200002400 type=2 device=0
[debug] d_stage 0000000200002400 type=2 device=0
[debug] d_stage 0000000200002400 type=2 device=0
[debug] d_stage 0000000200002400 type=2 device=0
[debug] d_stage 0000000200002400 type=2 device=0
[debug] d_stage 0000000200002400 type=2 device=0
[debug] d_stage 0000000200002400 type=2 device=0
[debug] d_stage 0000000200002400 type=2 device=0
[debug] d_stage 0000000200002400 type=2 device=0
[debug] d_stage 0000000200002400 type=2 device=0
[debug] d_stage 0000000200002400 type=2 device=0
[debug] d_stage 0000000200002400 type=2 device=0
[debug] d_stage 0000000200002400 type=2 device=0
[debug] d_stage 0000000200002400 type=2 device=0
[debug] d_stage 0000000200002400 type=2 device=0
[debug] d_stage 0000000200002400 type=2 device=0
[debug] d_stage 0000000200002400 type=2 device=0
[debug] d_stage 0000000200002400 type=2 device=0
[debug] d_stage 0000000200002400 type=2 device=0
[debug] d_stage 0000000200002400 type=2 device=0
[debug] d_stage 0000000200002400 type=2 device=0
[debug] d_stage 0000000200002400 type=2 device=0
[debug] d_stage 0000000200002400 type=2 device=0
[debug] d_stage 0000000200002400 type=2 device=0
[debug] d_stage 0000000200002400 type=2 device=0
[debug] d_stage 0000000200002400 type=2 device=0
[debug] d_stage 0000000200002400 type=2 device=0
[debug] d_stage 0000000200002400 type=2 device=0
[debug] d_stage 0000000200002400 type=2 device=0
[debug] d_stage 0000000200002400 type=2 device=0
[debug] d_stage 0000000200002400 type=2 device=0
[debug] d_stage 0000000200002400 type=2 device=0
[debug] d_stage 0000000200002400 type=2 device=0
[debug] d_stage 0000000200002400 type=2 device=0
[debug] d_stage 0000000200002400 type=2 device=0
[debug] d_stage 0000000200002400 type=2 device=0
[debug] d_stage 0000000200002400 type=2 device=0
[debug] d_stage 0000000200002400 type=2 device=0
[debug] d_stage 0000000200002400 type=2 device=0
[debug] d_stage 0000000200002400 type=2 device=0
[debug] d_stage 0000000200002400 type=2 device=0
[debug] d_stage 0000000200002400 type=2 device=0
[debug] d_stage 0000000200002400 type=2 device=0
[debug] d_stage 0000000200002400 type=2 device=0
[debug] d_stage 0000000200002400 type=2 device=0
[debug] d_stage 0000000200002400 type=2 device=0
[debug] d_stage 0000000200002400 type=2 device=0
[debug] d_stage 0000000200002400 type=2 device=0
[debug] d_stage 0000000200002400 type=2 device=0
[debug] d_stage 0000000200002400 type=2 device=0
[debug] d_stage 0000000200002400 type=2 device=0
[debug] d_stage 0000000200002400 type=2 device=0
[debug] d_stage 0000000200002400 type=2 device=0
[debug] d_stage 0000000200002400 type=2 device=0
[debug] d_stage 0000000200002400 type=2 device=0
[debug] d_stage 0000000200002400 type=2 device=0
[debug] d_stage 0000000200002400 type=2 device=0
[debug] d_stage 0000000200002400 type=2 device=0
[debug] d_stage 0000000200002400 type=2 device=0
[debug] d_stage 0000000200002400 type=2 device=0
[debug] d_stage 0000000200002400 type=2 device=0
[debug] d_stage 0000000200002400 type=2 device=0
[debug] d_stage 0000000200002400 type=2 device=0
[debug] d_stage 0000000200002400 type=2 device=0
[debug] d_stage 0000000200002400 type=2 device=0
[debug] d_stage 0000000200002400 type=2 device=0
[debug] d_stage 0000000200002400 type=2 device=0
[debug] d_stage 0000000200002400 type=2 device=0
[debug] d_stage 0000000200002400 type=2 device=0
[debug] d_stage 0000000200002400 type=2 device=0
[debug] d_stage 0000000200002400 type=2 device=0
[debug] d_stage 0000000200002400 type=2 device=0
[debug] d_stage 0000000200002400 type=2 device=0
[debug] d_stage 0000000200002400 type=2 device=0
[debug] d_stage 0000000200002400 type=2 device=0
[debug] d_stage 0000000200002400 type=2 device=0
[debug] d_stage 0000000200002400 type=2 device=0
[debug] d_stage 0000000200002400 type=2 device=0
[debug] d_stage 0000000200002400 type=2 device=0
[debug] d_stage 0000000200002400 type=2 device=0
[debug] d_stage 0000000200002400 type=2 device=0
[debug] d_stage 0000000200002400 type=2 device=0
[debug] d_stage 0000000200002400 type=2 device=0
[debug] d_stage 0000000200002400 type=2 device=0
[debug] d_stage 0000000200002400 type=2 device=0
[debug] d_stage 0000000200002400 type=2 device=0
[debug] d_stage 0000000200002400 type=2 device=0
[debug] d_stage 0000000200002400 type=2 device=0
[debug] d_stage 0000000200002400 type=2 device=0
[debug] d_stage 0000000200002400 type=2 device=0
[debug] d_stage 0000000200002400 type=2 device=0
[debug] d_stage 0000000200002400 type=2 device=0
[debug] d_stage 0000000200002400 type=2 device=0
[debug] d_stage 0000000200002400 type=2 device=0
[debug] d_stage 0000000200002400 type=2 device=0
[debug] d_stage 0000000200002400 type=2 device=0
[debug] d_stage 0000000200002400 type=2 device=0
[debug] d_stage 0000000200002400 type=2 device=0
[debug] d_stage 0000000200002400 type=2 device=0
[debug] d_stage 0000000200002400 type=2 device=0
[debug] d_stage 0000000200002400 type=2 device=0
[debug] d_stage 0000000200002400 type=2 device=0
[debug] d_stage 0000000200002400 type=2 device=0
[debug] d_stage 0000000200002400 type=2 device=0
[debug] d_stage 0000000200002400 type=2 device=0
[debug] d_stage 0000000200002400 type=2 device=0
[debug] d_stage 0000000200002400 type=2 device=0
[debug] d_stage 0000000200002400 type=2 device=0
[debug] d_stage 0000000200002400 type=2 device=0
[debug] d_stage 0000000200002400 type=2 device=0
[debug] d_stage 0000000200002400 type=2 device=0
[debug] d_stage 0000000200002400 type=2 device=0
[debug] d_stage 0000000200002400 type=2 device=0
[debug] d_stage 0000000200002400 type=2 device=0
[debug] d_stage 0000000200002400 type=2 device=0
[debug] d_stage 0000000200002400 type=2 device=0
[debug] d_stage 0000000200002400 type=2 device=0
[debug] d_stage 0000000200002400 type=2 device=0
[debug] d_stage 0000000200002400 type=2 device=0
[debug] d_stage 0000000200002400 type=2 device=0
[debug] d_stage 0000000200002400 type=2 device=0
[debug] d_stage 0000000200002400 type=2 device=0
[debug] d_stage 0000000200002400 type=2 device=0
[debug] d_stage 0000000200002400 type=2 device=0
[debug] d_stage 0000000200002400 type=2 device=0
[debug] d_stage 0000000200002400 type=2 device=0
[debug] d_stage 0000000200002400 type=2 device=0
[debug] d_stage 0000000200002400 type=2 device=0
[debug] d_stage 0000000200002400 type=2 device=0
[debug] d_stage 0000000200002400 type=2 device=0
[debug] d_stage 0000000200002400 type=2 device=0
[debug] d_stage 0000000200002400 type=2 device=0
[debug] d_stage 0000000200002400 type=2 device=0
[debug] d_stage 0000000200002400 type=2 device=0
[debug] d_stage 0000000200002400 type=2 device=0
[debug] d_stage 0000000200002400 type=2 device=0
[debug] d_stage 0000000200002400 type=2 device=0
[debug] d_stage 0000000200002400 type=2 device=0
[debug] d_stage 0000000200002400 type=2 device=0
[debug] d_stage 0000000200002400 type=2 device=0
[debug] d_stage 0000000200002400 type=2 device=0
[debug] d_stage 0000000200002400 type=2 device=0
[debug] d_stage 0000000200002400 type=2 device=0
[debug] d_stage 0000000200002400 type=2 device=0
[debug] d_stage 0000000200002400 type=2 device=0
[debug] d_stage 0000000200002400 type=2 device=0
[debug] d_stage 0000000200002400 type=2 device=0
[debug] d_stage 0000000200002400 type=2 device=0
[debug] d_stage 0000000200002400 type=2 device=0
[debug] d_stage 0000000200002400 type=2 device=0
[debug] d_stage 0000000200002400 type=2 device=0
[debug] d_stage 0000000200002400 type=2 device=0
[debug] d_stage 0000000200002400 type=2 device=0
[debug] d_stage 0000000200002400 type=2 device=0
[debug] d_stage 0000000200002400 type=2 device=0
[debug] d_stage 0000000200002400 type=2 device=0
[debug] d_stage 0000000200002400 type=2 device=0
[debug] d_stage 0000000200002400 type=2 device=0
[debug] d_stage 0000000200002400 type=2 device=0
[debug] d_stage 0000000200002400 type=2 device=0
[debug] d_stage 0000000200002400 type=2 device=0
[debug] d_stage 0000000200002400 type=2 device=0
[debug] d_stage 0000000200002400 type=2 device=0
[debug] d_stage 0000000200002400 type=2 device=0
[debug] d_stage 0000000200002400 type=2 device=0
[debug] d_stage 0000000200002400 type=2 device=0
[debug] d_stage 0000000200002400 type=2 device=0
[debug] d_stage 0000000200002400 type=2 device=0
[debug] d_stage 0000000200002400 type=2 device=0
[debug] d_stage 0000000200002400 type=2 device=0
[debug] d_stage 0000000200002400 type=2 device=0
[debug] d_stage 0000000200002400 type=2 device=0
[debug] d_stage 0000000200002400 type=2 device=0
[debug] d_stage 0000000200002400 type=2 device=0
[debug] d_stage 0000000200002400 type=2 device=0
[debug] d_stage 0000000200002400 type=2 device=0
[debug] d_stage 0000000200002400 type=2 device=0
[debug] d_stage 0000000200002400 type=2 device=0
[debug] d_stage 0000000200002400 type=2 device=0
[debug] d_stage 0000000200002400 type=2 device=0
[debug] d_stage 0000000200002400 type=2 device=0
[debug] d_stage 0000000200002400 type=2 device=0
[debug] d_stage 0000000200002400 type=2 device=0
[debug] d_stage 0000000200002400 type=2 device=0
[debug] d_stage 0000000200002400 type=2 device=0
[debug] d_stage 0000000200002400 type=2 device=0
[debug] d_stage 0000000200002400 type=2 device=0
[debug] d_stage 0000000200002400 type=2 device=0
[debug] d_stage 0000000200002400 type=2 device=0
[debug] d_stage 0000000200002400 type=2 device=0
[debug] d_stage 0000000200002400 type=2 device=0
[debug] d_stage 0000000200002400 type=2 device=0
[debug] d_stage 0000000200002400 type=2 device=0
[debug] d_stage 0000000200002400 type=2 device=0
[debug] d_stage 0000000200002400 type=2 device=0
[debug] d_stage 0000000200002400 type=2 device=0
[debug] d_stage 0000000200002400 type=2 device=0
[debug] d_stage 0000000200002400 type=2 device=0
[debug] d_stage 0000000200002400 type=2 device=0
[debug] d_stage 0000000200002400 type=2 device=0
[debug] d_stage 0000000200002400 type=2 device=0
[debug] d_stage 0000000200002400 type=2 device=0
[debug] d_stage 0000000200002400 type=2 device=0
[debug] d_stage 0000000200002400 type=2 device=0
[debug] d_stage 0000000200002400 type=2 device=0
[debug] d_stage 0000000200002400 type=2 device=0
[debug] d_stage 0000000200002400 type=2 device=0
[debug] d_stage 0000000200002400 type=2 device=0
[debug] d_stage 0000000200002400 type=2 device=0
[debug] d_stage 0000000200002400 type=2 device=0
[debug] d_stage 0000000200002400 type=2 device=0
[debug] d_stage 0000000200002400 type=2 device=0
[debug] d_stage 0000000200002400 type=2 device=0
[debug] d_stage 0000000200002400 type=2 device=0
[debug] d_stage 0000000200002400 type=2 device=0
[debug] d_stage 0000000200002400 type=2 device=0
[debug] d_stage 0000000200002400 type=2 device=0
[debug] d_stage 0000000200002400 type=2 device=0
[debug] d_stage 0000000200002400 type=2 device=0
[debug] d_stage 0000000200002400 type=2 device=0
[debug] d_stage 0000000200002400 type=2 device=0
[debug] d_stage 0000000200002400 type=2 device=0
[debug] d_stage 0000000200002400 type=2 device=0
[debug] d_stage 0000000200002400 type=2 device=0
[debug] d_stage 0000000200002400 type=2 device=0
[debug] d_stage 0000000200002400 type=2 device=0
[debug] d_stage 0000000200002400 type=2 device=0
[debug] d_stage 0000000200002400 type=2 device=0
[debug] d_stage 0000000200002400 type=2 device=0
[debug] d_stage 0000000200002400 type=2 device=0
[debug] d_stage 0000000200002400 type=2 device=0
[debug] d_stage 0000000200002400 type=2 device=0
[debug] d_stage 0000000200002400 type=2 device=0
[debug] d_stage 0000000200002400 type=2 device=0
[debug] d_stage 0000000200002400 type=2 device=0
[debug] d_stage 0000000200002400 type=2 device=0
[debug] d_stage 0000000200002400 type=2 device=0
[debug] d_stage 0000000200002400 type=2 device=0
[debug] d_stage 0000000200002400 type=2 device=0
[debug] d_stage 0000000200002400 type=2 device=0
[debug] d_stage 0000000200002400 type=2 device=0
[debug] d_stage 0000000200002400 type=2 device=0
[debug] d_stage 0000000200002400 type=2 device=0
[debug] d_stage 0000000200002400 type=2 device=0
[debug] d_stage 0000000200002400 type=2 device=0
[debug] d_stage 0000000200002400 type=2 device=0
[debug] d_stage 0000000200002400 type=2 device=0
[debug] d_stage 0000000200002400 type=2 device=0
[debug] d_stage 0000000200002400 type=2 device=0
[debug] d_stage 0000000200002400 type=2 device=0
[debug] d_stage 0000000200002400 type=2 device=0
[debug] d_stage 0000000200002400 type=2 device=0
[debug] d_stage 0000000200002400 type=2 device=0
[debug] d_stage 0000000200002400 type=2 device=0
[debug] d_stage 0000000200002400 type=2 device=0
[debug] d_stage 0000000200002400 type=2 device=0
[debug] d_stage 0000000200002400 type=2 device=0
[debug] d_stage 0000000200002400 type=2 device=0
[debug] d_stage 0000000200002400 type=2 device=0
[debug] d_stage 0000000200002400 type=2 device=0
[debug] d_stage 0000000200002400 type=2 device=0
[debug] d_stage 0000000200002400 type=2 device=0
[debug] d_stage 0000000200002400 type=2 device=0
[debug] d_stage 0000000200002400 type=2 device=0
[debug] d_stage 0000000200002400 type=2 device=0
[debug] d_stage 0000000200002400 type=2 device=0
[debug] d_stage 0000000200002400 type=2 device=0
[debug] d_stage 0000000200002400 type=2 device=0
[debug] d_stage 0000000200002400 type=2 device=0
[debug] d_stage 0000000200002400 type=2 device=0
[debug] d_stage 0000000200002400 type=2 device=0
[debug] d_stage 0000000200002400 type=2 device=0
[debug] d_stage 0000000200002400 type=2 device=0
[debug] d_stage 0000000200002400 type=2 device=0
[debug] d_stage 0000000200002400 type=2 device=0
[debug] d_stage 0000000200002400 type=2 device=0
[debug] d_stage 0000000200002400 type=2 device=0
[debug] d_stage 0000000200002400 type=2 device=0
[debug] d_stage 0000000200002400 type=2 device=0
[debug] d_stage 0000000200002400 type=2 device=0
[debug] d_stage 0000000200002400 type=2 device=0
[debug] d_stage 0000000200002400 type=2 device=0
[debug] d_stage 0000000200002400 type=2 device=0
[debug] d_stage 0000000200002400 type=2 device=0
[debug] d_stage 0000000200002400 type=2 device=0
[debug] d_stage 0000000200002400 type=2 device=0
[debug] d_stage 0000000200002400 type=2 device=0
[debug] d_stage 0000000200002400 type=2 device=0
[debug] d_stage 0000000200002400 type=2 device=0
[debug] d_stage 0000000200002400 type=2 device=0
[debug] d_stage 0000000200002400 type=2 device=0
[debug] d_stage 0000000200002400 type=2 device=0
[debug] d_stage 0000000200002400 type=2 device=0
[debug] d_stage 0000000200002400 type=2 device=0
[debug] d_stage 0000000200002400 type=2 device=0
[debug] d_stage 0000000200002400 type=2 device=0
[debug] d_stage 0000000200002400 type=2 device=0
[debug] d_stage 0000000200002400 type=2 device=0
[debug] d_stage 0000000200002400 type=2 device=0
[debug] d_stage 0000000200002400 type=2 device=0
[debug] d_stage 0000000200002400 type=2 device=0
[debug] d_stage 0000000200002400 type=2 device=0
[debug] d_stage 0000000200002400 type=2 device=0
[debug] d_stage 0000000200002400 type=2 device=0
[debug] d_stage 0000000200002400 type=2 device=0
[debug] d_stage 0000000200002400 type=2 device=0
[debug] d_stage 0000000200002400 type=2 device=0
[debug] d_stage 0000000200002400 type=2 device=0
[debug] d_stage 0000000200002400 type=2 device=0
[debug] d_stage 0000000200002400 type=2 device=0
[debug] d_stage 0000000200002400 type=2 device=0
[debug] d_stage 0000000200002400 type=2 device=0
[debug] d_stage 0000000200002400 type=2 device=0
[debug] d_stage 0000000200002400 type=2 device=0
[debug] d_stage 0000000200002400 type=2 device=0
[debug] d_stage 0000000200002400 type=2 device=0
[debug] d_stage 0000000200002400 type=2 device=0
[debug] d_stage 0000000200002400 type=2 device=0
[debug] d_stage 0000000200002400 type=2 device=0
[debug] d_stage 0000000200002400 type=2 device=0
[debug] d_stage 0000000200002400 type=2 device=0
[debug] d_stage 0000000200002400 type=2 device=0
[debug] d_stage 0000000200002400 type=2 device=0
[debug] d_stage 0000000200002400 type=2 device=0
[debug] d_stage 0000000200002400 type=2 device=0
[debug] d_stage 0000000200002400 type=2 device=0
[debug] d_stage 0000000200002400 type=2 device=0
[debug] d_stage 0000000200002400 type=2 device=0
[debug] d_stage 0000000200002400 type=2 device=0
[debug] d_stage 0000000200002400 type=2 device=0
[debug] d_stage 0000000200002400 type=2 device=0
[debug] d_stage 0000000200002400 type=2 device=0
[debug] d_stage 0000000200002400 type=2 device=0
[debug] d_stage 0000000200002400 type=2 device=0
[debug] d_stage 0000000200002400 type=2 device=0
[debug] d_stage 0000000200002400 type=2 device=0
[debug] d_stage 0000000200002400 type=2 device=0
[debug] d_stage 0000000200002400 type=2 device=0
[debug] d_stage 0000000200002400 type=2 device=0
[debug] d_stage 0000000200002400 type=2 device=0
[debug] d_stage 0000000200002400 type=2 device=0
[debug] d_stage 0000000200002400 type=2 device=0
[debug] d_stage 0000000200002400 type=2 device=0
[debug] d_stage 0000000200002400 type=2 device=0
[debug] d_stage 0000000200002400 type=2 device=0
[debug] d_stage 0000000200002400 type=2 device=0
[server] stop requested
[       OK ] PhysicsTest.TST_UNT_PHYS_003_CenterOfMassDrift (9166 ms)
[ RUN      ] PhysicsTest.TST_UNT_PHYS_004_TimeStepConvergence
[server] start particles=2 dt=0.002
[server] init rebuild mode=file active_source=file input_file=C:\Users\luisf\EpitechPromo2027\CUDA-GRAVITY-SIMULATION-restored\tests\data\two_body_rest.xyz input_format=xyz particles=2
[debug] d_stage 0000000200002400 type=2 device=0
[server] loaded initial state from C:\Users\luisf\EpitechPromo2027\CUDA-GRAVITY-SIMULATION-restored\tests\data\two_body_rest.xyz particles=2
[server] active solver=octree_cpu integrator=rk4 perf=interactive theta=1.2 softening=2.5 sph=off substep_target_dt=0.01 max_substeps=4 snapshot_publish_ms=50
[debug] d_stage 0000000200002400 type=2 device=0
[debug] d_stage 0000000200002400 type=2 device=0
[debug] d_stage 0000000200002400 type=2 device=0
[debug] d_stage 0000000200002400 type=2 device=0
[debug] d_stage 0000000200002400 type=2 device=0
[debug] d_stage 0000000200002400 type=2 device=0
[debug] d_stage 0000000200002400 type=2 device=0
[debug] d_stage 0000000200002400 type=2 device=0
[debug] d_stage 0000000200002400 type=2 device=0
[debug] d_stage 0000000200002400 type=2 device=0
[debug] d_stage 0000000200002400 type=2 device=0
[debug] d_stage 0000000200002400 type=2 device=0
[debug] d_stage 0000000200002400 type=2 device=0
[debug] d_stage 0000000200002400 type=2 device=0
[debug] d_stage 0000000200002400 type=2 device=0
[debug] d_stage 0000000200002400 type=2 device=0
[debug] d_stage 0000000200002400 type=2 device=0
[debug] d_stage 0000000200002400 type=2 device=0
[debug] d_stage 0000000200002400 type=2 device=0
[debug] d_stage 0000000200002400 type=2 device=0
[debug] d_stage 0000000200002400 type=2 device=0
[debug] d_stage 0000000200002400 type=2 device=0
[debug] d_stage 0000000200002400 type=2 device=0
[debug] d_stage 0000000200002400 type=2 device=0
[debug] d_stage 0000000200002400 type=2 device=0
[debug] d_stage 0000000200002400 type=2 device=0
[debug] d_stage 0000000200002400 type=2 device=0
[debug] d_stage 0000000200002400 type=2 device=0
[debug] d_stage 0000000200002400 type=2 device=0
[debug] d_stage 0000000200002400 type=2 device=0
[debug] d_stage 0000000200002400 type=2 device=0
[debug] d_stage 0000000200002400 type=2 device=0
[debug] d_stage 0000000200002400 type=2 device=0
[debug] d_stage 0000000200002400 type=2 device=0
[debug] d_stage 0000000200002400 type=2 device=0
[debug] d_stage 0000000200002400 type=2 device=0
[debug] d_stage 0000000200002400 type=2 device=0
[debug] d_stage 0000000200002400 type=2 device=0
[debug] d_stage 0000000200002400 type=2 device=0
[debug] d_stage 0000000200002400 type=2 device=0
[debug] d_stage 0000000200002400 type=2 device=0
[debug] d_stage 0000000200002400 type=2 device=0
[debug] d_stage 0000000200002400 type=2 device=0
[debug] d_stage 0000000200002400 type=2 device=0
[debug] d_stage 0000000200002400 type=2 device=0
[debug] d_stage 0000000200002400 type=2 device=0
[debug] d_stage 0000000200002400 type=2 device=0
[debug] d_stage 0000000200002400 type=2 device=0
[debug] d_stage 0000000200002400 type=2 device=0
[debug] d_stage 0000000200002400 type=2 device=0
[debug] d_stage 0000000200002400 type=2 device=0
[debug] d_stage 0000000200002400 type=2 device=0
[debug] d_stage 0000000200002400 type=2 device=0
[debug] d_stage 0000000200002400 type=2 device=0
[debug] d_stage 0000000200002400 type=2 device=0
[debug] d_stage 0000000200002400 type=2 device=0
[debug] d_stage 0000000200002400 type=2 device=0
[debug] d_stage 0000000200002400 type=2 device=0
[debug] d_stage 0000000200002400 type=2 device=0
[debug] d_stage 0000000200002400 type=2 device=0
[debug] d_stage 0000000200002400 type=2 device=0
[debug] d_stage 0000000200002400 type=2 device=0
[debug] d_stage 0000000200002400 type=2 device=0
[debug] d_stage 0000000200002400 type=2 device=0
[debug] d_stage 0000000200002400 type=2 device=0
[debug] d_stage 0000000200002400 type=2 device=0
[debug] d_stage 0000000200002400 type=2 device=0
[debug] d_stage 0000000200002400 type=2 device=0
[debug] d_stage 0000000200002400 type=2 device=0
[debug] d_stage 0000000200002400 type=2 device=0
[debug] d_stage 0000000200002400 type=2 device=0
[debug] d_stage 0000000200002400 type=2 device=0
[debug] d_stage 0000000200002400 type=2 device=0
[debug] d_stage 0000000200002400 type=2 device=0
[debug] d_stage 0000000200002400 type=2 device=0
[debug] d_stage 0000000200002400 type=2 device=0
[debug] d_stage 0000000200002400 type=2 device=0
[debug] d_stage 0000000200002400 type=2 device=0
[debug] d_stage 0000000200002400 type=2 device=0
[debug] d_stage 0000000200002400 type=2 device=0
[debug] d_stage 0000000200002400 type=2 device=0
[debug] d_stage 0000000200002400 type=2 device=0
[debug] d_stage 0000000200002400 type=2 device=0
[debug] d_stage 0000000200002400 type=2 device=0
[debug] d_stage 0000000200002400 type=2 device=0
[debug] d_stage 0000000200002400 type=2 device=0
[debug] d_stage 0000000200002400 type=2 device=0
[debug] d_stage 0000000200002400 type=2 device=0
[debug] d_stage 0000000200002400 type=2 device=0
[debug] d_stage 0000000200002400 type=2 device=0
[debug] d_stage 0000000200002400 type=2 device=0
[debug] d_stage 0000000200002400 type=2 device=0
[debug] d_stage 0000000200002400 type=2 device=0
[debug] d_stage 0000000200002400 type=2 device=0
[debug] d_stage 0000000200002400 type=2 device=0
[debug] d_stage 0000000200002400 type=2 device=0
[debug] d_stage 0000000200002400 type=2 device=0
[debug] d_stage 0000000200002400 type=2 device=0
[debug] d_stage 0000000200002400 type=2 device=0
[debug] d_stage 0000000200002400 type=2 device=0
[server] stop requested
[server] start particles=2 dt=0.001
[server] init rebuild mode=file active_source=file input_file=C:\Users\luisf\EpitechPromo2027\CUDA-GRAVITY-SIMULATION-restored\tests\data\two_body_rest.xyz input_format=xyz particles=2
[debug] d_stage 0000000200002400 type=2 device=0
[server] loaded initial state from C:\Users\luisf\EpitechPromo2027\CUDA-GRAVITY-SIMULATION-restored\tests\data\two_body_rest.xyz particles=2
[server] active solver=octree_cpu integrator=rk4 perf=interactive theta=1.2 softening=2.5 sph=off substep_target_dt=0.01 max_substeps=4 snapshot_publish_ms=50
[debug] d_stage 0000000200002400 type=2 device=0
[debug] d_stage 0000000200002400 type=2 device=0
[debug] d_stage 0000000200002400 type=2 device=0
[debug] d_stage 0000000200002400 type=2 device=0
[debug] d_stage 0000000200002400 type=2 device=0
[debug] d_stage 0000000200002400 type=2 device=0
[debug] d_stage 0000000200002400 type=2 device=0
[debug] d_stage 0000000200002400 type=2 device=0
[debug] d_stage 0000000200002400 type=2 device=0
[debug] d_stage 0000000200002400 type=2 device=0
[debug] d_stage 0000000200002400 type=2 device=0
[debug] d_stage 0000000200002400 type=2 device=0
[debug] d_stage 0000000200002400 type=2 device=0
[debug] d_stage 0000000200002400 type=2 device=0
[debug] d_stage 0000000200002400 type=2 device=0
[debug] d_stage 0000000200002400 type=2 device=0
[debug] d_stage 0000000200002400 type=2 device=0
[debug] d_stage 0000000200002400 type=2 device=0
[debug] d_stage 0000000200002400 type=2 device=0
[debug] d_stage 0000000200002400 type=2 device=0
[debug] d_stage 0000000200002400 type=2 device=0
[debug] d_stage 0000000200002400 type=2 device=0
[debug] d_stage 0000000200002400 type=2 device=0
[debug] d_stage 0000000200002400 type=2 device=0
[debug] d_stage 0000000200002400 type=2 device=0
[debug] d_stage 0000000200002400 type=2 device=0
[debug] d_stage 0000000200002400 type=2 device=0
[debug] d_stage 0000000200002400 type=2 device=0
[debug] d_stage 0000000200002400 type=2 device=0
[debug] d_stage 0000000200002400 type=2 device=0
[debug] d_stage 0000000200002400 type=2 device=0
[debug] d_stage 0000000200002400 type=2 device=0
[debug] d_stage 0000000200002400 type=2 device=0
[debug] d_stage 0000000200002400 type=2 device=0
[debug] d_stage 0000000200002400 type=2 device=0
[debug] d_stage 0000000200002400 type=2 device=0
[debug] d_stage 0000000200002400 type=2 device=0
[debug] d_stage 0000000200002400 type=2 device=0
[debug] d_stage 0000000200002400 type=2 device=0
[debug] d_stage 0000000200002400 type=2 device=0
[debug] d_stage 0000000200002400 type=2 device=0
[debug] d_stage 0000000200002400 type=2 device=0
[debug] d_stage 0000000200002400 type=2 device=0
[debug] d_stage 0000000200002400 type=2 device=0
[debug] d_stage 0000000200002400 type=2 device=0
[debug] d_stage 0000000200002400 type=2 device=0
[debug] d_stage 0000000200002400 type=2 device=0
[debug] d_stage 0000000200002400 type=2 device=0
[debug] d_stage 0000000200002400 type=2 device=0
[debug] d_stage 0000000200002400 type=2 device=0
[debug] d_stage 0000000200002400 type=2 device=0
[debug] d_stage 0000000200002400 type=2 device=0
[debug] d_stage 0000000200002400 type=2 device=0
[debug] d_stage 0000000200002400 type=2 device=0
[debug] d_stage 0000000200002400 type=2 device=0
[debug] d_stage 0000000200002400 type=2 device=0
[debug] d_stage 0000000200002400 type=2 device=0
[debug] d_stage 0000000200002400 type=2 device=0
[debug] d_stage 0000000200002400 type=2 device=0
[debug] d_stage 0000000200002400 type=2 device=0
[debug] d_stage 0000000200002400 type=2 device=0
[debug] d_stage 0000000200002400 type=2 device=0
[debug] d_stage 0000000200002400 type=2 device=0
[debug] d_stage 0000000200002400 type=2 device=0
[debug] d_stage 0000000200002400 type=2 device=0
[debug] d_stage 0000000200002400 type=2 device=0
[debug] d_stage 0000000200002400 type=2 device=0
[debug] d_stage 0000000200002400 type=2 device=0
[debug] d_stage 0000000200002400 type=2 device=0
[debug] d_stage 0000000200002400 type=2 device=0
[debug] d_stage 0000000200002400 type=2 device=0
[debug] d_stage 0000000200002400 type=2 device=0
[debug] d_stage 0000000200002400 type=2 device=0
[debug] d_stage 0000000200002400 type=2 device=0
[debug] d_stage 0000000200002400 type=2 device=0
[debug] d_stage 0000000200002400 type=2 device=0
[debug] d_stage 0000000200002400 type=2 device=0
[debug] d_stage 0000000200002400 type=2 device=0
[debug] d_stage 0000000200002400 type=2 device=0
[debug] d_stage 0000000200002400 type=2 device=0
[debug] d_stage 0000000200002400 type=2 device=0
[debug] d_stage 0000000200002400 type=2 device=0
[debug] d_stage 0000000200002400 type=2 device=0
[debug] d_stage 0000000200002400 type=2 device=0
[debug] d_stage 0000000200002400 type=2 device=0
[debug] d_stage 0000000200002400 type=2 device=0
[debug] d_stage 0000000200002400 type=2 device=0
[debug] d_stage 0000000200002400 type=2 device=0
[debug] d_stage 0000000200002400 type=2 device=0
[debug] d_stage 0000000200002400 type=2 device=0
[debug] d_stage 0000000200002400 type=2 device=0
[debug] d_stage 0000000200002400 type=2 device=0
[debug] d_stage 0000000200002400 type=2 device=0
[debug] d_stage 0000000200002400 type=2 device=0
[debug] d_stage 0000000200002400 type=2 device=0
[debug] d_stage 0000000200002400 type=2 device=0
[debug] d_stage 0000000200002400 type=2 device=0
[debug] d_stage 0000000200002400 type=2 device=0
[debug] d_stage 0000000200002400 type=2 device=0
[debug] d_stage 0000000200002400 type=2 device=0
[debug] d_stage 0000000200002400 type=2 device=0
[debug] d_stage 0000000200002400 type=2 device=0
[debug] d_stage 0000000200002400 type=2 device=0
[debug] d_stage 0000000200002400 type=2 device=0
[debug] d_stage 0000000200002400 type=2 device=0
[debug] d_stage 0000000200002400 type=2 device=0
[debug] d_stage 0000000200002400 type=2 device=0
[debug] d_stage 0000000200002400 type=2 device=0
[debug] d_stage 0000000200002400 type=2 device=0
[debug] d_stage 0000000200002400 type=2 device=0
[debug] d_stage 0000000200002400 type=2 device=0
[debug] d_stage 0000000200002400 type=2 device=0
[debug] d_stage 0000000200002400 type=2 device=0
[debug] d_stage 0000000200002400 type=2 device=0
[debug] d_stage 0000000200002400 type=2 device=0
[debug] d_stage 0000000200002400 type=2 device=0
[debug] d_stage 0000000200002400 type=2 device=0
[debug] d_stage 0000000200002400 type=2 device=0
[debug] d_stage 0000000200002400 type=2 device=0
[debug] d_stage 0000000200002400 type=2 device=0
[debug] d_stage 0000000200002400 type=2 device=0
[debug] d_stage 0000000200002400 type=2 device=0
[debug] d_stage 0000000200002400 type=2 device=0
[debug] d_stage 0000000200002400 type=2 device=0
[debug] d_stage 0000000200002400 type=2 device=0
[debug] d_stage 0000000200002400 type=2 device=0
[debug] d_stage 0000000200002400 type=2 device=0
[debug] d_stage 0000000200002400 type=2 device=0
[debug] d_stage 0000000200002400 type=2 device=0
[debug] d_stage 0000000200002400 type=2 device=0
[debug] d_stage 0000000200002400 type=2 device=0
[debug] d_stage 0000000200002400 type=2 device=0
[debug] d_stage 0000000200002400 type=2 device=0
[debug] d_stage 0000000200002400 type=2 device=0
[debug] d_stage 0000000200002400 type=2 device=0
[debug] d_stage 0000000200002400 type=2 device=0
[debug] d_stage 0000000200002400 type=2 device=0
[debug] d_stage 0000000200002400 type=2 device=0
[debug] d_stage 0000000200002400 type=2 device=0
[debug] d_stage 0000000200002400 type=2 device=0
[debug] d_stage 0000000200002400 type=2 device=0
[debug] d_stage 0000000200002400 type=2 device=0
[debug] d_stage 0000000200002400 type=2 device=0
[debug] d_stage 0000000200002400 type=2 device=0
[debug] d_stage 0000000200002400 type=2 device=0
[debug] d_stage 0000000200002400 type=2 device=0
[debug] d_stage 0000000200002400 type=2 device=0
[debug] d_stage 0000000200002400 type=2 device=0
[debug] d_stage 0000000200002400 type=2 device=0
[debug] d_stage 0000000200002400 type=2 device=0
[debug] d_stage 0000000200002400 type=2 device=0
[debug] d_stage 0000000200002400 type=2 device=0
[debug] d_stage 0000000200002400 type=2 device=0
[debug] d_stage 0000000200002400 type=2 device=0
[debug] d_stage 0000000200002400 type=2 device=0
[debug] d_stage 0000000200002400 type=2 device=0
[debug] d_stage 0000000200002400 type=2 device=0
[debug] d_stage 0000000200002400 type=2 device=0
[debug] d_stage 0000000200002400 type=2 device=0
[debug] d_stage 0000000200002400 type=2 device=0
[debug] d_stage 0000000200002400 type=2 device=0
[debug] d_stage 0000000200002400 type=2 device=0
[debug] d_stage 0000000200002400 type=2 device=0
[debug] d_stage 0000000200002400 type=2 device=0
[debug] d_stage 0000000200002400 type=2 device=0
[debug] d_stage 0000000200002400 type=2 device=0
[debug] d_stage 0000000200002400 type=2 device=0
[debug] d_stage 0000000200002400 type=2 device=0
[debug] d_stage 0000000200002400 type=2 device=0
[debug] d_stage 0000000200002400 type=2 device=0
[debug] d_stage 0000000200002400 type=2 device=0
[debug] d_stage 0000000200002400 type=2 device=0
[debug] d_stage 0000000200002400 type=2 device=0
[debug] d_stage 0000000200002400 type=2 device=0
[debug] d_stage 0000000200002400 type=2 device=0
[debug] d_stage 0000000200002400 type=2 device=0
[debug] d_stage 0000000200002400 type=2 device=0
[debug] d_stage 0000000200002400 type=2 device=0
[debug] d_stage 0000000200002400 type=2 device=0
[debug] d_stage 0000000200002400 type=2 device=0
[debug] d_stage 0000000200002400 type=2 device=0
[debug] d_stage 0000000200002400 type=2 device=0
[debug] d_stage 0000000200002400 type=2 device=0
[debug] d_stage 0000000200002400 type=2 device=0
[debug] d_stage 0000000200002400 type=2 device=0
[debug] d_stage 0000000200002400 type=2 device=0
[debug] d_stage 0000000200002400 type=2 device=0
[debug] d_stage 0000000200002400 type=2 device=0
[debug] d_stage 0000000200002400 type=2 device=0
[debug] d_stage 0000000200002400 type=2 device=0
[debug] d_stage 0000000200002400 type=2 device=0
[debug] d_stage 0000000200002400 type=2 device=0
[debug] d_stage 0000000200002400 type=2 device=0
[debug] d_stage 0000000200002400 type=2 device=0
[debug] d_stage 0000000200002400 type=2 device=0
[debug] d_stage 0000000200002400 type=2 device=0
[debug] d_stage 0000000200002400 type=2 device=0
[debug] d_stage 0000000200002400 type=2 device=0
[debug] d_stage 0000000200002400 type=2 device=0
[debug] d_stage 0000000200002400 type=2 device=0
[server] stop requested
[       OK ] PhysicsTest.TST_UNT_PHYS_004_TimeStepConvergence (7256 ms)
[ RUN      ] PhysicsTest.TST_UNT_PHYS_002_EnergyConservation
[server] start particles=2 dt=0.002
[server] init rebuild mode=file active_source=file input_file=C:\Users\luisf\EpitechPromo2027\CUDA-GRAVITY-SIMULATION-restored\tests\data\two_body_rest.xyz input_format=xyz particles=2
[debug] d_stage 0000000200002400 type=2 device=0
[server] loaded initial state from C:\Users\luisf\EpitechPromo2027\CUDA-GRAVITY-SIMULATION-restored\tests\data\two_body_rest.xyz particles=2
[server] active solver=octree_cpu integrator=rk4 perf=interactive theta=1.2 softening=2.5 sph=off substep_target_dt=0.01 max_substeps=4 snapshot_publish_ms=50
[debug] d_stage 0000000200002400 type=2 device=0
[debug] d_stage 0000000200002400 type=2 device=0
[debug] d_stage 0000000200002400 type=2 device=0
[debug] d_stage 0000000200002400 type=2 device=0
[debug] d_stage 0000000200002400 type=2 device=0
[debug] d_stage 0000000200002400 type=2 device=0
[debug] d_stage 0000000200002400 type=2 device=0
[debug] d_stage 0000000200002400 type=2 device=0
[debug] d_stage 0000000200002400 type=2 device=0
[debug] d_stage 0000000200002400 type=2 device=0
[debug] d_stage 0000000200002400 type=2 device=0
[debug] d_stage 0000000200002400 type=2 device=0
[debug] d_stage 0000000200002400 type=2 device=0
[debug] d_stage 0000000200002400 type=2 device=0
[debug] d_stage 0000000200002400 type=2 device=0
[debug] d_stage 0000000200002400 type=2 device=0
[debug] d_stage 0000000200002400 type=2 device=0
[debug] d_stage 0000000200002400 type=2 device=0
[debug] d_stage 0000000200002400 type=2 device=0
[debug] d_stage 0000000200002400 type=2 device=0
[debug] d_stage 0000000200002400 type=2 device=0
[debug] d_stage 0000000200002400 type=2 device=0
[debug] d_stage 0000000200002400 type=2 device=0
[debug] d_stage 0000000200002400 type=2 device=0
[debug] d_stage 0000000200002400 type=2 device=0
[debug] d_stage 0000000200002400 type=2 device=0
[debug] d_stage 0000000200002400 type=2 device=0
[debug] d_stage 0000000200002400 type=2 device=0
[debug] d_stage 0000000200002400 type=2 device=0
[debug] d_stage 0000000200002400 type=2 device=0
[debug] d_stage 0000000200002400 type=2 device=0
[debug] d_stage 0000000200002400 type=2 device=0
[debug] d_stage 0000000200002400 type=2 device=0
[debug] d_stage 0000000200002400 type=2 device=0
[debug] d_stage 0000000200002400 type=2 device=0
[debug] d_stage 0000000200002400 type=2 device=0
[debug] d_stage 0000000200002400 type=2 device=0
[debug] d_stage 0000000200002400 type=2 device=0
[debug] d_stage 0000000200002400 type=2 device=0
[debug] d_stage 0000000200002400 type=2 device=0
[debug] d_stage 0000000200002400 type=2 device=0
[debug] d_stage 0000000200002400 type=2 device=0
[debug] d_stage 0000000200002400 type=2 device=0
[debug] d_stage 0000000200002400 type=2 device=0
[debug] d_stage 0000000200002400 type=2 device=0
[debug] d_stage 0000000200002400 type=2 device=0
[debug] d_stage 0000000200002400 type=2 device=0
[debug] d_stage 0000000200002400 type=2 device=0
[debug] d_stage 0000000200002400 type=2 device=0
[debug] d_stage 0000000200002400 type=2 device=0
[debug] d_stage 0000000200002400 type=2 device=0
[debug] d_stage 0000000200002400 type=2 device=0
[debug] d_stage 0000000200002400 type=2 device=0
[debug] d_stage 0000000200002400 type=2 device=0
[debug] d_stage 0000000200002400 type=2 device=0
[debug] d_stage 0000000200002400 type=2 device=0
[debug] d_stage 0000000200002400 type=2 device=0
[debug] d_stage 0000000200002400 type=2 device=0
[debug] d_stage 0000000200002400 type=2 device=0
[debug] d_stage 0000000200002400 type=2 device=0
[debug] d_stage 0000000200002400 type=2 device=0
[debug] d_stage 0000000200002400 type=2 device=0
[debug] d_stage 0000000200002400 type=2 device=0
[debug] d_stage 0000000200002400 type=2 device=0
[debug] d_stage 0000000200002400 type=2 device=0
[debug] d_stage 0000000200002400 type=2 device=0
[debug] d_stage 0000000200002400 type=2 device=0
[debug] d_stage 0000000200002400 type=2 device=0
[debug] d_stage 0000000200002400 type=2 device=0
[debug] d_stage 0000000200002400 type=2 device=0
[debug] d_stage 0000000200002400 type=2 device=0
[debug] d_stage 0000000200002400 type=2 device=0
[debug] d_stage 0000000200002400 type=2 device=0
[debug] d_stage 0000000200002400 type=2 device=0
[debug] d_stage 0000000200002400 type=2 device=0
[debug] d_stage 0000000200002400 type=2 device=0
[debug] d_stage 0000000200002400 type=2 device=0
[debug] d_stage 0000000200002400 type=2 device=0
[debug] d_stage 0000000200002400 type=2 device=0
[debug] d_stage 0000000200002400 type=2 device=0
[debug] d_stage 0000000200002400 type=2 device=0
[debug] d_stage 0000000200002400 type=2 device=0
[debug] d_stage 0000000200002400 type=2 device=0
[debug] d_stage 0000000200002400 type=2 device=0
[debug] d_stage 0000000200002400 type=2 device=0
[debug] d_stage 0000000200002400 type=2 device=0
[debug] d_stage 0000000200002400 type=2 device=0
[debug] d_stage 0000000200002400 type=2 device=0
[debug] d_stage 0000000200002400 type=2 device=0
[debug] d_stage 0000000200002400 type=2 device=0
[debug] d_stage 0000000200002400 type=2 device=0
[debug] d_stage 0000000200002400 type=2 device=0
[debug] d_stage 0000000200002400 type=2 device=0
[debug] d_stage 0000000200002400 type=2 device=0
[debug] d_stage 0000000200002400 type=2 device=0
[debug] d_stage 0000000200002400 type=2 device=0
[debug] d_stage 0000000200002400 type=2 device=0
[debug] d_stage 0000000200002400 type=2 device=0
[debug] d_stage 0000000200002400 type=2 device=0
[debug] d_stage 0000000200002400 type=2 device=0
[debug] d_stage 0000000200002400 type=2 device=0
[debug] d_stage 0000000200002400 type=2 device=0
[debug] d_stage 0000000200002400 type=2 device=0
[debug] d_stage 0000000200002400 type=2 device=0
[debug] d_stage 0000000200002400 type=2 device=0
[debug] d_stage 0000000200002400 type=2 device=0
[debug] d_stage 0000000200002400 type=2 device=0
[debug] d_stage 0000000200002400 type=2 device=0
[debug] d_stage 0000000200002400 type=2 device=0
[debug] d_stage 0000000200002400 type=2 device=0
[debug] d_stage 0000000200002400 type=2 device=0
[debug] d_stage 0000000200002400 type=2 device=0
[debug] d_stage 0000000200002400 type=2 device=0
[debug] d_stage 0000000200002400 type=2 device=0
[debug] d_stage 0000000200002400 type=2 device=0
[debug] d_stage 0000000200002400 type=2 device=0
[debug] d_stage 0000000200002400 type=2 device=0
[debug] d_stage 0000000200002400 type=2 device=0
[debug] d_stage 0000000200002400 type=2 device=0
[debug] d_stage 0000000200002400 type=2 device=0
[debug] d_stage 0000000200002400 type=2 device=0
[debug] d_stage 0000000200002400 type=2 device=0
[debug] d_stage 0000000200002400 type=2 device=0
[debug] d_stage 0000000200002400 type=2 device=0
[debug] d_stage 0000000200002400 type=2 device=0
[debug] d_stage 0000000200002400 type=2 device=0
[debug] d_stage 0000000200002400 type=2 device=0
[debug] d_stage 0000000200002400 type=2 device=0
[debug] d_stage 0000000200002400 type=2 device=0
[debug] d_stage 0000000200002400 type=2 device=0
[debug] d_stage 0000000200002400 type=2 device=0
[debug] d_stage 0000000200002400 type=2 device=0
[debug] d_stage 0000000200002400 type=2 device=0
[debug] d_stage 0000000200002400 type=2 device=0
[debug] d_stage 0000000200002400 type=2 device=0
[debug] d_stage 0000000200002400 type=2 device=0
[debug] d_stage 0000000200002400 type=2 device=0
[debug] d_stage 0000000200002400 type=2 device=0
[debug] d_stage 0000000200002400 type=2 device=0
[debug] d_stage 0000000200002400 type=2 device=0
[debug] d_stage 0000000200002400 type=2 device=0
[debug] d_stage 0000000200002400 type=2 device=0
[debug] d_stage 0000000200002400 type=2 device=0
[debug] d_stage 0000000200002400 type=2 device=0
[debug] d_stage 0000000200002400 type=2 device=0
[debug] d_stage 0000000200002400 type=2 device=0
[debug] d_stage 0000000200002400 type=2 device=0
[debug] d_stage 0000000200002400 type=2 device=0
[debug] d_stage 0000000200002400 type=2 device=0
[debug] d_stage 0000000200002400 type=2 device=0
[debug] d_stage 0000000200002400 type=2 device=0
[debug] d_stage 0000000200002400 type=2 device=0
[debug] d_stage 0000000200002400 type=2 device=0
[debug] d_stage 0000000200002400 type=2 device=0
[debug] d_stage 0000000200002400 type=2 device=0
[debug] d_stage 0000000200002400 type=2 device=0
[debug] d_stage 0000000200002400 type=2 device=0
[debug] d_stage 0000000200002400 type=2 device=0
[debug] d_stage 0000000200002400 type=2 device=0
[debug] d_stage 0000000200002400 type=2 device=0
[debug] d_stage 0000000200002400 type=2 device=0
[debug] d_stage 0000000200002400 type=2 device=0
[debug] d_stage 0000000200002400 type=2 device=0
[debug] d_stage 0000000200002400 type=2 device=0
[debug] d_stage 0000000200002400 type=2 device=0
[debug] d_stage 0000000200002400 type=2 device=0
[debug] d_stage 0000000200002400 type=2 device=0
[debug] d_stage 0000000200002400 type=2 device=0
[debug] d_stage 0000000200002400 type=2 device=0
[debug] d_stage 0000000200002400 type=2 device=0
[debug] d_stage 0000000200002400 type=2 device=0
[debug] d_stage 0000000200002400 type=2 device=0
[debug] d_stage 0000000200002400 type=2 device=0
[debug] d_stage 0000000200002400 type=2 device=0
[debug] d_stage 0000000200002400 type=2 device=0
[debug] d_stage 0000000200002400 type=2 device=0
[debug] d_stage 0000000200002400 type=2 device=0
[debug] d_stage 0000000200002400 type=2 device=0
[debug] d_stage 0000000200002400 type=2 device=0
[debug] d_stage 0000000200002400 type=2 device=0
[debug] d_stage 0000000200002400 type=2 device=0
[debug] d_stage 0000000200002400 type=2 device=0
[debug] d_stage 0000000200002400 type=2 device=0
[debug] d_stage 0000000200002400 type=2 device=0
[debug] d_stage 0000000200002400 type=2 device=0
[debug] d_stage 0000000200002400 type=2 device=0
[debug] d_stage 0000000200002400 type=2 device=0
[debug] d_stage 0000000200002400 type=2 device=0
[debug] d_stage 0000000200002400 type=2 device=0
[debug] d_stage 0000000200002400 type=2 device=0
[debug] d_stage 0000000200002400 type=2 device=0
[debug] d_stage 0000000200002400 type=2 device=0
[debug] d_stage 0000000200002400 type=2 device=0
[debug] d_stage 0000000200002400 type=2 device=0
[debug] d_stage 0000000200002400 type=2 device=0
[debug] d_stage 0000000200002400 type=2 device=0
[debug] d_stage 0000000200002400 type=2 device=0
[debug] d_stage 0000000200002400 type=2 device=0
[debug] d_stage 0000000200002400 type=2 device=0
[debug] d_stage 0000000200002400 type=2 device=0
[debug] d_stage 0000000200002400 type=2 device=0
[debug] d_stage 0000000200002400 type=2 device=0
[debug] d_stage 0000000200002400 type=2 device=0
[debug] d_stage 0000000200002400 type=2 device=0
[debug] d_stage 0000000200002400 type=2 device=0
[debug] d_stage 0000000200002400 type=2 device=0
[debug] d_stage 0000000200002400 type=2 device=0
[debug] d_stage 0000000200002400 type=2 device=0
[debug] d_stage 0000000200002400 type=2 device=0
[debug] d_stage 0000000200002400 type=2 device=0
[debug] d_stage 0000000200002400 type=2 device=0
[debug] d_stage 0000000200002400 type=2 device=0
[debug] d_stage 0000000200002400 type=2 device=0
[debug] d_stage 0000000200002400 type=2 device=0
[debug] d_stage 0000000200002400 type=2 device=0
[debug] d_stage 0000000200002400 type=2 device=0
[debug] d_stage 0000000200002400 type=2 device=0
[debug] d_stage 0000000200002400 type=2 device=0
[debug] d_stage 0000000200002400 type=2 device=0
[debug] d_stage 0000000200002400 type=2 device=0
[debug] d_stage 0000000200002400 type=2 device=0
[debug] d_stage 0000000200002400 type=2 device=0
[debug] d_stage 0000000200002400 type=2 device=0
[debug] d_stage 0000000200002400 type=2 device=0
[debug] d_stage 0000000200002400 type=2 device=0
[debug] d_stage 0000000200002400 type=2 device=0
[debug] d_stage 0000000200002400 type=2 device=0
[debug] d_stage 0000000200002400 type=2 device=0
[debug] d_stage 0000000200002400 type=2 device=0
[debug] d_stage 0000000200002400 type=2 device=0
[debug] d_stage 0000000200002400 type=2 device=0
[debug] d_stage 0000000200002400 type=2 device=0
[debug] d_stage 0000000200002400 type=2 device=0
[debug] d_stage 0000000200002400 type=2 device=0
[debug] d_stage 0000000200002400 type=2 device=0
[debug] d_stage 0000000200002400 type=2 device=0
[debug] d_stage 0000000200002400 type=2 device=0
[debug] d_stage 0000000200002400 type=2 device=0
[debug] d_stage 0000000200002400 type=2 device=0
[debug] d_stage 0000000200002400 type=2 device=0
[debug] d_stage 0000000200002400 type=2 device=0
[debug] d_stage 0000000200002400 type=2 device=0
[debug] d_stage 0000000200002400 type=2 device=0
[debug] d_stage 0000000200002400 type=2 device=0
[debug] d_stage 0000000200002400 type=2 device=0
[debug] d_stage 0000000200002400 type=2 device=0
[debug] d_stage 0000000200002400 type=2 device=0
[debug] d_stage 0000000200002400 type=2 device=0
[debug] d_stage 0000000200002400 type=2 device=0
[debug] d_stage 0000000200002400 type=2 device=0
[debug] d_stage 0000000200002400 type=2 device=0
[debug] d_stage 0000000200002400 type=2 device=0
[debug] d_stage 0000000200002400 type=2 device=0
[debug] d_stage 0000000200002400 type=2 device=0
[debug] d_stage 0000000200002400 type=2 device=0
[debug] d_stage 0000000200002400 type=2 device=0
[debug] d_stage 0000000200002400 type=2 device=0
[debug] d_stage 0000000200002400 type=2 device=0
[debug] d_stage 0000000200002400 type=2 device=0
[debug] d_stage 0000000200002400 type=2 device=0
[debug] d_stage 0000000200002400 type=2 device=0
[debug] d_stage 0000000200002400 type=2 device=0
[debug] d_stage 0000000200002400 type=2 device=0
[debug] d_stage 0000000200002400 type=2 device=0
[debug] d_stage 0000000200002400 type=2 device=0
[debug] d_stage 0000000200002400 type=2 device=0
[debug] d_stage 0000000200002400 type=2 device=0
[debug] d_stage 0000000200002400 type=2 device=0
[debug] d_stage 0000000200002400 type=2 device=0
[debug] d_stage 0000000200002400 type=2 device=0
[debug] d_stage 0000000200002400 type=2 device=0
[debug] d_stage 0000000200002400 type=2 device=0
[debug] d_stage 0000000200002400 type=2 device=0
[debug] d_stage 0000000200002400 type=2 device=0
[debug] d_stage 0000000200002400 type=2 device=0
[debug] d_stage 0000000200002400 type=2 device=0
[debug] d_stage 0000000200002400 type=2 device=0
[debug] d_stage 0000000200002400 type=2 device=0
[debug] d_stage 0000000200002400 type=2 device=0
[debug] d_stage 0000000200002400 type=2 device=0
[debug] d_stage 0000000200002400 type=2 device=0
[debug] d_stage 0000000200002400 type=2 device=0
[debug] d_stage 0000000200002400 type=2 device=0
[debug] d_stage 0000000200002400 type=2 device=0
[debug] d_stage 0000000200002400 type=2 device=0
[debug] d_stage 0000000200002400 type=2 device=0
[debug] d_stage 0000000200002400 type=2 device=0
[debug] d_stage 0000000200002400 type=2 device=0
[debug] d_stage 0000000200002400 type=2 device=0
[debug] d_stage 0000000200002400 type=2 device=0
[debug] d_stage 0000000200002400 type=2 device=0
[debug] d_stage 0000000200002400 type=2 device=0
[debug] d_stage 0000000200002400 type=2 device=0
[debug] d_stage 0000000200002400 type=2 device=0
[debug] d_stage 0000000200002400 type=2 device=0
[debug] d_stage 0000000200002400 type=2 device=0
[debug] d_stage 0000000200002400 type=2 device=0
[debug] d_stage 0000000200002400 type=2 device=0
[debug] d_stage 0000000200002400 type=2 device=0
[debug] d_stage 0000000200002400 type=2 device=0
[debug] d_stage 0000000200002400 type=2 device=0
[debug] d_stage 0000000200002400 type=2 device=0
[debug] d_stage 0000000200002400 type=2 device=0
[debug] d_stage 0000000200002400 type=2 device=0
[debug] d_stage 0000000200002400 type=2 device=0
[debug] d_stage 0000000200002400 type=2 device=0
[debug] d_stage 0000000200002400 type=2 device=0
[debug] d_stage 0000000200002400 type=2 device=0
[debug] d_stage 0000000200002400 type=2 device=0
[debug] d_stage 0000000200002400 type=2 device=0
[debug] d_stage 0000000200002400 type=2 device=0
[debug] d_stage 0000000200002400 type=2 device=0
[debug] d_stage 0000000200002400 type=2 device=0
[debug] d_stage 0000000200002400 type=2 device=0
[debug] d_stage 0000000200002400 type=2 device=0
[debug] d_stage 0000000200002400 type=2 device=0
[debug] d_stage 0000000200002400 type=2 device=0
[debug] d_stage 0000000200002400 type=2 device=0
[debug] d_stage 0000000200002400 type=2 device=0
[debug] d_stage 0000000200002400 type=2 device=0
[debug] d_stage 0000000200002400 type=2 device=0
[debug] d_stage 0000000200002400 type=2 device=0
[debug] d_stage 0000000200002400 type=2 device=0
[debug] d_stage 0000000200002400 type=2 device=0
[debug] d_stage 0000000200002400 type=2 device=0
[debug] d_stage 0000000200002400 type=2 device=0
[debug] d_stage 0000000200002400 type=2 device=0
[debug] d_stage 0000000200002400 type=2 device=0
[debug] d_stage 0000000200002400 type=2 device=0
[debug] d_stage 0000000200002400 type=2 device=0
[debug] d_stage 0000000200002400 type=2 device=0
[debug] d_stage 0000000200002400 type=2 device=0
[debug] d_stage 0000000200002400 type=2 device=0
[debug] d_stage 0000000200002400 type=2 device=0
[debug] d_stage 0000000200002400 type=2 device=0
[debug] d_stage 0000000200002400 type=2 device=0
[debug] d_stage 0000000200002400 type=2 device=0
[debug] d_stage 0000000200002400 type=2 device=0
[debug] d_stage 0000000200002400 type=2 device=0
[debug] d_stage 0000000200002400 type=2 device=0
[debug] d_stage 0000000200002400 type=2 device=0
[debug] d_stage 0000000200002400 type=2 device=0
[debug] d_stage 0000000200002400 type=2 device=0
[debug] d_stage 0000000200002400 type=2 device=0
[debug] d_stage 0000000200002400 type=2 device=0
[debug] d_stage 0000000200002400 type=2 device=0
[debug] d_stage 0000000200002400 type=2 device=0
[debug] d_stage 0000000200002400 type=2 device=0
[debug] d_stage 0000000200002400 type=2 device=0
[debug] d_stage 0000000200002400 type=2 device=0
[debug] d_stage 0000000200002400 type=2 device=0
[debug] d_stage 0000000200002400 type=2 device=0
[debug] d_stage 0000000200002400 type=2 device=0
[debug] d_stage 0000000200002400 type=2 device=0
[debug] d_stage 0000000200002400 type=2 device=0
[debug] d_stage 0000000200002400 type=2 device=0
[debug] d_stage 0000000200002400 type=2 device=0
[debug] d_stage 0000000200002400 type=2 device=0
[debug] d_stage 0000000200002400 type=2 device=0
[debug] d_stage 0000000200002400 type=2 device=0
[debug] d_stage 0000000200002400 type=2 device=0
[debug] d_stage 0000000200002400 type=2 device=0
[debug] d_stage 0000000200002400 type=2 device=0
[debug] d_stage 0000000200002400 type=2 device=0
[debug] d_stage 0000000200002400 type=2 device=0
[debug] d_stage 0000000200002400 type=2 device=0
[debug] d_stage 0000000200002400 type=2 device=0
[debug] d_stage 0000000200002400 type=2 device=0
[debug] d_stage 0000000200002400 type=2 device=0
[debug] d_stage 0000000200002400 type=2 device=0
[debug] d_stage 0000000200002400 type=2 device=0
[debug] d_stage 0000000200002400 type=2 device=0
[debug] d_stage 0000000200002400 type=2 device=0
[debug] d_stage 0000000200002400 type=2 device=0
[debug] d_stage 0000000200002400 type=2 device=0
[debug] d_stage 0000000200002400 type=2 device=0
[debug] d_stage 0000000200002400 type=2 device=0
[debug] d_stage 0000000200002400 type=2 device=0
[debug] d_stage 0000000200002400 type=2 device=0
[debug] d_stage 0000000200002400 type=2 device=0
[debug] d_stage 0000000200002400 type=2 device=0
[debug] d_stage 0000000200002400 type=2 device=0
[debug] d_stage 0000000200002400 type=2 device=0
[debug] d_stage 0000000200002400 type=2 device=0
[debug] d_stage 0000000200002400 type=2 device=0
[debug] d_stage 0000000200002400 type=2 device=0
[debug] d_stage 0000000200002400 type=2 device=0
[debug] d_stage 0000000200002400 type=2 device=0
[debug] d_stage 0000000200002400 type=2 device=0
[debug] d_stage 0000000200002400 type=2 device=0
[debug] d_stage 0000000200002400 type=2 device=0
[debug] d_stage 0000000200002400 type=2 device=0
[debug] d_stage 0000000200002400 type=2 device=0
[debug] d_stage 0000000200002400 type=2 device=0
[debug] d_stage 0000000200002400 type=2 device=0
[debug] d_stage 0000000200002400 type=2 device=0
[debug] d_stage 0000000200002400 type=2 device=0
[debug] d_stage 0000000200002400 type=2 device=0
[debug] d_stage 0000000200002400 type=2 device=0
[debug] d_stage 0000000200002400 type=2 device=0
[debug] d_stage 0000000200002400 type=2 device=0
[debug] d_stage 0000000200002400 type=2 device=0
[debug] d_stage 0000000200002400 type=2 device=0
[debug] d_stage 0000000200002400 type=2 device=0
[debug] d_stage 0000000200002400 type=2 device=0
[debug] d_stage 0000000200002400 type=2 device=0
[debug] d_stage 0000000200002400 type=2 device=0
[debug] d_stage 0000000200002400 type=2 device=0
[debug] d_stage 0000000200002400 type=2 device=0
[debug] d_stage 0000000200002400 type=2 device=0
[debug] d_stage 0000000200002400 type=2 device=0
[debug] d_stage 0000000200002400 type=2 device=0
[debug] d_stage 0000000200002400 type=2 device=0
[debug] d_stage 0000000200002400 type=2 device=0
[debug] d_stage 0000000200002400 type=2 device=0
[debug] d_stage 0000000200002400 type=2 device=0
[debug] d_stage 0000000200002400 type=2 device=0
[debug] d_stage 0000000200002400 type=2 device=0
[debug] d_stage 0000000200002400 type=2 device=0
[debug] d_stage 0000000200002400 type=2 device=0
[debug] d_stage 0000000200002400 type=2 device=0
[debug] d_stage 0000000200002400 type=2 device=0
[debug] d_stage 0000000200002400 type=2 device=0
[debug] d_stage 0000000200002400 type=2 device=0
[debug] d_stage 0000000200002400 type=2 device=0
[debug] d_stage 0000000200002400 type=2 device=0
[debug] d_stage 0000000200002400 type=2 device=0
[debug] d_stage 0000000200002400 type=2 device=0
[debug] d_stage 0000000200002400 type=2 device=0
[debug] d_stage 0000000200002400 type=2 device=0
[debug] d_stage 0000000200002400 type=2 device=0
[debug] d_stage 0000000200002400 type=2 device=0
[debug] d_stage 0000000200002400 type=2 device=0
[debug] d_stage 0000000200002400 type=2 device=0
[debug] d_stage 0000000200002400 type=2 device=0
[debug] d_stage 0000000200002400 type=2 device=0
[debug] d_stage 0000000200002400 type=2 device=0
[debug] d_stage 0000000200002400 type=2 device=0
[debug] d_stage 0000000200002400 type=2 device=0
[debug] d_stage 0000000200002400 type=2 device=0
[debug] d_stage 0000000200002400 type=2 device=0
[debug] d_stage 0000000200002400 type=2 device=0
[debug] d_stage 0000000200002400 type=2 device=0
[debug] d_stage 0000000200002400 type=2 device=0
[debug] d_stage 0000000200002400 type=2 device=0
[debug] d_stage 0000000200002400 type=2 device=0
[debug] d_stage 0000000200002400 type=2 device=0
[debug] d_stage 0000000200002400 type=2 device=0
[debug] d_stage 0000000200002400 type=2 device=0
[debug] d_stage 0000000200002400 type=2 device=0
[debug] d_stage 0000000200002400 type=2 device=0
[debug] d_stage 0000000200002400 type=2 device=0
[debug] d_stage 0000000200002400 type=2 device=0
[debug] d_stage 0000000200002400 type=2 device=0
[debug] d_stage 0000000200002400 type=2 device=0
[debug] d_stage 0000000200002400 type=2 device=0
[debug] d_stage 0000000200002400 type=2 device=0
[debug] d_stage 0000000200002400 type=2 device=0
[debug] d_stage 0000000200002400 type=2 device=0
[debug] d_stage 0000000200002400 type=2 device=0
[debug] d_stage 0000000200002400 type=2 device=0
[debug] d_stage 0000000200002400 type=2 device=0
[debug] d_stage 0000000200002400 type=2 device=0
[debug] d_stage 0000000200002400 type=2 device=0
[debug] d_stage 0000000200002400 type=2 device=0
[debug] d_stage 0000000200002400 type=2 device=0
[debug] d_stage 0000000200002400 type=2 device=0
[debug] d_stage 0000000200002400 type=2 device=0
[debug] d_stage 0000000200002400 type=2 device=0
[debug] d_stage 0000000200002400 type=2 device=0
[debug] d_stage 0000000200002400 type=2 device=0
[debug] d_stage 0000000200002400 type=2 device=0
[debug] d_stage 0000000200002400 type=2 device=0
[debug] d_stage 0000000200002400 type=2 device=0
[debug] d_stage 0000000200002400 type=2 device=0
[debug] d_stage 0000000200002400 type=2 device=0
[debug] d_stage 0000000200002400 type=2 device=0
[debug] d_stage 0000000200002400 type=2 device=0
[debug] d_stage 0000000200002400 type=2 device=0
[debug] d_stage 0000000200002400 type=2 device=0
[debug] d_stage 0000000200002400 type=2 device=0
[debug] d_stage 0000000200002400 type=2 device=0
[debug] d_stage 0000000200002400 type=2 device=0
[debug] d_stage 0000000200002400 type=2 device=0
[debug] d_stage 0000000200002400 type=2 device=0
[debug] d_stage 0000000200002400 type=2 device=0
[debug] d_stage 0000000200002400 type=2 device=0
[debug] d_stage 0000000200002400 type=2 device=0
[debug] d_stage 0000000200002400 type=2 device=0
[debug] d_stage 0000000200002400 type=2 device=0
[debug] d_stage 0000000200002400 type=2 device=0
[debug] d_stage 0000000200002400 type=2 device=0
[debug] d_stage 0000000200002400 type=2 device=0
[debug] d_stage 0000000200002400 type=2 device=0
[debug] d_stage 0000000200002400 type=2 device=0
[debug] d_stage 0000000200002400 type=2 device=0
[debug] d_stage 0000000200002400 type=2 device=0
[debug] d_stage 0000000200002400 type=2 device=0
[debug] d_stage 0000000200002400 type=2 device=0
[debug] d_stage 0000000200002400 type=2 device=0
[debug] d_stage 0000000200002400 type=2 device=0
[debug] d_stage 0000000200002400 type=2 device=0
[debug] d_stage 0000000200002400 type=2 device=0
[debug] d_stage 0000000200002400 type=2 device=0
[debug] d_stage 0000000200002400 type=2 device=0
[debug] d_stage 0000000200002400 type=2 device=0
[debug] d_stage 0000000200002400 type=2 device=0
[debug] d_stage 0000000200002400 type=2 device=0
[debug] d_stage 0000000200002400 type=2 device=0
[debug] d_stage 0000000200002400 type=2 device=0
[debug] d_stage 0000000200002400 type=2 device=0
[debug] d_stage 0000000200002400 type=2 device=0
[debug] d_stage 0000000200002400 type=2 device=0
[debug] d_stage 0000000200002400 type=2 device=0
[debug] d_stage 0000000200002400 type=2 device=0
[debug] d_stage 0000000200002400 type=2 device=0
[debug] d_stage 0000000200002400 type=2 device=0
[debug] d_stage 0000000200002400 type=2 device=0
[debug] d_stage 0000000200002400 type=2 device=0
[debug] d_stage 0000000200002400 type=2 device=0
[debug] d_stage 0000000200002400 type=2 device=0
[debug] d_stage 0000000200002400 type=2 device=0
[debug] d_stage 0000000200002400 type=2 device=0
[debug] d_stage 0000000200002400 type=2 device=0
[debug] d_stage 0000000200002400 type=2 device=0
[debug] d_stage 0000000200002400 type=2 device=0
[debug] d_stage 0000000200002400 type=2 device=0
[debug] d_stage 0000000200002400 type=2 device=0
[debug] d_stage 0000000200002400 type=2 device=0
[debug] d_stage 0000000200002400 type=2 device=0
[debug] d_stage 0000000200002400 type=2 device=0
[debug] d_stage 0000000200002400 type=2 device=0
[debug] d_stage 0000000200002400 type=2 device=0
[debug] d_stage 0000000200002400 type=2 device=0
[debug] d_stage 0000000200002400 type=2 device=0
[debug] d_stage 0000000200002400 type=2 device=0
[debug] d_stage 0000000200002400 type=2 device=0
[debug] d_stage 0000000200002400 type=2 device=0
[debug] d_stage 0000000200002400 type=2 device=0
[debug] d_stage 0000000200002400 type=2 device=0
[debug] d_stage 0000000200002400 type=2 device=0
[debug] d_stage 0000000200002400 type=2 device=0
[debug] d_stage 0000000200002400 type=2 device=0
[debug] d_stage 0000000200002400 type=2 device=0
[debug] d_stage 0000000200002400 type=2 device=0
[debug] d_stage 0000000200002400 type=2 device=0
[debug] d_stage 0000000200002400 type=2 device=0
[debug] d_stage 0000000200002400 type=2 device=0
[debug] d_stage 0000000200002400 type=2 device=0
[debug] d_stage 0000000200002400 type=2 device=0
[debug] d_stage 0000000200002400 type=2 device=0
[debug] d_stage 0000000200002400 type=2 device=0
[debug] d_stage 0000000200002400 type=2 device=0
[debug] d_stage 0000000200002400 type=2 device=0
[debug] d_stage 0000000200002400 type=2 device=0
[debug] d_stage 0000000200002400 type=2 device=0
[debug] d_stage 0000000200002400 type=2 device=0
[debug] d_stage 0000000200002400 type=2 device=0
[debug] d_stage 0000000200002400 type=2 device=0
[debug] d_stage 0000000200002400 type=2 device=0
[debug] d_stage 0000000200002400 type=2 device=0
[debug] d_stage 0000000200002400 type=2 device=0
[debug] d_stage 0000000200002400 type=2 device=0
[debug] d_stage 0000000200002400 type=2 device=0
[debug] d_stage 0000000200002400 type=2 device=0
[debug] d_stage 0000000200002400 type=2 device=0
[debug] d_stage 0000000200002400 type=2 device=0
[debug] d_stage 0000000200002400 type=2 device=0
[debug] d_stage 0000000200002400 type=2 device=0
[debug] d_stage 0000000200002400 type=2 device=0
[debug] d_stage 0000000200002400 type=2 device=0
[debug] d_stage 0000000200002400 type=2 device=0
[debug] d_stage 0000000200002400 type=2 device=0
[debug] d_stage 0000000200002400 type=2 device=0
[debug] d_stage 0000000200002400 type=2 device=0
[debug] d_stage 0000000200002400 type=2 device=0
[debug] d_stage 0000000200002400 type=2 device=0
[debug] d_stage 0000000200002400 type=2 device=0
[debug] d_stage 0000000200002400 type=2 device=0
[debug] d_stage 0000000200002400 type=2 device=0
[debug] d_stage 0000000200002400 type=2 device=0
[debug] d_stage 0000000200002400 type=2 device=0
[debug] d_stage 0000000200002400 type=2 device=0
[debug] d_stage 0000000200002400 type=2 device=0
[debug] d_stage 0000000200002400 type=2 device=0
[debug] d_stage 0000000200002400 type=2 device=0
[debug] d_stage 0000000200002400 type=2 device=0
[debug] d_stage 0000000200002400 type=2 device=0
[debug] d_stage 0000000200002400 type=2 device=0
[debug] d_stage 0000000200002400 type=2 device=0
[debug] d_stage 0000000200002400 type=2 device=0
[debug] d_stage 0000000200002400 type=2 device=0
[debug] d_stage 0000000200002400 type=2 device=0
[debug] d_stage 0000000200002400 type=2 device=0
[debug] d_stage 0000000200002400 type=2 device=0
[debug] d_stage 0000000200002400 type=2 device=0
[debug] d_stage 0000000200002400 type=2 device=0
[debug] d_stage 0000000200002400 type=2 device=0
[debug] d_stage 0000000200002400 type=2 device=0
[debug] d_stage 0000000200002400 type=2 device=0
[debug] d_stage 0000000200002400 type=2 device=0
[debug] d_stage 0000000200002400 type=2 device=0
[debug] d_stage 0000000200002400 type=2 device=0
[debug] d_stage 0000000200002400 type=2 device=0
[debug] d_stage 0000000200002400 type=2 device=0
[debug] d_stage 0000000200002400 type=2 device=0
[debug] d_stage 0000000200002400 type=2 device=0
[debug] d_stage 0000000200002400 type=2 device=0
[debug] d_stage 0000000200002400 type=2 device=0
[debug] d_stage 0000000200002400 type=2 device=0
[debug] d_stage 0000000200002400 type=2 device=0
[debug] d_stage 0000000200002400 type=2 device=0
[debug] d_stage 0000000200002400 type=2 device=0
[debug] d_stage 0000000200002400 type=2 device=0
[debug] d_stage 0000000200002400 type=2 device=0
[debug] d_stage 0000000200002400 type=2 device=0
[debug] d_stage 0000000200002400 type=2 device=0
[debug] d_stage 0000000200002400 type=2 device=0
[debug] d_stage 0000000200002400 type=2 device=0
[debug] d_stage 0000000200002400 type=2 device=0
[debug] d_stage 0000000200002400 type=2 device=0
[debug] d_stage 0000000200002400 type=2 device=0
[debug] d_stage 0000000200002400 type=2 device=0
[debug] d_stage 0000000200002400 type=2 device=0
[debug] d_stage 0000000200002400 type=2 device=0
[debug] d_stage 0000000200002400 type=2 device=0
[debug] d_stage 0000000200002400 type=2 device=0
[debug] d_stage 0000000200002400 type=2 device=0
[debug] d_stage 0000000200002400 type=2 device=0
[debug] d_stage 0000000200002400 type=2 device=0
[debug] d_stage 0000000200002400 type=2 device=0
[debug] d_stage 0000000200002400 type=2 device=0
[debug] d_stage 0000000200002400 type=2 device=0
[debug] d_stage 0000000200002400 type=2 device=0
[debug] d_stage 0000000200002400 type=2 device=0
[debug] d_stage 0000000200002400 type=2 device=0
[debug] d_stage 0000000200002400 type=2 device=0
[debug] d_stage 0000000200002400 type=2 device=0
[debug] d_stage 0000000200002400 type=2 device=0
[debug] d_stage 0000000200002400 type=2 device=0
[debug] d_stage 0000000200002400 type=2 device=0
[debug] d_stage 0000000200002400 type=2 device=0
[debug] d_stage 0000000200002400 type=2 device=0
[debug] d_stage 0000000200002400 type=2 device=0
[debug] d_stage 0000000200002400 type=2 device=0
[debug] d_stage 0000000200002400 type=2 device=0
[debug] d_stage 0000000200002400 type=2 device=0
[debug] d_stage 0000000200002400 type=2 device=0
[debug] d_stage 0000000200002400 type=2 device=0
[debug] d_stage 0000000200002400 type=2 device=0
[debug] d_stage 0000000200002400 type=2 device=0
[debug] d_stage 0000000200002400 type=2 device=0
[debug] d_stage 0000000200002400 type=2 device=0
[debug] d_stage 0000000200002400 type=2 device=0
[debug] d_stage 0000000200002400 type=2 device=0
[debug] d_stage 0000000200002400 type=2 device=0
[debug] d_stage 0000000200002400 type=2 device=0
[debug] d_stage 0000000200002400 type=2 device=0
[debug] d_stage 0000000200002400 type=2 device=0
[debug] d_stage 0000000200002400 type=2 device=0
[debug] d_stage 0000000200002400 type=2 device=0
[debug] d_stage 0000000200002400 type=2 device=0
[debug] d_stage 0000000200002400 type=2 device=0
[debug] d_stage 0000000200002400 type=2 device=0
[debug] d_stage 0000000200002400 type=2 device=0
[debug] d_stage 0000000200002400 type=2 device=0
[debug] d_stage 0000000200002400 type=2 device=0
[debug] d_stage 0000000200002400 type=2 device=0
[debug] d_stage 0000000200002400 type=2 device=0
[debug] d_stage 0000000200002400 type=2 device=0
[debug] d_stage 0000000200002400 type=2 device=0
[debug] d_stage 0000000200002400 type=2 device=0
[debug] d_stage 0000000200002400 type=2 device=0
[debug] d_stage 0000000200002400 type=2 device=0
[debug] d_stage 0000000200002400 type=2 device=0
[debug] d_stage 0000000200002400 type=2 device=0
[debug] d_stage 0000000200002400 type=2 device=0
[debug] d_stage 0000000200002400 type=2 device=0
[debug] d_stage 0000000200002400 type=2 device=0
[debug] d_stage 0000000200002400 type=2 device=0
[debug] d_stage 0000000200002400 type=2 device=0
[debug] d_stage 0000000200002400 type=2 device=0
[debug] d_stage 0000000200002400 type=2 device=0
[debug] d_stage 0000000200002400 type=2 device=0
[debug] d_stage 0000000200002400 type=2 device=0
[debug] d_stage 0000000200002400 type=2 device=0
[debug] d_stage 0000000200002400 type=2 device=0
[debug] d_stage 0000000200002400 type=2 device=0
[debug] d_stage 0000000200002400 type=2 device=0
[debug] d_stage 0000000200002400 type=2 device=0
[debug] d_stage 0000000200002400 type=2 device=0
[debug] d_stage 0000000200002400 type=2 device=0
[debug] d_stage 0000000200002400 type=2 device=0
[debug] d_stage 0000000200002400 type=2 device=0
[debug] d_stage 0000000200002400 type=2 device=0
[debug] d_stage 0000000200002400 type=2 device=0
[debug] d_stage 0000000200002400 type=2 device=0
[debug] d_stage 0000000200002400 type=2 device=0
[debug] d_stage 0000000200002400 type=2 device=0
[debug] d_stage 0000000200002400 type=2 device=0
[debug] d_stage 0000000200002400 type=2 device=0
[debug] d_stage 0000000200002400 type=2 device=0
[debug] d_stage 0000000200002400 type=2 device=0
[debug] d_stage 0000000200002400 type=2 device=0
[debug] d_stage 0000000200002400 type=2 device=0
[debug] d_stage 0000000200002400 type=2 device=0
[debug] d_stage 0000000200002400 type=2 device=0
[debug] d_stage 0000000200002400 type=2 device=0
[debug] d_stage 0000000200002400 type=2 device=0
[debug] d_stage 0000000200002400 type=2 device=0
[debug] d_stage 0000000200002400 type=2 device=0
[debug] d_stage 0000000200002400 type=2 device=0
[debug] d_stage 0000000200002400 type=2 device=0
[debug] d_stage 0000000200002400 type=2 device=0
[debug] d_stage 0000000200002400 type=2 device=0
[debug] d_stage 0000000200002400 type=2 device=0
[debug] d_stage 0000000200002400 type=2 device=0
[debug] d_stage 0000000200002400 type=2 device=0
[debug] d_stage 0000000200002400 type=2 device=0
[debug] d_stage 0000000200002400 type=2 device=0
[debug] d_stage 0000000200002400 type=2 device=0
[debug] d_stage 0000000200002400 type=2 device=0
[debug] d_stage 0000000200002400 type=2 device=0
[debug] d_stage 0000000200002400 type=2 device=0
[debug] d_stage 0000000200002400 type=2 device=0
[debug] d_stage 0000000200002400 type=2 device=0
[debug] d_stage 0000000200002400 type=2 device=0
[debug] d_stage 0000000200002400 type=2 device=0
[debug] d_stage 0000000200002400 type=2 device=0
[debug] d_stage 0000000200002400 type=2 device=0
[debug] d_stage 0000000200002400 type=2 device=0
[debug] d_stage 0000000200002400 type=2 device=0
[debug] d_stage 0000000200002400 type=2 device=0
[debug] d_stage 0000000200002400 type=2 device=0
[debug] d_stage 0000000200002400 type=2 device=0
[debug] d_stage 0000000200002400 type=2 device=0
[debug] d_stage 0000000200002400 type=2 device=0
[debug] d_stage 0000000200002400 type=2 device=0
[debug] d_stage 0000000200002400 type=2 device=0
[debug] d_stage 0000000200002400 type=2 device=0
[debug] d_stage 0000000200002400 type=2 device=0
[debug] d_stage 0000000200002400 type=2 device=0
[debug] d_stage 0000000200002400 type=2 device=0
[debug] d_stage 0000000200002400 type=2 device=0
[debug] d_stage 0000000200002400 type=2 device=0
[debug] d_stage 0000000200002400 type=2 device=0
[debug] d_stage 0000000200002400 type=2 device=0
[debug] d_stage 0000000200002400 type=2 device=0
[debug] d_stage 0000000200002400 type=2 device=0
[debug] d_stage 0000000200002400 type=2 device=0
[debug] d_stage 0000000200002400 type=2 device=0
[debug] d_stage 0000000200002400 type=2 device=0
[debug] d_stage 0000000200002400 type=2 device=0
[debug] d_stage 0000000200002400 type=2 device=0
[debug] d_stage 0000000200002400 type=2 device=0
[debug] d_stage 0000000200002400 type=2 device=0
[debug] d_stage 0000000200002400 type=2 device=0
[debug] d_stage 0000000200002400 type=2 device=0
[debug] d_stage 0000000200002400 type=2 device=0
[debug] d_stage 0000000200002400 type=2 device=0
[debug] d_stage 0000000200002400 type=2 device=0
[debug] d_stage 0000000200002400 type=2 device=0
[debug] d_stage 0000000200002400 type=2 device=0
[debug] d_stage 0000000200002400 type=2 device=0
[debug] d_stage 0000000200002400 type=2 device=0
[debug] d_stage 0000000200002400 type=2 device=0
[debug] d_stage 0000000200002400 type=2 device=0
[debug] d_stage 0000000200002400 type=2 device=0
[debug] d_stage 0000000200002400 type=2 device=0
[debug] d_stage 0000000200002400 type=2 device=0
[debug] d_stage 0000000200002400 type=2 device=0
[debug] d_stage 0000000200002400 type=2 device=0
[debug] d_stage 0000000200002400 type=2 device=0
[debug] d_stage 0000000200002400 type=2 device=0
[debug] d_stage 0000000200002400 type=2 device=0
[debug] d_stage 0000000200002400 type=2 device=0
[debug] d_stage 0000000200002400 type=2 device=0
[debug] d_stage 0000000200002400 type=2 device=0
[debug] d_stage 0000000200002400 type=2 device=0
[debug] d_stage 0000000200002400 type=2 device=0
[debug] d_stage 0000000200002400 type=2 device=0
[debug] d_stage 0000000200002400 type=2 device=0
[debug] d_stage 0000000200002400 type=2 device=0
[debug] d_stage 0000000200002400 type=2 device=0
[debug] d_stage 0000000200002400 type=2 device=0
[debug] d_stage 0000000200002400 type=2 device=0
[debug] d_stage 0000000200002400 type=2 device=0
[debug] d_stage 0000000200002400 type=2 device=0
[debug] d_stage 0000000200002400 type=2 device=0
[debug] d_stage 0000000200002400 type=2 device=0
[debug] d_stage 0000000200002400 type=2 device=0
[debug] d_stage 0000000200002400 type=2 device=0
[debug] d_stage 0000000200002400 type=2 device=0
[debug] d_stage 0000000200002400 type=2 device=0
[debug] d_stage 0000000200002400 type=2 device=0
[debug] d_stage 0000000200002400 type=2 device=0
[debug] d_stage 0000000200002400 type=2 device=0
[debug] d_stage 0000000200002400 type=2 device=0
[debug] d_stage 0000000200002400 type=2 device=0
[debug] d_stage 0000000200002400 type=2 device=0
[server] stop requested
[       OK ] PhysicsTest.TST_UNT_PHYS_002_EnergyConservation (18338 ms)
[ RUN      ] PhysicsTest.TST_UNT_PHYS_005_LongRunStability
[server] start particles=2 dt=0.001
[server] init rebuild mode=file active_source=file input_file=C:\Users\luisf\EpitechPromo2027\CUDA-GRAVITY-SIMULATION-restored\tests\data\two_body_rest.xyz input_format=xyz particles=2
[debug] d_stage 0000000200002400 type=2 device=0
[server] loaded initial state from C:\Users\luisf\EpitechPromo2027\CUDA-GRAVITY-SIMULATION-restored\tests\data\two_body_rest.xyz particles=2
[server] active solver=octree_cpu integrator=rk4 perf=interactive theta=1.2 softening=2.5 sph=off substep_target_dt=0.01 max_substeps=4 snapshot_publish_ms=50
[debug] d_stage 0000000200002400 type=2 device=0
[debug] d_stage 0000000200002400 type=2 device=0
[debug] d_stage 0000000200002400 type=2 device=0
[debug] d_stage 0000000200002400 type=2 device=0
[debug] d_stage 0000000200002400 type=2 device=0
[debug] d_stage 0000000200002400 type=2 device=0
[debug] d_stage 0000000200002400 type=2 device=0
[debug] d_stage 0000000200002400 type=2 device=0
[debug] d_stage 0000000200002400 type=2 device=0
[debug] d_stage 0000000200002400 type=2 device=0
[debug] d_stage 0000000200002400 type=2 device=0
[debug] d_stage 0000000200002400 type=2 device=0
[debug] d_stage 0000000200002400 type=2 device=0
[debug] d_stage 0000000200002400 type=2 device=0
[debug] d_stage 0000000200002400 type=2 device=0
[debug] d_stage 0000000200002400 type=2 device=0
[debug] d_stage 0000000200002400 type=2 device=0
[debug] d_stage 0000000200002400 type=2 device=0
[debug] d_stage 0000000200002400 type=2 device=0
[debug] d_stage 0000000200002400 type=2 device=0
[debug] d_stage 0000000200002400 type=2 device=0
[debug] d_stage 0000000200002400 type=2 device=0
[debug] d_stage 0000000200002400 type=2 device=0
[debug] d_stage 0000000200002400 type=2 device=0
[debug] d_stage 0000000200002400 type=2 device=0
[debug] d_stage 0000000200002400 type=2 device=0
[debug] d_stage 0000000200002400 type=2 device=0
[debug] d_stage 0000000200002400 type=2 device=0
[debug] d_stage 0000000200002400 type=2 device=0
[debug] d_stage 0000000200002400 type=2 device=0
[debug] d_stage 0000000200002400 type=2 device=0
[debug] d_stage 0000000200002400 type=2 device=0
[debug] d_stage 0000000200002400 type=2 device=0
[debug] d_stage 0000000200002400 type=2 device=0
[debug] d_stage 0000000200002400 type=2 device=0
[debug] d_stage 0000000200002400 type=2 device=0
[debug] d_stage 0000000200002400 type=2 device=0
[debug] d_stage 0000000200002400 type=2 device=0
[debug] d_stage 0000000200002400 type=2 device=0
[debug] d_stage 0000000200002400 type=2 device=0
[debug] d_stage 0000000200002400 type=2 device=0
[debug] d_stage 0000000200002400 type=2 device=0
[debug] d_stage 0000000200002400 type=2 device=0
[debug] d_stage 0000000200002400 type=2 device=0
[debug] d_stage 0000000200002400 type=2 device=0
[debug] d_stage 0000000200002400 type=2 device=0
[debug] d_stage 0000000200002400 type=2 device=0
[debug] d_stage 0000000200002400 type=2 device=0
[debug] d_stage 0000000200002400 type=2 device=0
[debug] d_stage 0000000200002400 type=2 device=0
[debug] d_stage 0000000200002400 type=2 device=0
[debug] d_stage 0000000200002400 type=2 device=0
[debug] d_stage 0000000200002400 type=2 device=0
[debug] d_stage 0000000200002400 type=2 device=0
[debug] d_stage 0000000200002400 type=2 device=0
[debug] d_stage 0000000200002400 type=2 device=0
[debug] d_stage 0000000200002400 type=2 device=0
[debug] d_stage 0000000200002400 type=2 device=0
[debug] d_stage 0000000200002400 type=2 device=0
[debug] d_stage 0000000200002400 type=2 device=0
[debug] d_stage 0000000200002400 type=2 device=0
[debug] d_stage 0000000200002400 type=2 device=0
[debug] d_stage 0000000200002400 type=2 device=0
[debug] d_stage 0000000200002400 type=2 device=0
[debug] d_stage 0000000200002400 type=2 device=0
[debug] d_stage 0000000200002400 type=2 device=0
[debug] d_stage 0000000200002400 type=2 device=0
[debug] d_stage 0000000200002400 type=2 device=0
[debug] d_stage 0000000200002400 type=2 device=0
[debug] d_stage 0000000200002400 type=2 device=0
[debug] d_stage 0000000200002400 type=2 device=0
[debug] d_stage 0000000200002400 type=2 device=0
[debug] d_stage 0000000200002400 type=2 device=0
[debug] d_stage 0000000200002400 type=2 device=0
[debug] d_stage 0000000200002400 type=2 device=0
[debug] d_stage 0000000200002400 type=2 device=0
[debug] d_stage 0000000200002400 type=2 device=0
[debug] d_stage 0000000200002400 type=2 device=0
[debug] d_stage 0000000200002400 type=2 device=0
[debug] d_stage 0000000200002400 type=2 device=0
[debug] d_stage 0000000200002400 type=2 device=0
[debug] d_stage 0000000200002400 type=2 device=0
[debug] d_stage 0000000200002400 type=2 device=0
[debug] d_stage 0000000200002400 type=2 device=0
[debug] d_stage 0000000200002400 type=2 device=0
[debug] d_stage 0000000200002400 type=2 device=0
[debug] d_stage 0000000200002400 type=2 device=0
[debug] d_stage 0000000200002400 type=2 device=0
[debug] d_stage 0000000200002400 type=2 device=0
[debug] d_stage 0000000200002400 type=2 device=0
[debug] d_stage 0000000200002400 type=2 device=0
[debug] d_stage 0000000200002400 type=2 device=0
[debug] d_stage 0000000200002400 type=2 device=0
[debug] d_stage 0000000200002400 type=2 device=0
[debug] d_stage 0000000200002400 type=2 device=0
[debug] d_stage 0000000200002400 type=2 device=0
[debug] d_stage 0000000200002400 type=2 device=0
[debug] d_stage 0000000200002400 type=2 device=0
[debug] d_stage 0000000200002400 type=2 device=0
[debug] d_stage 0000000200002400 type=2 device=0
[debug] d_stage 0000000200002400 type=2 device=0
[debug] d_stage 0000000200002400 type=2 device=0
[debug] d_stage 0000000200002400 type=2 device=0
[debug] d_stage 0000000200002400 type=2 device=0
[debug] d_stage 0000000200002400 type=2 device=0
[debug] d_stage 0000000200002400 type=2 device=0
[debug] d_stage 0000000200002400 type=2 device=0
[debug] d_stage 0000000200002400 type=2 device=0
[debug] d_stage 0000000200002400 type=2 device=0
[debug] d_stage 0000000200002400 type=2 device=0
[debug] d_stage 0000000200002400 type=2 device=0
[debug] d_stage 0000000200002400 type=2 device=0
[debug] d_stage 0000000200002400 type=2 device=0
[debug] d_stage 0000000200002400 type=2 device=0
[debug] d_stage 0000000200002400 type=2 device=0
[debug] d_stage 0000000200002400 type=2 device=0
[debug] d_stage 0000000200002400 type=2 device=0
[debug] d_stage 0000000200002400 type=2 device=0
[debug] d_stage 0000000200002400 type=2 device=0
[debug] d_stage 0000000200002400 type=2 device=0
[debug] d_stage 0000000200002400 type=2 device=0
[debug] d_stage 0000000200002400 type=2 device=0
[debug] d_stage 0000000200002400 type=2 device=0
[debug] d_stage 0000000200002400 type=2 device=0
[debug] d_stage 0000000200002400 type=2 device=0
[debug] d_stage 0000000200002400 type=2 device=0
[debug] d_stage 0000000200002400 type=2 device=0
[debug] d_stage 0000000200002400 type=2 device=0
[debug] d_stage 0000000200002400 type=2 device=0
[debug] d_stage 0000000200002400 type=2 device=0
[debug] d_stage 0000000200002400 type=2 device=0
[debug] d_stage 0000000200002400 type=2 device=0
[debug] d_stage 0000000200002400 type=2 device=0
[debug] d_stage 0000000200002400 type=2 device=0
[debug] d_stage 0000000200002400 type=2 device=0
[debug] d_stage 0000000200002400 type=2 device=0
[debug] d_stage 0000000200002400 type=2 device=0
[debug] d_stage 0000000200002400 type=2 device=0
[debug] d_stage 0000000200002400 type=2 device=0
[debug] d_stage 0000000200002400 type=2 device=0
[debug] d_stage 0000000200002400 type=2 device=0
[debug] d_stage 0000000200002400 type=2 device=0
[debug] d_stage 0000000200002400 type=2 device=0
[debug] d_stage 0000000200002400 type=2 device=0
[debug] d_stage 0000000200002400 type=2 device=0
[debug] d_stage 0000000200002400 type=2 device=0
[debug] d_stage 0000000200002400 type=2 device=0
[debug] d_stage 0000000200002400 type=2 device=0
[debug] d_stage 0000000200002400 type=2 device=0
[debug] d_stage 0000000200002400 type=2 device=0
[debug] d_stage 0000000200002400 type=2 device=0
[debug] d_stage 0000000200002400 type=2 device=0
[debug] d_stage 0000000200002400 type=2 device=0
[debug] d_stage 0000000200002400 type=2 device=0
[debug] d_stage 0000000200002400 type=2 device=0
[debug] d_stage 0000000200002400 type=2 device=0
[debug] d_stage 0000000200002400 type=2 device=0
[debug] d_stage 0000000200002400 type=2 device=0
[debug] d_stage 0000000200002400 type=2 device=0
[debug] d_stage 0000000200002400 type=2 device=0
[debug] d_stage 0000000200002400 type=2 device=0
[debug] d_stage 0000000200002400 type=2 device=0
[debug] d_stage 0000000200002400 type=2 device=0
[debug] d_stage 0000000200002400 type=2 device=0
[debug] d_stage 0000000200002400 type=2 device=0
[debug] d_stage 0000000200002400 type=2 device=0
[debug] d_stage 0000000200002400 type=2 device=0
[debug] d_stage 0000000200002400 type=2 device=0
[debug] d_stage 0000000200002400 type=2 device=0
[debug] d_stage 0000000200002400 type=2 device=0
[debug] d_stage 0000000200002400 type=2 device=0
[debug] d_stage 0000000200002400 type=2 device=0
[debug] d_stage 0000000200002400 type=2 device=0
[debug] d_stage 0000000200002400 type=2 device=0
[debug] d_stage 0000000200002400 type=2 device=0
[debug] d_stage 0000000200002400 type=2 device=0
[debug] d_stage 0000000200002400 type=2 device=0
[debug] d_stage 0000000200002400 type=2 device=0
[debug] d_stage 0000000200002400 type=2 device=0
[debug] d_stage 0000000200002400 type=2 device=0
[debug] d_stage 0000000200002400 type=2 device=0
[debug] d_stage 0000000200002400 type=2 device=0
[debug] d_stage 0000000200002400 type=2 device=0
[debug] d_stage 0000000200002400 type=2 device=0
[debug] d_stage 0000000200002400 type=2 device=0
[debug] d_stage 0000000200002400 type=2 device=0
[debug] d_stage 0000000200002400 type=2 device=0
[debug] d_stage 0000000200002400 type=2 device=0
[debug] d_stage 0000000200002400 type=2 device=0
[debug] d_stage 0000000200002400 type=2 device=0
[debug] d_stage 0000000200002400 type=2 device=0
[debug] d_stage 0000000200002400 type=2 device=0
[debug] d_stage 0000000200002400 type=2 device=0
[debug] d_stage 0000000200002400 type=2 device=0
[debug] d_stage 0000000200002400 type=2 device=0
[debug] d_stage 0000000200002400 type=2 device=0
[debug] d_stage 0000000200002400 type=2 device=0
[debug] d_stage 0000000200002400 type=2 device=0
[debug] d_stage 0000000200002400 type=2 device=0
[debug] d_stage 0000000200002400 type=2 device=0
[debug] d_stage 0000000200002400 type=2 device=0
[debug] d_stage 0000000200002400 type=2 device=0
[debug] d_stage 0000000200002400 type=2 device=0
[debug] d_stage 0000000200002400 type=2 device=0
[debug] d_stage 0000000200002400 type=2 device=0
[debug] d_stage 0000000200002400 type=2 device=0
[debug] d_stage 0000000200002400 type=2 device=0
[debug] d_stage 0000000200002400 type=2 device=0
[debug] d_stage 0000000200002400 type=2 device=0
[debug] d_stage 0000000200002400 type=2 device=0
[debug] d_stage 0000000200002400 type=2 device=0
[debug] d_stage 0000000200002400 type=2 device=0
[debug] d_stage 0000000200002400 type=2 device=0
[debug] d_stage 0000000200002400 type=2 device=0
[debug] d_stage 0000000200002400 type=2 device=0
[debug] d_stage 0000000200002400 type=2 device=0
[debug] d_stage 0000000200002400 type=2 device=0
[debug] d_stage 0000000200002400 type=2 device=0
[debug] d_stage 0000000200002400 type=2 device=0
[debug] d_stage 0000000200002400 type=2 device=0
[debug] d_stage 0000000200002400 type=2 device=0
[debug] d_stage 0000000200002400 type=2 device=0
[debug] d_stage 0000000200002400 type=2 device=0
[debug] d_stage 0000000200002400 type=2 device=0
[debug] d_stage 0000000200002400 type=2 device=0
[debug] d_stage 0000000200002400 type=2 device=0
[debug] d_stage 0000000200002400 type=2 device=0
[debug] d_stage 0000000200002400 type=2 device=0
[debug] d_stage 0000000200002400 type=2 device=0
[debug] d_stage 0000000200002400 type=2 device=0
[debug] d_stage 0000000200002400 type=2 device=0
[debug] d_stage 0000000200002400 type=2 device=0
[debug] d_stage 0000000200002400 type=2 device=0
[debug] d_stage 0000000200002400 type=2 device=0
[debug] d_stage 0000000200002400 type=2 device=0
[debug] d_stage 0000000200002400 type=2 device=0
[debug] d_stage 0000000200002400 type=2 device=0
[debug] d_stage 0000000200002400 type=2 device=0
[debug] d_stage 0000000200002400 type=2 device=0
[debug] d_stage 0000000200002400 type=2 device=0
[debug] d_stage 0000000200002400 type=2 device=0
[debug] d_stage 0000000200002400 type=2 device=0
[debug] d_stage 0000000200002400 type=2 device=0
[debug] d_stage 0000000200002400 type=2 device=0
[debug] d_stage 0000000200002400 type=2 device=0
[debug] d_stage 0000000200002400 type=2 device=0
[debug] d_stage 0000000200002400 type=2 device=0
[debug] d_stage 0000000200002400 type=2 device=0
[debug] d_stage 0000000200002400 type=2 device=0
[debug] d_stage 0000000200002400 type=2 device=0
[debug] d_stage 0000000200002400 type=2 device=0
[debug] d_stage 0000000200002400 type=2 device=0
[debug] d_stage 0000000200002400 type=2 device=0
[debug] d_stage 0000000200002400 type=2 device=0
[debug] d_stage 0000000200002400 type=2 device=0
[debug] d_stage 0000000200002400 type=2 device=0
[debug] d_stage 0000000200002400 type=2 device=0
[debug] d_stage 0000000200002400 type=2 device=0
[debug] d_stage 0000000200002400 type=2 device=0
[debug] d_stage 0000000200002400 type=2 device=0
[debug] d_stage 0000000200002400 type=2 device=0
[debug] d_stage 0000000200002400 type=2 device=0
[debug] d_stage 0000000200002400 type=2 device=0
[debug] d_stage 0000000200002400 type=2 device=0
[debug] d_stage 0000000200002400 type=2 device=0
[debug] d_stage 0000000200002400 type=2 device=0
[debug] d_stage 0000000200002400 type=2 device=0
[debug] d_stage 0000000200002400 type=2 device=0
[debug] d_stage 0000000200002400 type=2 device=0
[debug] d_stage 0000000200002400 type=2 device=0
[debug] d_stage 0000000200002400 type=2 device=0
[debug] d_stage 0000000200002400 type=2 device=0
[debug] d_stage 0000000200002400 type=2 device=0
[debug] d_stage 0000000200002400 type=2 device=0
[debug] d_stage 0000000200002400 type=2 device=0
[debug] d_stage 0000000200002400 type=2 device=0
[debug] d_stage 0000000200002400 type=2 device=0
[debug] d_stage 0000000200002400 type=2 device=0
[debug] d_stage 0000000200002400 type=2 device=0
[debug] d_stage 0000000200002400 type=2 device=0
[debug] d_stage 0000000200002400 type=2 device=0
[debug] d_stage 0000000200002400 type=2 device=0
[debug] d_stage 0000000200002400 type=2 device=0
[debug] d_stage 0000000200002400 type=2 device=0
[debug] d_stage 0000000200002400 type=2 device=0
[debug] d_stage 0000000200002400 type=2 device=0
[debug] d_stage 0000000200002400 type=2 device=0
[debug] d_stage 0000000200002400 type=2 device=0
[debug] d_stage 0000000200002400 type=2 device=0
[debug] d_stage 0000000200002400 type=2 device=0
[debug] d_stage 0000000200002400 type=2 device=0
[debug] d_stage 0000000200002400 type=2 device=0
[debug] d_stage 0000000200002400 type=2 device=0
[debug] d_stage 0000000200002400 type=2 device=0
[debug] d_stage 0000000200002400 type=2 device=0
[debug] d_stage 0000000200002400 type=2 device=0
[debug] d_stage 0000000200002400 type=2 device=0
[debug] d_stage 0000000200002400 type=2 device=0
[debug] d_stage 0000000200002400 type=2 device=0
[debug] d_stage 0000000200002400 type=2 device=0
[debug] d_stage 0000000200002400 type=2 device=0
[debug] d_stage 0000000200002400 type=2 device=0
[debug] d_stage 0000000200002400 type=2 device=0
[debug] d_stage 0000000200002400 type=2 device=0
[debug] d_stage 0000000200002400 type=2 device=0
[debug] d_stage 0000000200002400 type=2 device=0
[debug] d_stage 0000000200002400 type=2 device=0
[debug] d_stage 0000000200002400 type=2 device=0
[debug] d_stage 0000000200002400 type=2 device=0
[debug] d_stage 0000000200002400 type=2 device=0
[debug] d_stage 0000000200002400 type=2 device=0
[debug] d_stage 0000000200002400 type=2 device=0
[debug] d_stage 0000000200002400 type=2 device=0
[debug] d_stage 0000000200002400 type=2 device=0
[debug] d_stage 0000000200002400 type=2 device=0
[debug] d_stage 0000000200002400 type=2 device=0
[debug] d_stage 0000000200002400 type=2 device=0
[debug] d_stage 0000000200002400 type=2 device=0
[debug] d_stage 0000000200002400 type=2 device=0
[debug] d_stage 0000000200002400 type=2 device=0
[debug] d_stage 0000000200002400 type=2 device=0
[debug] d_stage 0000000200002400 type=2 device=0
[debug] d_stage 0000000200002400 type=2 device=0
[debug] d_stage 0000000200002400 type=2 device=0
[debug] d_stage 0000000200002400 type=2 device=0
[debug] d_stage 0000000200002400 type=2 device=0
[debug] d_stage 0000000200002400 type=2 device=0
[debug] d_stage 0000000200002400 type=2 device=0
[debug] d_stage 0000000200002400 type=2 device=0
[debug] d_stage 0000000200002400 type=2 device=0
[debug] d_stage 0000000200002400 type=2 device=0
[debug] d_stage 0000000200002400 type=2 device=0
[debug] d_stage 0000000200002400 type=2 device=0
[debug] d_stage 0000000200002400 type=2 device=0
[debug] d_stage 0000000200002400 type=2 device=0
[debug] d_stage 0000000200002400 type=2 device=0
[debug] d_stage 0000000200002400 type=2 device=0
[debug] d_stage 0000000200002400 type=2 device=0
[debug] d_stage 0000000200002400 type=2 device=0
[debug] d_stage 0000000200002400 type=2 device=0
[debug] d_stage 0000000200002400 type=2 device=0
[debug] d_stage 0000000200002400 type=2 device=0
[debug] d_stage 0000000200002400 type=2 device=0
[debug] d_stage 0000000200002400 type=2 device=0
[debug] d_stage 0000000200002400 type=2 device=0
[debug] d_stage 0000000200002400 type=2 device=0
[debug] d_stage 0000000200002400 type=2 device=0
[debug] d_stage 0000000200002400 type=2 device=0
[debug] d_stage 0000000200002400 type=2 device=0
[debug] d_stage 0000000200002400 type=2 device=0
[debug] d_stage 0000000200002400 type=2 device=0
[debug] d_stage 0000000200002400 type=2 device=0
[debug] d_stage 0000000200002400 type=2 device=0
[debug] d_stage 0000000200002400 type=2 device=0
[debug] d_stage 0000000200002400 type=2 device=0
[debug] d_stage 0000000200002400 type=2 device=0
[debug] d_stage 0000000200002400 type=2 device=0
[debug] d_stage 0000000200002400 type=2 device=0
[debug] d_stage 0000000200002400 type=2 device=0
[debug] d_stage 0000000200002400 type=2 device=0
[debug] d_stage 0000000200002400 type=2 device=0
[debug] d_stage 0000000200002400 type=2 device=0
[debug] d_stage 0000000200002400 type=2 device=0
[debug] d_stage 0000000200002400 type=2 device=0
[debug] d_stage 0000000200002400 type=2 device=0
[debug] d_stage 0000000200002400 type=2 device=0
[debug] d_stage 0000000200002400 type=2 device=0
[debug] d_stage 0000000200002400 type=2 device=0
[debug] d_stage 0000000200002400 type=2 device=0
[debug] d_stage 0000000200002400 type=2 device=0
[debug] d_stage 0000000200002400 type=2 device=0
[debug] d_stage 0000000200002400 type=2 device=0
[debug] d_stage 0000000200002400 type=2 device=0
[debug] d_stage 0000000200002400 type=2 device=0
[debug] d_stage 0000000200002400 type=2 device=0
[debug] d_stage 0000000200002400 type=2 device=0
[debug] d_stage 0000000200002400 type=2 device=0
[debug] d_stage 0000000200002400 type=2 device=0
[debug] d_stage 0000000200002400 type=2 device=0
[debug] d_stage 0000000200002400 type=2 device=0
[debug] d_stage 0000000200002400 type=2 device=0
[debug] d_stage 0000000200002400 type=2 device=0
[debug] d_stage 0000000200002400 type=2 device=0
[debug] d_stage 0000000200002400 type=2 device=0
[debug] d_stage 0000000200002400 type=2 device=0
[debug] d_stage 0000000200002400 type=2 device=0
[debug] d_stage 0000000200002400 type=2 device=0
[debug] d_stage 0000000200002400 type=2 device=0
[debug] d_stage 0000000200002400 type=2 device=0
[debug] d_stage 0000000200002400 type=2 device=0
[debug] d_stage 0000000200002400 type=2 device=0
[debug] d_stage 0000000200002400 type=2 device=0
[debug] d_stage 0000000200002400 type=2 device=0
[debug] d_stage 0000000200002400 type=2 device=0
[debug] d_stage 0000000200002400 type=2 device=0
[debug] d_stage 0000000200002400 type=2 device=0
[debug] d_stage 0000000200002400 type=2 device=0
[debug] d_stage 0000000200002400 type=2 device=0
[debug] d_stage 0000000200002400 type=2 device=0
[debug] d_stage 0000000200002400 type=2 device=0
[debug] d_stage 0000000200002400 type=2 device=0
[debug] d_stage 0000000200002400 type=2 device=0
[debug] d_stage 0000000200002400 type=2 device=0
[debug] d_stage 0000000200002400 type=2 device=0
[debug] d_stage 0000000200002400 type=2 device=0
[debug] d_stage 0000000200002400 type=2 device=0
[debug] d_stage 0000000200002400 type=2 device=0
[debug] d_stage 0000000200002400 type=2 device=0
[debug] d_stage 0000000200002400 type=2 device=0
[debug] d_stage 0000000200002400 type=2 device=0
[debug] d_stage 0000000200002400 type=2 device=0
[debug] d_stage 0000000200002400 type=2 device=0
[debug] d_stage 0000000200002400 type=2 device=0
[debug] d_stage 0000000200002400 type=2 device=0
[debug] d_stage 0000000200002400 type=2 device=0
[debug] d_stage 0000000200002400 type=2 device=0
[debug] d_stage 0000000200002400 type=2 device=0
[debug] d_stage 0000000200002400 type=2 device=0
[debug] d_stage 0000000200002400 type=2 device=0
[debug] d_stage 0000000200002400 type=2 device=0
[debug] d_stage 0000000200002400 type=2 device=0
[debug] d_stage 0000000200002400 type=2 device=0
[debug] d_stage 0000000200002400 type=2 device=0
[debug] d_stage 0000000200002400 type=2 device=0
[debug] d_stage 0000000200002400 type=2 device=0
[debug] d_stage 0000000200002400 type=2 device=0
[debug] d_stage 0000000200002400 type=2 device=0
[debug] d_stage 0000000200002400 type=2 device=0
[debug] d_stage 0000000200002400 type=2 device=0
[debug] d_stage 0000000200002400 type=2 device=0
[debug] d_stage 0000000200002400 type=2 device=0
[debug] d_stage 0000000200002400 type=2 device=0
[debug] d_stage 0000000200002400 type=2 device=0
[debug] d_stage 0000000200002400 type=2 device=0
[debug] d_stage 0000000200002400 type=2 device=0
[debug] d_stage 0000000200002400 type=2 device=0
[debug] d_stage 0000000200002400 type=2 device=0
[debug] d_stage 0000000200002400 type=2 device=0
[debug] d_stage 0000000200002400 type=2 device=0
[debug] d_stage 0000000200002400 type=2 device=0
[debug] d_stage 0000000200002400 type=2 device=0
[debug] d_stage 0000000200002400 type=2 device=0
[debug] d_stage 0000000200002400 type=2 device=0
[debug] d_stage 0000000200002400 type=2 device=0
[debug] d_stage 0000000200002400 type=2 device=0
[debug] d_stage 0000000200002400 type=2 device=0
[debug] d_stage 0000000200002400 type=2 device=0
[debug] d_stage 0000000200002400 type=2 device=0
[debug] d_stage 0000000200002400 type=2 device=0
[debug] d_stage 0000000200002400 type=2 device=0
[debug] d_stage 0000000200002400 type=2 device=0
[debug] d_stage 0000000200002400 type=2 device=0
[debug] d_stage 0000000200002400 type=2 device=0
[debug] d_stage 0000000200002400 type=2 device=0
[debug] d_stage 0000000200002400 type=2 device=0
[debug] d_stage 0000000200002400 type=2 device=0
[debug] d_stage 0000000200002400 type=2 device=0
[debug] d_stage 0000000200002400 type=2 device=0
[debug] d_stage 0000000200002400 type=2 device=0
[debug] d_stage 0000000200002400 type=2 device=0
[debug] d_stage 0000000200002400 type=2 device=0
[debug] d_stage 0000000200002400 type=2 device=0
[debug] d_stage 0000000200002400 type=2 device=0
[debug] d_stage 0000000200002400 type=2 device=0
[debug] d_stage 0000000200002400 type=2 device=0
[debug] d_stage 0000000200002400 type=2 device=0
[debug] d_stage 0000000200002400 type=2 device=0
[debug] d_stage 0000000200002400 type=2 device=0
[debug] d_stage 0000000200002400 type=2 device=0
[debug] d_stage 0000000200002400 type=2 device=0
[debug] d_stage 0000000200002400 type=2 device=0
[debug] d_stage 0000000200002400 type=2 device=0
[debug] d_stage 0000000200002400 type=2 device=0
[debug] d_stage 0000000200002400 type=2 device=0
[debug] d_stage 0000000200002400 type=2 device=0
[debug] d_stage 0000000200002400 type=2 device=0
[debug] d_stage 0000000200002400 type=2 device=0
[debug] d_stage 0000000200002400 type=2 device=0
[debug] d_stage 0000000200002400 type=2 device=0
[debug] d_stage 0000000200002400 type=2 device=0
[debug] d_stage 0000000200002400 type=2 device=0
[debug] d_stage 0000000200002400 type=2 device=0
[debug] d_stage 0000000200002400 type=2 device=0
[debug] d_stage 0000000200002400 type=2 device=0
[debug] d_stage 0000000200002400 type=2 device=0
[debug] d_stage 0000000200002400 type=2 device=0
[debug] d_stage 0000000200002400 type=2 device=0
[debug] d_stage 0000000200002400 type=2 device=0
[debug] d_stage 0000000200002400 type=2 device=0
[debug] d_stage 0000000200002400 type=2 device=0
[debug] d_stage 0000000200002400 type=2 device=0
[debug] d_stage 0000000200002400 type=2 device=0
[debug] d_stage 0000000200002400 type=2 device=0
[debug] d_stage 0000000200002400 type=2 device=0
[debug] d_stage 0000000200002400 type=2 device=0
[debug] d_stage 0000000200002400 type=2 device=0
[debug] d_stage 0000000200002400 type=2 device=0
[debug] d_stage 0000000200002400 type=2 device=0
[debug] d_stage 0000000200002400 type=2 device=0
[debug] d_stage 0000000200002400 type=2 device=0
[debug] d_stage 0000000200002400 type=2 device=0
[debug] d_stage 0000000200002400 type=2 device=0
[debug] d_stage 0000000200002400 type=2 device=0
[debug] d_stage 0000000200002400 type=2 device=0
[debug] d_stage 0000000200002400 type=2 device=0
[debug] d_stage 0000000200002400 type=2 device=0
[debug] d_stage 0000000200002400 type=2 device=0
[debug] d_stage 0000000200002400 type=2 device=0
[debug] d_stage 0000000200002400 type=2 device=0
[debug] d_stage 0000000200002400 type=2 device=0
[debug] d_stage 0000000200002400 type=2 device=0
[debug] d_stage 0000000200002400 type=2 device=0
[debug] d_stage 0000000200002400 type=2 device=0
[debug] d_stage 0000000200002400 type=2 device=0
[debug] d_stage 0000000200002400 type=2 device=0
[debug] d_stage 0000000200002400 type=2 device=0
[debug] d_stage 0000000200002400 type=2 device=0
[debug] d_stage 0000000200002400 type=2 device=0
[debug] d_stage 0000000200002400 type=2 device=0
[debug] d_stage 0000000200002400 type=2 device=0
[debug] d_stage 0000000200002400 type=2 device=0
[debug] d_stage 0000000200002400 type=2 device=0
[debug] d_stage 0000000200002400 type=2 device=0
[debug] d_stage 0000000200002400 type=2 device=0
[debug] d_stage 0000000200002400 type=2 device=0
[debug] d_stage 0000000200002400 type=2 device=0
[debug] d_stage 0000000200002400 type=2 device=0
[debug] d_stage 0000000200002400 type=2 device=0
[debug] d_stage 0000000200002400 type=2 device=0
[debug] d_stage 0000000200002400 type=2 device=0
[debug] d_stage 0000000200002400 type=2 device=0
[debug] d_stage 0000000200002400 type=2 device=0
[debug] d_stage 0000000200002400 type=2 device=0
[debug] d_stage 0000000200002400 type=2 device=0
[debug] d_stage 0000000200002400 type=2 device=0
[debug] d_stage 0000000200002400 type=2 device=0
[debug] d_stage 0000000200002400 type=2 device=0
[debug] d_stage 0000000200002400 type=2 device=0
[debug] d_stage 0000000200002400 type=2 device=0
[debug] d_stage 0000000200002400 type=2 device=0
[debug] d_stage 0000000200002400 type=2 device=0
[debug] d_stage 0000000200002400 type=2 device=0
[debug] d_stage 0000000200002400 type=2 device=0
[debug] d_stage 0000000200002400 type=2 device=0
[debug] d_stage 0000000200002400 type=2 device=0
[debug] d_stage 0000000200002400 type=2 device=0
[debug] d_stage 0000000200002400 type=2 device=0
[debug] d_stage 0000000200002400 type=2 device=0
[debug] d_stage 0000000200002400 type=2 device=0
[debug] d_stage 0000000200002400 type=2 device=0
[debug] d_stage 0000000200002400 type=2 device=0
[debug] d_stage 0000000200002400 type=2 device=0
[debug] d_stage 0000000200002400 type=2 device=0
[debug] d_stage 0000000200002400 type=2 device=0
[debug] d_stage 0000000200002400 type=2 device=0
[debug] d_stage 0000000200002400 type=2 device=0
[debug] d_stage 0000000200002400 type=2 device=0
[debug] d_stage 0000000200002400 type=2 device=0
[debug] d_stage 0000000200002400 type=2 device=0
[debug] d_stage 0000000200002400 type=2 device=0
[debug] d_stage 0000000200002400 type=2 device=0
[debug] d_stage 0000000200002400 type=2 device=0
[debug] d_stage 0000000200002400 type=2 device=0
[debug] d_stage 0000000200002400 type=2 device=0
[debug] d_stage 0000000200002400 type=2 device=0
[debug] d_stage 0000000200002400 type=2 device=0
[debug] d_stage 0000000200002400 type=2 device=0
[debug] d_stage 0000000200002400 type=2 device=0
[debug] d_stage 0000000200002400 type=2 device=0
[debug] d_stage 0000000200002400 type=2 device=0
[debug] d_stage 0000000200002400 type=2 device=0
[debug] d_stage 0000000200002400 type=2 device=0
[debug] d_stage 0000000200002400 type=2 device=0
[debug] d_stage 0000000200002400 type=2 device=0
[debug] d_stage 0000000200002400 type=2 device=0
[debug] d_stage 0000000200002400 type=2 device=0
[debug] d_stage 0000000200002400 type=2 device=0
[debug] d_stage 0000000200002400 type=2 device=0
[debug] d_stage 0000000200002400 type=2 device=0
[debug] d_stage 0000000200002400 type=2 device=0
[debug] d_stage 0000000200002400 type=2 device=0
[debug] d_stage 0000000200002400 type=2 device=0
[debug] d_stage 0000000200002400 type=2 device=0
[debug] d_stage 0000000200002400 type=2 device=0
[debug] d_stage 0000000200002400 type=2 device=0
[debug] d_stage 0000000200002400 type=2 device=0
[debug] d_stage 0000000200002400 type=2 device=0
[debug] d_stage 0000000200002400 type=2 device=0
[debug] d_stage 0000000200002400 type=2 device=0
[debug] d_stage 0000000200002400 type=2 device=0
[debug] d_stage 0000000200002400 type=2 device=0
[debug] d_stage 0000000200002400 type=2 device=0
[debug] d_stage 0000000200002400 type=2 device=0
[debug] d_stage 0000000200002400 type=2 device=0
[debug] d_stage 0000000200002400 type=2 device=0
[debug] d_stage 0000000200002400 type=2 device=0
[debug] d_stage 0000000200002400 type=2 device=0
[debug] d_stage 0000000200002400 type=2 device=0
[debug] d_stage 0000000200002400 type=2 device=0
[debug] d_stage 0000000200002400 type=2 device=0
[debug] d_stage 0000000200002400 type=2 device=0
[debug] d_stage 0000000200002400 type=2 device=0
[debug] d_stage 0000000200002400 type=2 device=0
[debug] d_stage 0000000200002400 type=2 device=0
[debug] d_stage 0000000200002400 type=2 device=0
[debug] d_stage 0000000200002400 type=2 device=0
[debug] d_stage 0000000200002400 type=2 device=0
[debug] d_stage 0000000200002400 type=2 device=0
[debug] d_stage 0000000200002400 type=2 device=0
[debug] d_stage 0000000200002400 type=2 device=0
[debug] d_stage 0000000200002400 type=2 device=0
[debug] d_stage 0000000200002400 type=2 device=0
[debug] d_stage 0000000200002400 type=2 device=0
[debug] d_stage 0000000200002400 type=2 device=0
[debug] d_stage 0000000200002400 type=2 device=0
[debug] d_stage 0000000200002400 type=2 device=0
[debug] d_stage 0000000200002400 type=2 device=0
[debug] d_stage 0000000200002400 type=2 device=0
[debug] d_stage 0000000200002400 type=2 device=0
[debug] d_stage 0000000200002400 type=2 device=0
[debug] d_stage 0000000200002400 type=2 device=0
[debug] d_stage 0000000200002400 type=2 device=0
[debug] d_stage 0000000200002400 type=2 device=0
[debug] d_stage 0000000200002400 type=2 device=0
[debug] d_stage 0000000200002400 type=2 device=0
[debug] d_stage 0000000200002400 type=2 device=0
[debug] d_stage 0000000200002400 type=2 device=0
[debug] d_stage 0000000200002400 type=2 device=0
[debug] d_stage 0000000200002400 type=2 device=0
[debug] d_stage 0000000200002400 type=2 device=0
[debug] d_stage 0000000200002400 type=2 device=0
[debug] d_stage 0000000200002400 type=2 device=0
[debug] d_stage 0000000200002400 type=2 device=0
[debug] d_stage 0000000200002400 type=2 device=0
[debug] d_stage 0000000200002400 type=2 device=0
[debug] d_stage 0000000200002400 type=2 device=0
[debug] d_stage 0000000200002400 type=2 device=0
[debug] d_stage 0000000200002400 type=2 device=0
[debug] d_stage 0000000200002400 type=2 device=0
[debug] d_stage 0000000200002400 type=2 device=0
[debug] d_stage 0000000200002400 type=2 device=0
[debug] d_stage 0000000200002400 type=2 device=0
[debug] d_stage 0000000200002400 type=2 device=0
[debug] d_stage 0000000200002400 type=2 device=0
[debug] d_stage 0000000200002400 type=2 device=0
[debug] d_stage 0000000200002400 type=2 device=0
[debug] d_stage 0000000200002400 type=2 device=0
[debug] d_stage 0000000200002400 type=2 device=0
[debug] d_stage 0000000200002400 type=2 device=0
[debug] d_stage 0000000200002400 type=2 device=0
[debug] d_stage 0000000200002400 type=2 device=0
[debug] d_stage 0000000200002400 type=2 device=0
[debug] d_stage 0000000200002400 type=2 device=0
[debug] d_stage 0000000200002400 type=2 device=0
[debug] d_stage 0000000200002400 type=2 device=0
[debug] d_stage 0000000200002400 type=2 device=0
[debug] d_stage 0000000200002400 type=2 device=0
[debug] d_stage 0000000200002400 type=2 device=0
[debug] d_stage 0000000200002400 type=2 device=0
[debug] d_stage 0000000200002400 type=2 device=0
[debug] d_stage 0000000200002400 type=2 device=0
[debug] d_stage 0000000200002400 type=2 device=0
[debug] d_stage 0000000200002400 type=2 device=0
[debug] d_stage 0000000200002400 type=2 device=0
[debug] d_stage 0000000200002400 type=2 device=0
[debug] d_stage 0000000200002400 type=2 device=0
[debug] d_stage 0000000200002400 type=2 device=0
[debug] d_stage 0000000200002400 type=2 device=0
[debug] d_stage 0000000200002400 type=2 device=0
[debug] d_stage 0000000200002400 type=2 device=0
[debug] d_stage 0000000200002400 type=2 device=0
[debug] d_stage 0000000200002400 type=2 device=0
[debug] d_stage 0000000200002400 type=2 device=0
[debug] d_stage 0000000200002400 type=2 device=0
[debug] d_stage 0000000200002400 type=2 device=0
[debug] d_stage 0000000200002400 type=2 device=0
[debug] d_stage 0000000200002400 type=2 device=0
[debug] d_stage 0000000200002400 type=2 device=0
[debug] d_stage 0000000200002400 type=2 device=0
[debug] d_stage 0000000200002400 type=2 device=0
[debug] d_stage 0000000200002400 type=2 device=0
[debug] d_stage 0000000200002400 type=2 device=0
[debug] d_stage 0000000200002400 type=2 device=0
[debug] d_stage 0000000200002400 type=2 device=0
[debug] d_stage 0000000200002400 type=2 device=0
[debug] d_stage 0000000200002400 type=2 device=0
[debug] d_stage 0000000200002400 type=2 device=0
[debug] d_stage 0000000200002400 type=2 device=0
[debug] d_stage 0000000200002400 type=2 device=0
[debug] d_stage 0000000200002400 type=2 device=0
[debug] d_stage 0000000200002400 type=2 device=0
[debug] d_stage 0000000200002400 type=2 device=0
[debug] d_stage 0000000200002400 type=2 device=0
[debug] d_stage 0000000200002400 type=2 device=0
[debug] d_stage 0000000200002400 type=2 device=0
[debug] d_stage 0000000200002400 type=2 device=0
[debug] d_stage 0000000200002400 type=2 device=0
[debug] d_stage 0000000200002400 type=2 device=0
[debug] d_stage 0000000200002400 type=2 device=0
[debug] d_stage 0000000200002400 type=2 device=0
[debug] d_stage 0000000200002400 type=2 device=0
[debug] d_stage 0000000200002400 type=2 device=0
[debug] d_stage 0000000200002400 type=2 device=0
[debug] d_stage 0000000200002400 type=2 device=0
[debug] d_stage 0000000200002400 type=2 device=0
[debug] d_stage 0000000200002400 type=2 device=0
[debug] d_stage 0000000200002400 type=2 device=0
[debug] d_stage 0000000200002400 type=2 device=0
[debug] d_stage 0000000200002400 type=2 device=0
[debug] d_stage 0000000200002400 type=2 device=0
[debug] d_stage 0000000200002400 type=2 device=0
[debug] d_stage 0000000200002400 type=2 device=0
[debug] d_stage 0000000200002400 type=2 device=0
[debug] d_stage 0000000200002400 type=2 device=0
[debug] d_stage 0000000200002400 type=2 device=0
[debug] d_stage 0000000200002400 type=2 device=0
[debug] d_stage 0000000200002400 type=2 device=0
[debug] d_stage 0000000200002400 type=2 device=0
[debug] d_stage 0000000200002400 type=2 device=0
[debug] d_stage 0000000200002400 type=2 device=0
[debug] d_stage 0000000200002400 type=2 device=0
[debug] d_stage 0000000200002400 type=2 device=0
[debug] d_stage 0000000200002400 type=2 device=0
[debug] d_stage 0000000200002400 type=2 device=0
[debug] d_stage 0000000200002400 type=2 device=0
[debug] d_stage 0000000200002400 type=2 device=0
[debug] d_stage 0000000200002400 type=2 device=0
[debug] d_stage 0000000200002400 type=2 device=0
[debug] d_stage 0000000200002400 type=2 device=0
[debug] d_stage 0000000200002400 type=2 device=0
[debug] d_stage 0000000200002400 type=2 device=0
[debug] d_stage 0000000200002400 type=2 device=0
[debug] d_stage 0000000200002400 type=2 device=0
[debug] d_stage 0000000200002400 type=2 device=0
[debug] d_stage 0000000200002400 type=2 device=0
[debug] d_stage 0000000200002400 type=2 device=0
[debug] d_stage 0000000200002400 type=2 device=0
[debug] d_stage 0000000200002400 type=2 device=0
[debug] d_stage 0000000200002400 type=2 device=0
[debug] d_stage 0000000200002400 type=2 device=0
[debug] d_stage 0000000200002400 type=2 device=0
[debug] d_stage 0000000200002400 type=2 device=0
[debug] d_stage 0000000200002400 type=2 device=0
[debug] d_stage 0000000200002400 type=2 device=0
[debug] d_stage 0000000200002400 type=2 device=0
[debug] d_stage 0000000200002400 type=2 device=0
[debug] d_stage 0000000200002400 type=2 device=0
[debug] d_stage 0000000200002400 type=2 device=0
[debug] d_stage 0000000200002400 type=2 device=0
[debug] d_stage 0000000200002400 type=2 device=0
[debug] d_stage 0000000200002400 type=2 device=0
[debug] d_stage 0000000200002400 type=2 device=0
[debug] d_stage 0000000200002400 type=2 device=0
[debug] d_stage 0000000200002400 type=2 device=0
[debug] d_stage 0000000200002400 type=2 device=0
[debug] d_stage 0000000200002400 type=2 device=0
[debug] d_stage 0000000200002400 type=2 device=0
[debug] d_stage 0000000200002400 type=2 device=0
[debug] d_stage 0000000200002400 type=2 device=0
[debug] d_stage 0000000200002400 type=2 device=0
[debug] d_stage 0000000200002400 type=2 device=0
[debug] d_stage 0000000200002400 type=2 device=0
[debug] d_stage 0000000200002400 type=2 device=0
[debug] d_stage 0000000200002400 type=2 device=0
[debug] d_stage 0000000200002400 type=2 device=0
[debug] d_stage 0000000200002400 type=2 device=0
[debug] d_stage 0000000200002400 type=2 device=0
[debug] d_stage 0000000200002400 type=2 device=0
[debug] d_stage 0000000200002400 type=2 device=0
[debug] d_stage 0000000200002400 type=2 device=0
[debug] d_stage 0000000200002400 type=2 device=0
[debug] d_stage 0000000200002400 type=2 device=0
[debug] d_stage 0000000200002400 type=2 device=0
[debug] d_stage 0000000200002400 type=2 device=0
[debug] d_stage 0000000200002400 type=2 device=0
[debug] d_stage 0000000200002400 type=2 device=0
[debug] d_stage 0000000200002400 type=2 device=0
[debug] d_stage 0000000200002400 type=2 device=0
[debug] d_stage 0000000200002400 type=2 device=0
[debug] d_stage 0000000200002400 type=2 device=0
[debug] d_stage 0000000200002400 type=2 device=0
[debug] d_stage 0000000200002400 type=2 device=0
[debug] d_stage 0000000200002400 type=2 device=0
[debug] d_stage 0000000200002400 type=2 device=0
[debug] d_stage 0000000200002400 type=2 device=0
[debug] d_stage 0000000200002400 type=2 device=0
[debug] d_stage 0000000200002400 type=2 device=0
[debug] d_stage 0000000200002400 type=2 device=0
[debug] d_stage 0000000200002400 type=2 device=0
[debug] d_stage 0000000200002400 type=2 device=0
[debug] d_stage 0000000200002400 type=2 device=0
[debug] d_stage 0000000200002400 type=2 device=0
[debug] d_stage 0000000200002400 type=2 device=0
[debug] d_stage 0000000200002400 type=2 device=0
[debug] d_stage 0000000200002400 type=2 device=0
[debug] d_stage 0000000200002400 type=2 device=0
[debug] d_stage 0000000200002400 type=2 device=0
[debug] d_stage 0000000200002400 type=2 device=0
[debug] d_stage 0000000200002400 type=2 device=0
[debug] d_stage 0000000200002400 type=2 device=0
[debug] d_stage 0000000200002400 type=2 device=0
[debug] d_stage 0000000200002400 type=2 device=0
[debug] d_stage 0000000200002400 type=2 device=0
[debug] d_stage 0000000200002400 type=2 device=0
[debug] d_stage 0000000200002400 type=2 device=0
[debug] d_stage 0000000200002400 type=2 device=0
[debug] d_stage 0000000200002400 type=2 device=0
[debug] d_stage 0000000200002400 type=2 device=0
[debug] d_stage 0000000200002400 type=2 device=0
[debug] d_stage 0000000200002400 type=2 device=0
[debug] d_stage 0000000200002400 type=2 device=0
[debug] d_stage 0000000200002400 type=2 device=0
[debug] d_stage 0000000200002400 type=2 device=0
[debug] d_stage 0000000200002400 type=2 device=0
[debug] d_stage 0000000200002400 type=2 device=0
[debug] d_stage 0000000200002400 type=2 device=0
[debug] d_stage 0000000200002400 type=2 device=0
[debug] d_stage 0000000200002400 type=2 device=0
[debug] d_stage 0000000200002400 type=2 device=0
[debug] d_stage 0000000200002400 type=2 device=0
[debug] d_stage 0000000200002400 type=2 device=0
[debug] d_stage 0000000200002400 type=2 device=0
[debug] d_stage 0000000200002400 type=2 device=0
[debug] d_stage 0000000200002400 type=2 device=0
[debug] d_stage 0000000200002400 type=2 device=0
[debug] d_stage 0000000200002400 type=2 device=0
[debug] d_stage 0000000200002400 type=2 device=0
[debug] d_stage 0000000200002400 type=2 device=0
[debug] d_stage 0000000200002400 type=2 device=0
[debug] d_stage 0000000200002400 type=2 device=0
[debug] d_stage 0000000200002400 type=2 device=0
[debug] d_stage 0000000200002400 type=2 device=0
[debug] d_stage 0000000200002400 type=2 device=0
[debug] d_stage 0000000200002400 type=2 device=0
[debug] d_stage 0000000200002400 type=2 device=0
[debug] d_stage 0000000200002400 type=2 device=0
[debug] d_stage 0000000200002400 type=2 device=0
[debug] d_stage 0000000200002400 type=2 device=0
[debug] d_stage 0000000200002400 type=2 device=0
[debug] d_stage 0000000200002400 type=2 device=0
[debug] d_stage 0000000200002400 type=2 device=0
[debug] d_stage 0000000200002400 type=2 device=0
[debug] d_stage 0000000200002400 type=2 device=0
[debug] d_stage 0000000200002400 type=2 device=0
[debug] d_stage 0000000200002400 type=2 device=0
[debug] d_stage 0000000200002400 type=2 device=0
[debug] d_stage 0000000200002400 type=2 device=0
[debug] d_stage 0000000200002400 type=2 device=0
[debug] d_stage 0000000200002400 type=2 device=0
[debug] d_stage 0000000200002400 type=2 device=0
[debug] d_stage 0000000200002400 type=2 device=0
[debug] d_stage 0000000200002400 type=2 device=0
[debug] d_stage 0000000200002400 type=2 device=0
[debug] d_stage 0000000200002400 type=2 device=0
[debug] d_stage 0000000200002400 type=2 device=0
[debug] d_stage 0000000200002400 type=2 device=0
[debug] d_stage 0000000200002400 type=2 device=0
[debug] d_stage 0000000200002400 type=2 device=0
[debug] d_stage 0000000200002400 type=2 device=0
[debug] d_stage 0000000200002400 type=2 device=0
[debug] d_stage 0000000200002400 type=2 device=0
[debug] d_stage 0000000200002400 type=2 device=0
[debug] d_stage 0000000200002400 type=2 device=0
[debug] d_stage 0000000200002400 type=2 device=0
[debug] d_stage 0000000200002400 type=2 device=0
[debug] d_stage 0000000200002400 type=2 device=0
[debug] d_stage 0000000200002400 type=2 device=0
[debug] d_stage 0000000200002400 type=2 device=0
[debug] d_stage 0000000200002400 type=2 device=0
[debug] d_stage 0000000200002400 type=2 device=0
[debug] d_stage 0000000200002400 type=2 device=0
[debug] d_stage 0000000200002400 type=2 device=0
[debug] d_stage 0000000200002400 type=2 device=0
[debug] d_stage 0000000200002400 type=2 device=0
[debug] d_stage 0000000200002400 type=2 device=0
[debug] d_stage 0000000200002400 type=2 device=0
[debug] d_stage 0000000200002400 type=2 device=0
[debug] d_stage 0000000200002400 type=2 device=0
[debug] d_stage 0000000200002400 type=2 device=0
[debug] d_stage 0000000200002400 type=2 device=0
[debug] d_stage 0000000200002400 type=2 device=0
[debug] d_stage 0000000200002400 type=2 device=0
[debug] d_stage 0000000200002400 type=2 device=0
[debug] d_stage 0000000200002400 type=2 device=0
[debug] d_stage 0000000200002400 type=2 device=0
[debug] d_stage 0000000200002400 type=2 device=0
[debug] d_stage 0000000200002400 type=2 device=0
[debug] d_stage 0000000200002400 type=2 device=0
[debug] d_stage 0000000200002400 type=2 device=0
[debug] d_stage 0000000200002400 type=2 device=0
[debug] d_stage 0000000200002400 type=2 device=0
[debug] d_stage 0000000200002400 type=2 device=0
[debug] d_stage 0000000200002400 type=2 device=0
[debug] d_stage 0000000200002400 type=2 device=0
[debug] d_stage 0000000200002400 type=2 device=0
[debug] d_stage 0000000200002400 type=2 device=0
[debug] d_stage 0000000200002400 type=2 device=0
[debug] d_stage 0000000200002400 type=2 device=0
[debug] d_stage 0000000200002400 type=2 device=0
[debug] d_stage 0000000200002400 type=2 device=0
[debug] d_stage 0000000200002400 type=2 device=0
[debug] d_stage 0000000200002400 type=2 device=0
[debug] d_stage 0000000200002400 type=2 device=0
[debug] d_stage 0000000200002400 type=2 device=0
[debug] d_stage 0000000200002400 type=2 device=0
[debug] d_stage 0000000200002400 type=2 device=0
[debug] d_stage 0000000200002400 type=2 device=0
[debug] d_stage 0000000200002400 type=2 device=0
[debug] d_stage 0000000200002400 type=2 device=0
[debug] d_stage 0000000200002400 type=2 device=0
[debug] d_stage 0000000200002400 type=2 device=0
[debug] d_stage 0000000200002400 type=2 device=0
[debug] d_stage 0000000200002400 type=2 device=0
[debug] d_stage 0000000200002400 type=2 device=0
[debug] d_stage 0000000200002400 type=2 device=0
[debug] d_stage 0000000200002400 type=2 device=0
[debug] d_stage 0000000200002400 type=2 device=0
[debug] d_stage 0000000200002400 type=2 device=0
[debug] d_stage 0000000200002400 type=2 device=0
[debug] d_stage 0000000200002400 type=2 device=0
[debug] d_stage 0000000200002400 type=2 device=0
[debug] d_stage 0000000200002400 type=2 device=0
[debug] d_stage 0000000200002400 type=2 device=0
[debug] d_stage 0000000200002400 type=2 device=0
[debug] d_stage 0000000200002400 type=2 device=0
[debug] d_stage 0000000200002400 type=2 device=0
[debug] d_stage 0000000200002400 type=2 device=0
[debug] d_stage 0000000200002400 type=2 device=0
[debug] d_stage 0000000200002400 type=2 device=0
[debug] d_stage 0000000200002400 type=2 device=0
[debug] d_stage 0000000200002400 type=2 device=0
[debug] d_stage 0000000200002400 type=2 device=0
[debug] d_stage 0000000200002400 type=2 device=0
[debug] d_stage 0000000200002400 type=2 device=0
[debug] d_stage 0000000200002400 type=2 device=0
[debug] d_stage 0000000200002400 type=2 device=0
[debug] d_stage 0000000200002400 type=2 device=0
[debug] d_stage 0000000200002400 type=2 device=0
[debug] d_stage 0000000200002400 type=2 device=0
[debug] d_stage 0000000200002400 type=2 device=0
[debug] d_stage 0000000200002400 type=2 device=0
[debug] d_stage 0000000200002400 type=2 device=0
[debug] d_stage 0000000200002400 type=2 device=0
[debug] d_stage 0000000200002400 type=2 device=0
[debug] d_stage 0000000200002400 type=2 device=0
[debug] d_stage 0000000200002400 type=2 device=0
[debug] d_stage 0000000200002400 type=2 device=0
[debug] d_stage 0000000200002400 type=2 device=0
[debug] d_stage 0000000200002400 type=2 device=0
[debug] d_stage 0000000200002400 type=2 device=0
[debug] d_stage 0000000200002400 type=2 device=0
[debug] d_stage 0000000200002400 type=2 device=0
[debug] d_stage 0000000200002400 type=2 device=0
[debug] d_stage 0000000200002400 type=2 device=0
[debug] d_stage 0000000200002400 type=2 device=0
[debug] d_stage 0000000200002400 type=2 device=0
[debug] d_stage 0000000200002400 type=2 device=0
[debug] d_stage 0000000200002400 type=2 device=0
[debug] d_stage 0000000200002400 type=2 device=0
[debug] d_stage 0000000200002400 type=2 device=0
[debug] d_stage 0000000200002400 type=2 device=0
[debug] d_stage 0000000200002400 type=2 device=0
[debug] d_stage 0000000200002400 type=2 device=0
[debug] d_stage 0000000200002400 type=2 device=0
[debug] d_stage 0000000200002400 type=2 device=0
[debug] d_stage 0000000200002400 type=2 device=0
[debug] d_stage 0000000200002400 type=2 device=0
[debug] d_stage 0000000200002400 type=2 device=0
[debug] d_stage 0000000200002400 type=2 device=0
[debug] d_stage 0000000200002400 type=2 device=0
[debug] d_stage 0000000200002400 type=2 device=0
[debug] d_stage 0000000200002400 type=2 device=0
[debug] d_stage 0000000200002400 type=2 device=0
[debug] d_stage 0000000200002400 type=2 device=0
[debug] d_stage 0000000200002400 type=2 device=0
[debug] d_stage 0000000200002400 type=2 device=0
[debug] d_stage 0000000200002400 type=2 device=0
[debug] d_stage 0000000200002400 type=2 device=0
[debug] d_stage 0000000200002400 type=2 device=0
[debug] d_stage 0000000200002400 type=2 device=0
[debug] d_stage 0000000200002400 type=2 device=0
[debug] d_stage 0000000200002400 type=2 device=0
[debug] d_stage 0000000200002400 type=2 device=0
[debug] d_stage 0000000200002400 type=2 device=0
[debug] d_stage 0000000200002400 type=2 device=0
[debug] d_stage 0000000200002400 type=2 device=0
[debug] d_stage 0000000200002400 type=2 device=0
[debug] d_stage 0000000200002400 type=2 device=0
[debug] d_stage 0000000200002400 type=2 device=0
[debug] d_stage 0000000200002400 type=2 device=0
[debug] d_stage 0000000200002400 type=2 device=0
[debug] d_stage 0000000200002400 type=2 device=0
[debug] d_stage 0000000200002400 type=2 device=0
[debug] d_stage 0000000200002400 type=2 device=0
[debug] d_stage 0000000200002400 type=2 device=0
[debug] d_stage 0000000200002400 type=2 device=0
[debug] d_stage 0000000200002400 type=2 device=0
[debug] d_stage 0000000200002400 type=2 device=0
[debug] d_stage 0000000200002400 type=2 device=0
[debug] d_stage 0000000200002400 type=2 device=0
[debug] d_stage 0000000200002400 type=2 device=0
[debug] d_stage 0000000200002400 type=2 device=0
[debug] d_stage 0000000200002400 type=2 device=0
[debug] d_stage 0000000200002400 type=2 device=0
[debug] d_stage 0000000200002400 type=2 device=0
[debug] d_stage 0000000200002400 type=2 device=0
[debug] d_stage 0000000200002400 type=2 device=0
[debug] d_stage 0000000200002400 type=2 device=0
[debug] d_stage 0000000200002400 type=2 device=0
[debug] d_stage 0000000200002400 type=2 device=0
[debug] d_stage 0000000200002400 type=2 device=0
[debug] d_stage 0000000200002400 type=2 device=0
[debug] d_stage 0000000200002400 type=2 device=0
[debug] d_stage 0000000200002400 type=2 device=0
[debug] d_stage 0000000200002400 type=2 device=0
[debug] d_stage 0000000200002400 type=2 device=0
[debug] d_stage 0000000200002400 type=2 device=0
[debug] d_stage 0000000200002400 type=2 device=0
[debug] d_stage 0000000200002400 type=2 device=0
[debug] d_stage 0000000200002400 type=2 device=0
[debug] d_stage 0000000200002400 type=2 device=0
[debug] d_stage 0000000200002400 type=2 device=0
[debug] d_stage 0000000200002400 type=2 device=0
[debug] d_stage 0000000200002400 type=2 device=0
[debug] d_stage 0000000200002400 type=2 device=0
[debug] d_stage 0000000200002400 type=2 device=0
[debug] d_stage 0000000200002400 type=2 device=0
[debug] d_stage 0000000200002400 type=2 device=0
[debug] d_stage 0000000200002400 type=2 device=0
[debug] d_stage 0000000200002400 type=2 device=0
[debug] d_stage 0000000200002400 type=2 device=0
[debug] d_stage 0000000200002400 type=2 device=0
[debug] d_stage 0000000200002400 type=2 device=0
[debug] d_stage 0000000200002400 type=2 device=0
[debug] d_stage 0000000200002400 type=2 device=0
[debug] d_stage 0000000200002400 type=2 device=0
[debug] d_stage 0000000200002400 type=2 device=0
[debug] d_stage 0000000200002400 type=2 device=0
[debug] d_stage 0000000200002400 type=2 device=0
[debug] d_stage 0000000200002400 type=2 device=0
[debug] d_stage 0000000200002400 type=2 device=0
[debug] d_stage 0000000200002400 type=2 device=0
[debug] d_stage 0000000200002400 type=2 device=0
[debug] d_stage 0000000200002400 type=2 device=0
[debug] d_stage 0000000200002400 type=2 device=0
[debug] d_stage 0000000200002400 type=2 device=0
[debug] d_stage 0000000200002400 type=2 device=0
[debug] d_stage 0000000200002400 type=2 device=0
[debug] d_stage 0000000200002400 type=2 device=0
[debug] d_stage 0000000200002400 type=2 device=0
[debug] d_stage 0000000200002400 type=2 device=0
[debug] d_stage 0000000200002400 type=2 device=0
[debug] d_stage 0000000200002400 type=2 device=0
[debug] d_stage 0000000200002400 type=2 device=0
[debug] d_stage 0000000200002400 type=2 device=0
[debug] d_stage 0000000200002400 type=2 device=0
[debug] d_stage 0000000200002400 type=2 device=0
[debug] d_stage 0000000200002400 type=2 device=0
[debug] d_stage 0000000200002400 type=2 device=0
[debug] d_stage 0000000200002400 type=2 device=0
[debug] d_stage 0000000200002400 type=2 device=0
[debug] d_stage 0000000200002400 type=2 device=0
[debug] d_stage 0000000200002400 type=2 device=0
[debug] d_stage 0000000200002400 type=2 device=0
[debug] d_stage 0000000200002400 type=2 device=0
[debug] d_stage 0000000200002400 type=2 device=0
[debug] d_stage 0000000200002400 type=2 device=0
[debug] d_stage 0000000200002400 type=2 device=0
[debug] d_stage 0000000200002400 type=2 device=0
[debug] d_stage 0000000200002400 type=2 device=0
[debug] d_stage 0000000200002400 type=2 device=0
[debug] d_stage 0000000200002400 type=2 device=0
[debug] d_stage 0000000200002400 type=2 device=0
[debug] d_stage 0000000200002400 type=2 device=0
[debug] d_stage 0000000200002400 type=2 device=0
[debug] d_stage 0000000200002400 type=2 device=0
[debug] d_stage 0000000200002400 type=2 device=0
[debug] d_stage 0000000200002400 type=2 device=0
[debug] d_stage 0000000200002400 type=2 device=0
[debug] d_stage 0000000200002400 type=2 device=0
[debug] d_stage 0000000200002400 type=2 device=0
[debug] d_stage 0000000200002400 type=2 device=0
[debug] d_stage 0000000200002400 type=2 device=0
[debug] d_stage 0000000200002400 type=2 device=0
[debug] d_stage 0000000200002400 type=2 device=0
[debug] d_stage 0000000200002400 type=2 device=0
[debug] d_stage 0000000200002400 type=2 device=0
[debug] d_stage 0000000200002400 type=2 device=0
[debug] d_stage 0000000200002400 type=2 device=0
[debug] d_stage 0000000200002400 type=2 device=0
[debug] d_stage 0000000200002400 type=2 device=0
[debug] d_stage 0000000200002400 type=2 device=0
[debug] d_stage 0000000200002400 type=2 device=0
[debug] d_stage 0000000200002400 type=2 device=0
[debug] d_stage 0000000200002400 type=2 device=0
[debug] d_stage 0000000200002400 type=2 device=0
[debug] d_stage 0000000200002400 type=2 device=0
[debug] d_stage 0000000200002400 type=2 device=0
[debug] d_stage 0000000200002400 type=2 device=0
[debug] d_stage 0000000200002400 type=2 device=0
[debug] d_stage 0000000200002400 type=2 device=0
[debug] d_stage 0000000200002400 type=2 device=0
[debug] d_stage 0000000200002400 type=2 device=0
[debug] d_stage 0000000200002400 type=2 device=0
[debug] d_stage 0000000200002400 type=2 device=0
[debug] d_stage 0000000200002400 type=2 device=0
[debug] d_stage 0000000200002400 type=2 device=0
[debug] d_stage 0000000200002400 type=2 device=0
[debug] d_stage 0000000200002400 type=2 device=0
[debug] d_stage 0000000200002400 type=2 device=0
[debug] d_stage 0000000200002400 type=2 device=0
[debug] d_stage 0000000200002400 type=2 device=0
[debug] d_stage 0000000200002400 type=2 device=0
[debug] d_stage 0000000200002400 type=2 device=0
[debug] d_stage 0000000200002400 type=2 device=0
[debug] d_stage 0000000200002400 type=2 device=0
[debug] d_stage 0000000200002400 type=2 device=0
[debug] d_stage 0000000200002400 type=2 device=0
[debug] d_stage 0000000200002400 type=2 device=0
[debug] d_stage 0000000200002400 type=2 device=0
[debug] d_stage 0000000200002400 type=2 device=0
[debug] d_stage 0000000200002400 type=2 device=0
[debug] d_stage 0000000200002400 type=2 device=0
[debug] d_stage 0000000200002400 type=2 device=0
[debug] d_stage 0000000200002400 type=2 device=0
[debug] d_stage 0000000200002400 type=2 device=0
[debug] d_stage 0000000200002400 type=2 device=0
[debug] d_stage 0000000200002400 type=2 device=0
[debug] d_stage 0000000200002400 type=2 device=0
[debug] d_stage 0000000200002400 type=2 device=0
[debug] d_stage 0000000200002400 type=2 device=0
[debug] d_stage 0000000200002400 type=2 device=0
[debug] d_stage 0000000200002400 type=2 device=0
[debug] d_stage 0000000200002400 type=2 device=0
[debug] d_stage 0000000200002400 type=2 device=0
[debug] d_stage 0000000200002400 type=2 device=0
[debug] d_stage 0000000200002400 type=2 device=0
[debug] d_stage 0000000200002400 type=2 device=0
[debug] d_stage 0000000200002400 type=2 device=0
[debug] d_stage 0000000200002400 type=2 device=0
[debug] d_stage 0000000200002400 type=2 device=0
[debug] d_stage 0000000200002400 type=2 device=0
[debug] d_stage 0000000200002400 type=2 device=0
[debug] d_stage 0000000200002400 type=2 device=0
[debug] d_stage 0000000200002400 type=2 device=0
[debug] d_stage 0000000200002400 type=2 device=0
[debug] d_stage 0000000200002400 type=2 device=0
[debug] d_stage 0000000200002400 type=2 device=0
[debug] d_stage 0000000200002400 type=2 device=0
[debug] d_stage 0000000200002400 type=2 device=0
[debug] d_stage 0000000200002400 type=2 device=0
[debug] d_stage 0000000200002400 type=2 device=0
[debug] d_stage 0000000200002400 type=2 device=0
[debug] d_stage 0000000200002400 type=2 device=0
[debug] d_stage 0000000200002400 type=2 device=0
[debug] d_stage 0000000200002400 type=2 device=0
[debug] d_stage 0000000200002400 type=2 device=0
[debug] d_stage 0000000200002400 type=2 device=0
[debug] d_stage 0000000200002400 type=2 device=0
[debug] d_stage 0000000200002400 type=2 device=0
[debug] d_stage 0000000200002400 type=2 device=0
[debug] d_stage 0000000200002400 type=2 device=0
[debug] d_stage 0000000200002400 type=2 device=0
[debug] d_stage 0000000200002400 type=2 device=0
[debug] d_stage 0000000200002400 type=2 device=0
[debug] d_stage 0000000200002400 type=2 device=0
[debug] d_stage 0000000200002400 type=2 device=0
[debug] d_stage 0000000200002400 type=2 device=0
[debug] d_stage 0000000200002400 type=2 device=0
[debug] d_stage 0000000200002400 type=2 device=0
[debug] d_stage 0000000200002400 type=2 device=0
[debug] d_stage 0000000200002400 type=2 device=0
[debug] d_stage 0000000200002400 type=2 device=0
[debug] d_stage 0000000200002400 type=2 device=0
[debug] d_stage 0000000200002400 type=2 device=0
[debug] d_stage 0000000200002400 type=2 device=0
[debug] d_stage 0000000200002400 type=2 device=0
[debug] d_stage 0000000200002400 type=2 device=0
[debug] d_stage 0000000200002400 type=2 device=0
[debug] d_stage 0000000200002400 type=2 device=0
[debug] d_stage 0000000200002400 type=2 device=0
[debug] d_stage 0000000200002400 type=2 device=0
[debug] d_stage 0000000200002400 type=2 device=0
[debug] d_stage 0000000200002400 type=2 device=0
[debug] d_stage 0000000200002400 type=2 device=0
[debug] d_stage 0000000200002400 type=2 device=0
[debug] d_stage 0000000200002400 type=2 device=0
[debug] d_stage 0000000200002400 type=2 device=0
[debug] d_stage 0000000200002400 type=2 device=0
[debug] d_stage 0000000200002400 type=2 device=0
[debug] d_stage 0000000200002400 type=2 device=0
[debug] d_stage 0000000200002400 type=2 device=0
[debug] d_stage 0000000200002400 type=2 device=0
[debug] d_stage 0000000200002400 type=2 device=0
[debug] d_stage 0000000200002400 type=2 device=0
[debug] d_stage 0000000200002400 type=2 device=0
[debug] d_stage 0000000200002400 type=2 device=0
[debug] d_stage 0000000200002400 type=2 device=0
[debug] d_stage 0000000200002400 type=2 device=0
[debug] d_stage 0000000200002400 type=2 device=0
[debug] d_stage 0000000200002400 type=2 device=0
[debug] d_stage 0000000200002400 type=2 device=0
[debug] d_stage 0000000200002400 type=2 device=0
[debug] d_stage 0000000200002400 type=2 device=0
[debug] d_stage 0000000200002400 type=2 device=0
[debug] d_stage 0000000200002400 type=2 device=0
[debug] d_stage 0000000200002400 type=2 device=0
[debug] d_stage 0000000200002400 type=2 device=0
[debug] d_stage 0000000200002400 type=2 device=0
[debug] d_stage 0000000200002400 type=2 device=0
[debug] d_stage 0000000200002400 type=2 device=0
[debug] d_stage 0000000200002400 type=2 device=0
[debug] d_stage 0000000200002400 type=2 device=0
[debug] d_stage 0000000200002400 type=2 device=0
[debug] d_stage 0000000200002400 type=2 device=0
[debug] d_stage 0000000200002400 type=2 device=0
[debug] d_stage 0000000200002400 type=2 device=0
[debug] d_stage 0000000200002400 type=2 device=0
[debug] d_stage 0000000200002400 type=2 device=0
[debug] d_stage 0000000200002400 type=2 device=0
[debug] d_stage 0000000200002400 type=2 device=0
[debug] d_stage 0000000200002400 type=2 device=0
[debug] d_stage 0000000200002400 type=2 device=0
[debug] d_stage 0000000200002400 type=2 device=0
[debug] d_stage 0000000200002400 type=2 device=0
[debug] d_stage 0000000200002400 type=2 device=0
[debug] d_stage 0000000200002400 type=2 device=0
[debug] d_stage 0000000200002400 type=2 device=0
[debug] d_stage 0000000200002400 type=2 device=0
[debug] d_stage 0000000200002400 type=2 device=0
[debug] d_stage 0000000200002400 type=2 device=0
[debug] d_stage 0000000200002400 type=2 device=0
[debug] d_stage 0000000200002400 type=2 device=0
[debug] d_stage 0000000200002400 type=2 device=0
[debug] d_stage 0000000200002400 type=2 device=0
[debug] d_stage 0000000200002400 type=2 device=0
[debug] d_stage 0000000200002400 type=2 device=0
[debug] d_stage 0000000200002400 type=2 device=0
[debug] d_stage 0000000200002400 type=2 device=0
[debug] d_stage 0000000200002400 type=2 device=0
[debug] d_stage 0000000200002400 type=2 device=0
[debug] d_stage 0000000200002400 type=2 device=0
[debug] d_stage 0000000200002400 type=2 device=0
[debug] d_stage 0000000200002400 type=2 device=0
[debug] d_stage 0000000200002400 type=2 device=0
[debug] d_stage 0000000200002400 type=2 device=0
[debug] d_stage 0000000200002400 type=2 device=0
[debug] d_stage 0000000200002400 type=2 device=0
[debug] d_stage 0000000200002400 type=2 device=0
[debug] d_stage 0000000200002400 type=2 device=0
[debug] d_stage 0000000200002400 type=2 device=0
[debug] d_stage 0000000200002400 type=2 device=0
[debug] d_stage 0000000200002400 type=2 device=0
[debug] d_stage 0000000200002400 type=2 device=0
[debug] d_stage 0000000200002400 type=2 device=0
[debug] d_stage 0000000200002400 type=2 device=0
[debug] d_stage 0000000200002400 type=2 device=0
[debug] d_stage 0000000200002400 type=2 device=0
[debug] d_stage 0000000200002400 type=2 device=0
[debug] d_stage 0000000200002400 type=2 device=0
[debug] d_stage 0000000200002400 type=2 device=0
[debug] d_stage 0000000200002400 type=2 device=0
[debug] d_stage 0000000200002400 type=2 device=0
[debug] d_stage 0000000200002400 type=2 device=0
[debug] d_stage 0000000200002400 type=2 device=0
[debug] d_stage 0000000200002400 type=2 device=0
[debug] d_stage 0000000200002400 type=2 device=0
[debug] d_stage 0000000200002400 type=2 device=0
[debug] d_stage 0000000200002400 type=2 device=0
[debug] d_stage 0000000200002400 type=2 device=0
[debug] d_stage 0000000200002400 type=2 device=0
[debug] d_stage 0000000200002400 type=2 device=0
[debug] d_stage 0000000200002400 type=2 device=0
[debug] d_stage 0000000200002400 type=2 device=0
[debug] d_stage 0000000200002400 type=2 device=0
[debug] d_stage 0000000200002400 type=2 device=0
[debug] d_stage 0000000200002400 type=2 device=0
[debug] d_stage 0000000200002400 type=2 device=0
[debug] d_stage 0000000200002400 type=2 device=0
[debug] d_stage 0000000200002400 type=2 device=0
[debug] d_stage 0000000200002400 type=2 device=0
[debug] d_stage 0000000200002400 type=2 device=0
[debug] d_stage 0000000200002400 type=2 device=0
[debug] d_stage 0000000200002400 type=2 device=0
[debug] d_stage 0000000200002400 type=2 device=0
[debug] d_stage 0000000200002400 type=2 device=0
[debug] d_stage 0000000200002400 type=2 device=0
[debug] d_stage 0000000200002400 type=2 device=0
[debug] d_stage 0000000200002400 type=2 device=0
[debug] d_stage 0000000200002400 type=2 device=0
[debug] d_stage 0000000200002400 type=2 device=0
[debug] d_stage 0000000200002400 type=2 device=0
[debug] d_stage 0000000200002400 type=2 device=0
[debug] d_stage 0000000200002400 type=2 device=0
[debug] d_stage 0000000200002400 type=2 device=0
[debug] d_stage 0000000200002400 type=2 device=0
[debug] d_stage 0000000200002400 type=2 device=0
[debug] d_stage 0000000200002400 type=2 device=0
[debug] d_stage 0000000200002400 type=2 device=0
[debug] d_stage 0000000200002400 type=2 device=0
[debug] d_stage 0000000200002400 type=2 device=0
[debug] d_stage 0000000200002400 type=2 device=0
[debug] d_stage 0000000200002400 type=2 device=0
[debug] d_stage 0000000200002400 type=2 device=0
[debug] d_stage 0000000200002400 type=2 device=0
[debug] d_stage 0000000200002400 type=2 device=0
[debug] d_stage 0000000200002400 type=2 device=0
[debug] d_stage 0000000200002400 type=2 device=0
[debug] d_stage 0000000200002400 type=2 device=0
[debug] d_stage 0000000200002400 type=2 device=0
[debug] d_stage 0000000200002400 type=2 device=0
[debug] d_stage 0000000200002400 type=2 device=0
[debug] d_stage 0000000200002400 type=2 device=0
[debug] d_stage 0000000200002400 type=2 device=0
[debug] d_stage 0000000200002400 type=2 device=0
[debug] d_stage 0000000200002400 type=2 device=0
[debug] d_stage 0000000200002400 type=2 device=0
[debug] d_stage 0000000200002400 type=2 device=0
[debug] d_stage 0000000200002400 type=2 device=0
[debug] d_stage 0000000200002400 type=2 device=0
[debug] d_stage 0000000200002400 type=2 device=0
[debug] d_stage 0000000200002400 type=2 device=0
[debug] d_stage 0000000200002400 type=2 device=0
[debug] d_stage 0000000200002400 type=2 device=0
[debug] d_stage 0000000200002400 type=2 device=0
[debug] d_stage 0000000200002400 type=2 device=0
[debug] d_stage 0000000200002400 type=2 device=0
[debug] d_stage 0000000200002400 type=2 device=0
[debug] d_stage 0000000200002400 type=2 device=0
[debug] d_stage 0000000200002400 type=2 device=0
[debug] d_stage 0000000200002400 type=2 device=0
[debug] d_stage 0000000200002400 type=2 device=0
[debug] d_stage 0000000200002400 type=2 device=0
[debug] d_stage 0000000200002400 type=2 device=0
[debug] d_stage 0000000200002400 type=2 device=0
[debug] d_stage 0000000200002400 type=2 device=0
[debug] d_stage 0000000200002400 type=2 device=0
[debug] d_stage 0000000200002400 type=2 device=0
[debug] d_stage 0000000200002400 type=2 device=0
[debug] d_stage 0000000200002400 type=2 device=0
[debug] d_stage 0000000200002400 type=2 device=0
[debug] d_stage 0000000200002400 type=2 device=0
[debug] d_stage 0000000200002400 type=2 device=0
[debug] d_stage 0000000200002400 type=2 device=0
[debug] d_stage 0000000200002400 type=2 device=0
[debug] d_stage 0000000200002400 type=2 device=0
[debug] d_stage 0000000200002400 type=2 device=0
[debug] d_stage 0000000200002400 type=2 device=0
[debug] d_stage 0000000200002400 type=2 device=0
[debug] d_stage 0000000200002400 type=2 device=0
[debug] d_stage 0000000200002400 type=2 device=0
[debug] d_stage 0000000200002400 type=2 device=0
[debug] d_stage 0000000200002400 type=2 device=0
[debug] d_stage 0000000200002400 type=2 device=0
[debug] d_stage 0000000200002400 type=2 device=0
[debug] d_stage 0000000200002400 type=2 device=0
[debug] d_stage 0000000200002400 type=2 device=0
[debug] d_stage 0000000200002400 type=2 device=0
[debug] d_stage 0000000200002400 type=2 device=0
[debug] d_stage 0000000200002400 type=2 device=0
[debug] d_stage 0000000200002400 type=2 device=0
[debug] d_stage 0000000200002400 type=2 device=0
[debug] d_stage 0000000200002400 type=2 device=0
[debug] d_stage 0000000200002400 type=2 device=0
[debug] d_stage 0000000200002400 type=2 device=0
[debug] d_stage 0000000200002400 type=2 device=0
[debug] d_stage 0000000200002400 type=2 device=0
[debug] d_stage 0000000200002400 type=2 device=0
[debug] d_stage 0000000200002400 type=2 device=0
[debug] d_stage 0000000200002400 type=2 device=0
[debug] d_stage 0000000200002400 type=2 device=0
[debug] d_stage 0000000200002400 type=2 device=0
[debug] d_stage 0000000200002400 type=2 device=0
[debug] d_stage 0000000200002400 type=2 device=0
[debug] d_stage 0000000200002400 type=2 device=0
[debug] d_stage 0000000200002400 type=2 device=0
[debug] d_stage 0000000200002400 type=2 device=0
[debug] d_stage 0000000200002400 type=2 device=0
[debug] d_stage 0000000200002400 type=2 device=0
[debug] d_stage 0000000200002400 type=2 device=0
[debug] d_stage 0000000200002400 type=2 device=0
[debug] d_stage 0000000200002400 type=2 device=0
[debug] d_stage 0000000200002400 type=2 device=0
[debug] d_stage 0000000200002400 type=2 device=0
[debug] d_stage 0000000200002400 type=2 device=0
[debug] d_stage 0000000200002400 type=2 device=0
[debug] d_stage 0000000200002400 type=2 device=0
[debug] d_stage 0000000200002400 type=2 device=0
[debug] d_stage 0000000200002400 type=2 device=0
[debug] d_stage 0000000200002400 type=2 device=0
[debug] d_stage 0000000200002400 type=2 device=0
[debug] d_stage 0000000200002400 type=2 device=0
[debug] d_stage 0000000200002400 type=2 device=0
[debug] d_stage 0000000200002400 type=2 device=0
[debug] d_stage 0000000200002400 type=2 device=0
[debug] d_stage 0000000200002400 type=2 device=0
[debug] d_stage 0000000200002400 type=2 device=0
[debug] d_stage 0000000200002400 type=2 device=0
[debug] d_stage 0000000200002400 type=2 device=0
[debug] d_stage 0000000200002400 type=2 device=0
[debug] d_stage 0000000200002400 type=2 device=0
[debug] d_stage 0000000200002400 type=2 device=0
[debug] d_stage 0000000200002400 type=2 device=0
[debug] d_stage 0000000200002400 type=2 device=0
[debug] d_stage 0000000200002400 type=2 device=0
[debug] d_stage 0000000200002400 type=2 device=0
[debug] d_stage 0000000200002400 type=2 device=0
[debug] d_stage 0000000200002400 type=2 device=0
[debug] d_stage 0000000200002400 type=2 device=0
[debug] d_stage 0000000200002400 type=2 device=0
[debug] d_stage 0000000200002400 type=2 device=0
[debug] d_stage 0000000200002400 type=2 device=0
[debug] d_stage 0000000200002400 type=2 device=0
[debug] d_stage 0000000200002400 type=2 device=0
[debug] d_stage 0000000200002400 type=2 device=0
[debug] d_stage 0000000200002400 type=2 device=0
[debug] d_stage 0000000200002400 type=2 device=0
[debug] d_stage 0000000200002400 type=2 device=0
[debug] d_stage 0000000200002400 type=2 device=0
[debug] d_stage 0000000200002400 type=2 device=0
[debug] d_stage 0000000200002400 type=2 device=0
[debug] d_stage 0000000200002400 type=2 device=0
[debug] d_stage 0000000200002400 type=2 device=0
[debug] d_stage 0000000200002400 type=2 device=0
[debug] d_stage 0000000200002400 type=2 device=0
[debug] d_stage 0000000200002400 type=2 device=0
[debug] d_stage 0000000200002400 type=2 device=0
[debug] d_stage 0000000200002400 type=2 device=0
[debug] d_stage 0000000200002400 type=2 device=0
[debug] d_stage 0000000200002400 type=2 device=0
[debug] d_stage 0000000200002400 type=2 device=0
[debug] d_stage 0000000200002400 type=2 device=0
[debug] d_stage 0000000200002400 type=2 device=0
[debug] d_stage 0000000200002400 type=2 device=0
[debug] d_stage 0000000200002400 type=2 device=0
[debug] d_stage 0000000200002400 type=2 device=0
[debug] d_stage 0000000200002400 type=2 device=0
[debug] d_stage 0000000200002400 type=2 device=0
[debug] d_stage 0000000200002400 type=2 device=0
[debug] d_stage 0000000200002400 type=2 device=0
[debug] d_stage 0000000200002400 type=2 device=0
[debug] d_stage 0000000200002400 type=2 device=0
[debug] d_stage 0000000200002400 type=2 device=0
[debug] d_stage 0000000200002400 type=2 device=0
[debug] d_stage 0000000200002400 type=2 device=0
[debug] d_stage 0000000200002400 type=2 device=0
[debug] d_stage 0000000200002400 type=2 device=0
[debug] d_stage 0000000200002400 type=2 device=0
[debug] d_stage 0000000200002400 type=2 device=0
[debug] d_stage 0000000200002400 type=2 device=0
[debug] d_stage 0000000200002400 type=2 device=0
[debug] d_stage 0000000200002400 type=2 device=0
[debug] d_stage 0000000200002400 type=2 device=0
[debug] d_stage 0000000200002400 type=2 device=0
[debug] d_stage 0000000200002400 type=2 device=0
[debug] d_stage 0000000200002400 type=2 device=0
[debug] d_stage 0000000200002400 type=2 device=0
[debug] d_stage 0000000200002400 type=2 device=0
[debug] d_stage 0000000200002400 type=2 device=0
[debug] d_stage 0000000200002400 type=2 device=0
[debug] d_stage 0000000200002400 type=2 device=0
[debug] d_stage 0000000200002400 type=2 device=0
[debug] d_stage 0000000200002400 type=2 device=0
[debug] d_stage 0000000200002400 type=2 device=0
[debug] d_stage 0000000200002400 type=2 device=0
[debug] d_stage 0000000200002400 type=2 device=0
[debug] d_stage 0000000200002400 type=2 device=0
[debug] d_stage 0000000200002400 type=2 device=0
[debug] d_stage 0000000200002400 type=2 device=0
[debug] d_stage 0000000200002400 type=2 device=0
[debug] d_stage 0000000200002400 type=2 device=0
[debug] d_stage 0000000200002400 type=2 device=0
[debug] d_stage 0000000200002400 type=2 device=0
[debug] d_stage 0000000200002400 type=2 device=0
[debug] d_stage 0000000200002400 type=2 device=0
[debug] d_stage 0000000200002400 type=2 device=0
[debug] d_stage 0000000200002400 type=2 device=0
[debug] d_stage 0000000200002400 type=2 device=0
[debug] d_stage 0000000200002400 type=2 device=0
[debug] d_stage 0000000200002400 type=2 device=0
[debug] d_stage 0000000200002400 type=2 device=0
[debug] d_stage 0000000200002400 type=2 device=0
[debug] d_stage 0000000200002400 type=2 device=0
[debug] d_stage 0000000200002400 type=2 device=0
[debug] d_stage 0000000200002400 type=2 device=0
[debug] d_stage 0000000200002400 type=2 device=0
[debug] d_stage 0000000200002400 type=2 device=0
[debug] d_stage 0000000200002400 type=2 device=0
[debug] d_stage 0000000200002400 type=2 device=0
[debug] d_stage 0000000200002400 type=2 device=0
[debug] d_stage 0000000200002400 type=2 device=0
[debug] d_stage 0000000200002400 type=2 device=0
[debug] d_stage 0000000200002400 type=2 device=0
[debug] d_stage 0000000200002400 type=2 device=0
[debug] d_stage 0000000200002400 type=2 device=0
[debug] d_stage 0000000200002400 type=2 device=0
[debug] d_stage 0000000200002400 type=2 device=0
[debug] d_stage 0000000200002400 type=2 device=0
[debug] d_stage 0000000200002400 type=2 device=0
[debug] d_stage 0000000200002400 type=2 device=0
[debug] d_stage 0000000200002400 type=2 device=0
[debug] d_stage 0000000200002400 type=2 device=0
[debug] d_stage 0000000200002400 type=2 device=0
[debug] d_stage 0000000200002400 type=2 device=0
[debug] d_stage 0000000200002400 type=2 device=0
[debug] d_stage 0000000200002400 type=2 device=0
[debug] d_stage 0000000200002400 type=2 device=0
[debug] d_stage 0000000200002400 type=2 device=0
[debug] d_stage 0000000200002400 type=2 device=0
[debug] d_stage 0000000200002400 type=2 device=0
[debug] d_stage 0000000200002400 type=2 device=0
[debug] d_stage 0000000200002400 type=2 device=0
[debug] d_stage 0000000200002400 type=2 device=0
[debug] d_stage 0000000200002400 type=2 device=0
[debug] d_stage 0000000200002400 type=2 device=0
[debug] d_stage 0000000200002400 type=2 device=0
[debug] d_stage 0000000200002400 type=2 device=0
[debug] d_stage 0000000200002400 type=2 device=0
[debug] d_stage 0000000200002400 type=2 device=0
[debug] d_stage 0000000200002400 type=2 device=0
[debug] d_stage 0000000200002400 type=2 device=0
[debug] d_stage 0000000200002400 type=2 device=0
[debug] d_stage 0000000200002400 type=2 device=0
[debug] d_stage 0000000200002400 type=2 device=0
[debug] d_stage 0000000200002400 type=2 device=0
[debug] d_stage 0000000200002400 type=2 device=0
[debug] d_stage 0000000200002400 type=2 device=0
[debug] d_stage 0000000200002400 type=2 device=0
[debug] d_stage 0000000200002400 type=2 device=0
[debug] d_stage 0000000200002400 type=2 device=0
[debug] d_stage 0000000200002400 type=2 device=0
[debug] d_stage 0000000200002400 type=2 device=0
[debug] d_stage 0000000200002400 type=2 device=0
[debug] d_stage 0000000200002400 type=2 device=0
[debug] d_stage 0000000200002400 type=2 device=0
[debug] d_stage 0000000200002400 type=2 device=0
[debug] d_stage 0000000200002400 type=2 device=0
[debug] d_stage 0000000200002400 type=2 device=0
[debug] d_stage 0000000200002400 type=2 device=0
[debug] d_stage 0000000200002400 type=2 device=0
[debug] d_stage 0000000200002400 type=2 device=0
[debug] d_stage 0000000200002400 type=2 device=0
[debug] d_stage 0000000200002400 type=2 device=0
[debug] d_stage 0000000200002400 type=2 device=0
[debug] d_stage 0000000200002400 type=2 device=0
[debug] d_stage 0000000200002400 type=2 device=0
[debug] d_stage 0000000200002400 type=2 device=0
[debug] d_stage 0000000200002400 type=2 device=0
[debug] d_stage 0000000200002400 type=2 device=0
[debug] d_stage 0000000200002400 type=2 device=0
[debug] d_stage 0000000200002400 type=2 device=0
[debug] d_stage 0000000200002400 type=2 device=0
[debug] d_stage 0000000200002400 type=2 device=0
[debug] d_stage 0000000200002400 type=2 device=0
[debug] d_stage 0000000200002400 type=2 device=0
[debug] d_stage 0000000200002400 type=2 device=0
[debug] d_stage 0000000200002400 type=2 device=0
[debug] d_stage 0000000200002400 type=2 device=0
[debug] d_stage 0000000200002400 type=2 device=0
[debug] d_stage 0000000200002400 type=2 device=0
[debug] d_stage 0000000200002400 type=2 device=0
[debug] d_stage 0000000200002400 type=2 device=0
[debug] d_stage 0000000200002400 type=2 device=0
[debug] d_stage 0000000200002400 type=2 device=0
[debug] d_stage 0000000200002400 type=2 device=0
[debug] d_stage 0000000200002400 type=2 device=0
[debug] d_stage 0000000200002400 type=2 device=0
[debug] d_stage 0000000200002400 type=2 device=0
[debug] d_stage 0000000200002400 type=2 device=0
[debug] d_stage 0000000200002400 type=2 device=0
[debug] d_stage 0000000200002400 type=2 device=0
[debug] d_stage 0000000200002400 type=2 device=0
[debug] d_stage 0000000200002400 type=2 device=0
[debug] d_stage 0000000200002400 type=2 device=0
[debug] d_stage 0000000200002400 type=2 device=0
[debug] d_stage 0000000200002400 type=2 device=0
[debug] d_stage 0000000200002400 type=2 device=0
[debug] d_stage 0000000200002400 type=2 device=0
[debug] d_stage 0000000200002400 type=2 device=0
[debug] d_stage 0000000200002400 type=2 device=0
[debug] d_stage 0000000200002400 type=2 device=0
[debug] d_stage 0000000200002400 type=2 device=0
[debug] d_stage 0000000200002400 type=2 device=0
[debug] d_stage 0000000200002400 type=2 device=0
[debug] d_stage 0000000200002400 type=2 device=0
[debug] d_stage 0000000200002400 type=2 device=0
[debug] d_stage 0000000200002400 type=2 device=0
[debug] d_stage 0000000200002400 type=2 device=0
[debug] d_stage 0000000200002400 type=2 device=0
[debug] d_stage 0000000200002400 type=2 device=0
[debug] d_stage 0000000200002400 type=2 device=0
[debug] d_stage 0000000200002400 type=2 device=0
[debug] d_stage 0000000200002400 type=2 device=0
[debug] d_stage 0000000200002400 type=2 device=0
[debug] d_stage 0000000200002400 type=2 device=0
[debug] d_stage 0000000200002400 type=2 device=0
[debug] d_stage 0000000200002400 type=2 device=0
[debug] d_stage 0000000200002400 type=2 device=0
[debug] d_stage 0000000200002400 type=2 device=0
[debug] d_stage 0000000200002400 type=2 device=0
[debug] d_stage 0000000200002400 type=2 device=0
[debug] d_stage 0000000200002400 type=2 device=0
[debug] d_stage 0000000200002400 type=2 device=0
[debug] d_stage 0000000200002400 type=2 device=0
[debug] d_stage 0000000200002400 type=2 device=0
[debug] d_stage 0000000200002400 type=2 device=0
[debug] d_stage 0000000200002400 type=2 device=0
[debug] d_stage 0000000200002400 type=2 device=0
[debug] d_stage 0000000200002400 type=2 device=0
[debug] d_stage 0000000200002400 type=2 device=0
[debug] d_stage 0000000200002400 type=2 device=0
[debug] d_stage 0000000200002400 type=2 device=0
[debug] d_stage 0000000200002400 type=2 device=0
[debug] d_stage 0000000200002400 type=2 device=0
[debug] d_stage 0000000200002400 type=2 device=0
[debug] d_stage 0000000200002400 type=2 device=0
[debug] d_stage 0000000200002400 type=2 device=0
[debug] d_stage 0000000200002400 type=2 device=0
[debug] d_stage 0000000200002400 type=2 device=0
[debug] d_stage 0000000200002400 type=2 device=0
[debug] d_stage 0000000200002400 type=2 device=0
[debug] d_stage 0000000200002400 type=2 device=0
[debug] d_stage 0000000200002400 type=2 device=0
[debug] d_stage 0000000200002400 type=2 device=0
[debug] d_stage 0000000200002400 type=2 device=0
[debug] d_stage 0000000200002400 type=2 device=0
[debug] d_stage 0000000200002400 type=2 device=0
[debug] d_stage 0000000200002400 type=2 device=0
[debug] d_stage 0000000200002400 type=2 device=0
[debug] d_stage 0000000200002400 type=2 device=0
[debug] d_stage 0000000200002400 type=2 device=0
[debug] d_stage 0000000200002400 type=2 device=0
[debug] d_stage 0000000200002400 type=2 device=0
[debug] d_stage 0000000200002400 type=2 device=0
[debug] d_stage 0000000200002400 type=2 device=0
[debug] d_stage 0000000200002400 type=2 device=0
[debug] d_stage 0000000200002400 type=2 device=0
[debug] d_stage 0000000200002400 type=2 device=0
[debug] d_stage 0000000200002400 type=2 device=0
[debug] d_stage 0000000200002400 type=2 device=0
[debug] d_stage 0000000200002400 type=2 device=0
[debug] d_stage 0000000200002400 type=2 device=0
[debug] d_stage 0000000200002400 type=2 device=0
[debug] d_stage 0000000200002400 type=2 device=0
[debug] d_stage 0000000200002400 type=2 device=0
[debug] d_stage 0000000200002400 type=2 device=0
[debug] d_stage 0000000200002400 type=2 device=0
[debug] d_stage 0000000200002400 type=2 device=0
[debug] d_stage 0000000200002400 type=2 device=0
[debug] d_stage 0000000200002400 type=2 device=0
[debug] d_stage 0000000200002400 type=2 device=0
[debug] d_stage 0000000200002400 type=2 device=0
[debug] d_stage 0000000200002400 type=2 device=0
[debug] d_stage 0000000200002400 type=2 device=0
[debug] d_stage 0000000200002400 type=2 device=0
[debug] d_stage 0000000200002400 type=2 device=0
[debug] d_stage 0000000200002400 type=2 device=0
[debug] d_stage 0000000200002400 type=2 device=0
[debug] d_stage 0000000200002400 type=2 device=0
[debug] d_stage 0000000200002400 type=2 device=0
[debug] d_stage 0000000200002400 type=2 device=0
[debug] d_stage 0000000200002400 type=2 device=0
[debug] d_stage 0000000200002400 type=2 device=0
[debug] d_stage 0000000200002400 type=2 device=0
[debug] d_stage 0000000200002400 type=2 device=0
[debug] d_stage 0000000200002400 type=2 device=0
[debug] d_stage 0000000200002400 type=2 device=0
[debug] d_stage 0000000200002400 type=2 device=0
[debug] d_stage 0000000200002400 type=2 device=0
[debug] d_stage 0000000200002400 type=2 device=0
[debug] d_stage 0000000200002400 type=2 device=0
[debug] d_stage 0000000200002400 type=2 device=0
[debug] d_stage 0000000200002400 type=2 device=0
[debug] d_stage 0000000200002400 type=2 device=0
[debug] d_stage 0000000200002400 type=2 device=0
[debug] d_stage 0000000200002400 type=2 device=0
[debug] d_stage 0000000200002400 type=2 device=0
[debug] d_stage 0000000200002400 type=2 device=0
[debug] d_stage 0000000200002400 type=2 device=0
[debug] d_stage 0000000200002400 type=2 device=0
[debug] d_stage 0000000200002400 type=2 device=0
[debug] d_stage 0000000200002400 type=2 device=0
[debug] d_stage 0000000200002400 type=2 device=0
[debug] d_stage 0000000200002400 type=2 device=0
[debug] d_stage 0000000200002400 type=2 device=0
[debug] d_stage 0000000200002400 type=2 device=0
[debug] d_stage 0000000200002400 type=2 device=0
[debug] d_stage 0000000200002400 type=2 device=0
[debug] d_stage 0000000200002400 type=2 device=0
[debug] d_stage 0000000200002400 type=2 device=0
[debug] d_stage 0000000200002400 type=2 device=0
[debug] d_stage 0000000200002400 type=2 device=0
[debug] d_stage 0000000200002400 type=2 device=0
[debug] d_stage 0000000200002400 type=2 device=0
[debug] d_stage 0000000200002400 type=2 device=0
[debug] d_stage 0000000200002400 type=2 device=0
[debug] d_stage 0000000200002400 type=2 device=0
[debug] d_stage 0000000200002400 type=2 device=0
[debug] d_stage 0000000200002400 type=2 device=0
[debug] d_stage 0000000200002400 type=2 device=0
[debug] d_stage 0000000200002400 type=2 device=0
[debug] d_stage 0000000200002400 type=2 device=0
[debug] d_stage 0000000200002400 type=2 device=0
[debug] d_stage 0000000200002400 type=2 device=0
[debug] d_stage 0000000200002400 type=2 device=0
[debug] d_stage 0000000200002400 type=2 device=0
[debug] d_stage 0000000200002400 type=2 device=0
[debug] d_stage 0000000200002400 type=2 device=0
[debug] d_stage 0000000200002400 type=2 device=0
[debug] d_stage 0000000200002400 type=2 device=0
[debug] d_stage 0000000200002400 type=2 device=0
[debug] d_stage 0000000200002400 type=2 device=0
[debug] d_stage 0000000200002400 type=2 device=0
[debug] d_stage 0000000200002400 type=2 device=0
[debug] d_stage 0000000200002400 type=2 device=0
[debug] d_stage 0000000200002400 type=2 device=0
[debug] d_stage 0000000200002400 type=2 device=0
[debug] d_stage 0000000200002400 type=2 device=0
[debug] d_stage 0000000200002400 type=2 device=0
[debug] d_stage 0000000200002400 type=2 device=0
[debug] d_stage 0000000200002400 type=2 device=0
[debug] d_stage 0000000200002400 type=2 device=0
[debug] d_stage 0000000200002400 type=2 device=0
[debug] d_stage 0000000200002400 type=2 device=0
[debug] d_stage 0000000200002400 type=2 device=0
[debug] d_stage 0000000200002400 type=2 device=0
[debug] d_stage 0000000200002400 type=2 device=0
[debug] d_stage 0000000200002400 type=2 device=0
[debug] d_stage 0000000200002400 type=2 device=0
[debug] d_stage 0000000200002400 type=2 device=0
[debug] d_stage 0000000200002400 type=2 device=0
[debug] d_stage 0000000200002400 type=2 device=0
[debug] d_stage 0000000200002400 type=2 device=0
[debug] d_stage 0000000200002400 type=2 device=0
[debug] d_stage 0000000200002400 type=2 device=0
[debug] d_stage 0000000200002400 type=2 device=0
[debug] d_stage 0000000200002400 type=2 device=0
[debug] d_stage 0000000200002400 type=2 device=0
[debug] d_stage 0000000200002400 type=2 device=0
[debug] d_stage 0000000200002400 type=2 device=0
[debug] d_stage 0000000200002400 type=2 device=0
[debug] d_stage 0000000200002400 type=2 device=0
[debug] d_stage 0000000200002400 type=2 device=0
[debug] d_stage 0000000200002400 type=2 device=0
[debug] d_stage 0000000200002400 type=2 device=0
[debug] d_stage 0000000200002400 type=2 device=0
[debug] d_stage 0000000200002400 type=2 device=0
[debug] d_stage 0000000200002400 type=2 device=0
[debug] d_stage 0000000200002400 type=2 device=0
[debug] d_stage 0000000200002400 type=2 device=0
[debug] d_stage 0000000200002400 type=2 device=0
[debug] d_stage 0000000200002400 type=2 device=0
[debug] d_stage 0000000200002400 type=2 device=0
[debug] d_stage 0000000200002400 type=2 device=0
[debug] d_stage 0000000200002400 type=2 device=0
[debug] d_stage 0000000200002400 type=2 device=0
[debug] d_stage 0000000200002400 type=2 device=0
[debug] d_stage 0000000200002400 type=2 device=0
[debug] d_stage 0000000200002400 type=2 device=0
[debug] d_stage 0000000200002400 type=2 device=0
[debug] d_stage 0000000200002400 type=2 device=0
[debug] d_stage 0000000200002400 type=2 device=0
[debug] d_stage 0000000200002400 type=2 device=0
[debug] d_stage 0000000200002400 type=2 device=0
[debug] d_stage 0000000200002400 type=2 device=0
[debug] d_stage 0000000200002400 type=2 device=0
[debug] d_stage 0000000200002400 type=2 device=0
[debug] d_stage 0000000200002400 type=2 device=0
[debug] d_stage 0000000200002400 type=2 device=0
[debug] d_stage 0000000200002400 type=2 device=0
[debug] d_stage 0000000200002400 type=2 device=0
[debug] d_stage 0000000200002400 type=2 device=0
[debug] d_stage 0000000200002400 type=2 device=0
[debug] d_stage 0000000200002400 type=2 device=0
[debug] d_stage 0000000200002400 type=2 device=0
[debug] d_stage 0000000200002400 type=2 device=0
[debug] d_stage 0000000200002400 type=2 device=0
[debug] d_stage 0000000200002400 type=2 device=0
[debug] d_stage 0000000200002400 type=2 device=0
[debug] d_stage 0000000200002400 type=2 device=0
[debug] d_stage 0000000200002400 type=2 device=0
[debug] d_stage 0000000200002400 type=2 device=0
[debug] d_stage 0000000200002400 type=2 device=0
[debug] d_stage 0000000200002400 type=2 device=0
[debug] d_stage 0000000200002400 type=2 device=0
[debug] d_stage 0000000200002400 type=2 device=0
[debug] d_stage 0000000200002400 type=2 device=0
[debug] d_stage 0000000200002400 type=2 device=0
[debug] d_stage 0000000200002400 type=2 device=0
[debug] d_stage 0000000200002400 type=2 device=0
[debug] d_stage 0000000200002400 type=2 device=0
[debug] d_stage 0000000200002400 type=2 device=0
[debug] d_stage 0000000200002400 type=2 device=0
[debug] d_stage 0000000200002400 type=2 device=0
[debug] d_stage 0000000200002400 type=2 device=0
[debug] d_stage 0000000200002400 type=2 device=0
[debug] d_stage 0000000200002400 type=2 device=0
[debug] d_stage 0000000200002400 type=2 device=0
[debug] d_stage 0000000200002400 type=2 device=0
[debug] d_stage 0000000200002400 type=2 device=0
[debug] d_stage 0000000200002400 type=2 device=0
[debug] d_stage 0000000200002400 type=2 device=0
[debug] d_stage 0000000200002400 type=2 device=0
[debug] d_stage 0000000200002400 type=2 device=0
[debug] d_stage 0000000200002400 type=2 device=0
[debug] d_stage 0000000200002400 type=2 device=0
[debug] d_stage 0000000200002400 type=2 device=0
[debug] d_stage 0000000200002400 type=2 device=0
[debug] d_stage 0000000200002400 type=2 device=0
[debug] d_stage 0000000200002400 type=2 device=0
[debug] d_stage 0000000200002400 type=2 device=0
[debug] d_stage 0000000200002400 type=2 device=0
[debug] d_stage 0000000200002400 type=2 device=0
[debug] d_stage 0000000200002400 type=2 device=0
[debug] d_stage 0000000200002400 type=2 device=0
[debug] d_stage 0000000200002400 type=2 device=0
[debug] d_stage 0000000200002400 type=2 device=0
[debug] d_stage 0000000200002400 type=2 device=0
[debug] d_stage 0000000200002400 type=2 device=0
[debug] d_stage 0000000200002400 type=2 device=0
[debug] d_stage 0000000200002400 type=2 device=0
[debug] d_stage 0000000200002400 type=2 device=0
[debug] d_stage 0000000200002400 type=2 device=0
[debug] d_stage 0000000200002400 type=2 device=0
[debug] d_stage 0000000200002400 type=2 device=0
[debug] d_stage 0000000200002400 type=2 device=0
[debug] d_stage 0000000200002400 type=2 device=0
[debug] d_stage 0000000200002400 type=2 device=0
[debug] d_stage 0000000200002400 type=2 device=0
[debug] d_stage 0000000200002400 type=2 device=0
[debug] d_stage 0000000200002400 type=2 device=0
[debug] d_stage 0000000200002400 type=2 device=0
[debug] d_stage 0000000200002400 type=2 device=0
[debug] d_stage 0000000200002400 type=2 device=0
[debug] d_stage 0000000200002400 type=2 device=0
[debug] d_stage 0000000200002400 type=2 device=0
[debug] d_stage 0000000200002400 type=2 device=0
[debug] d_stage 0000000200002400 type=2 device=0
[debug] d_stage 0000000200002400 type=2 device=0
[debug] d_stage 0000000200002400 type=2 device=0
[debug] d_stage 0000000200002400 type=2 device=0
[debug] d_stage 0000000200002400 type=2 device=0
[debug] d_stage 0000000200002400 type=2 device=0
[debug] d_stage 0000000200002400 type=2 device=0
[debug] d_stage 0000000200002400 type=2 device=0
[debug] d_stage 0000000200002400 type=2 device=0
[debug] d_stage 0000000200002400 type=2 device=0
[debug] d_stage 0000000200002400 type=2 device=0
[debug] d_stage 0000000200002400 type=2 device=0
[debug] d_stage 0000000200002400 type=2 device=0
[debug] d_stage 0000000200002400 type=2 device=0
[debug] d_stage 0000000200002400 type=2 device=0
[debug] d_stage 0000000200002400 type=2 device=0
[debug] d_stage 0000000200002400 type=2 device=0
[debug] d_stage 0000000200002400 type=2 device=0
[debug] d_stage 0000000200002400 type=2 device=0
[debug] d_stage 0000000200002400 type=2 device=0
[debug] d_stage 0000000200002400 type=2 device=0
[debug] d_stage 0000000200002400 type=2 device=0
[debug] d_stage 0000000200002400 type=2 device=0
[debug] d_stage 0000000200002400 type=2 device=0
[debug] d_stage 0000000200002400 type=2 device=0
[debug] d_stage 0000000200002400 type=2 device=0
[debug] d_stage 0000000200002400 type=2 device=0
[debug] d_stage 0000000200002400 type=2 device=0
[debug] d_stage 0000000200002400 type=2 device=0
[debug] d_stage 0000000200002400 type=2 device=0
[debug] d_stage 0000000200002400 type=2 device=0
[debug] d_stage 0000000200002400 type=2 device=0
[debug] d_stage 0000000200002400 type=2 device=0
[debug] d_stage 0000000200002400 type=2 device=0
[debug] d_stage 0000000200002400 type=2 device=0
[debug] d_stage 0000000200002400 type=2 device=0
[debug] d_stage 0000000200002400 type=2 device=0
[debug] d_stage 0000000200002400 type=2 device=0
[debug] d_stage 0000000200002400 type=2 device=0
[debug] d_stage 0000000200002400 type=2 device=0
[debug] d_stage 0000000200002400 type=2 device=0
[debug] d_stage 0000000200002400 type=2 device=0
[debug] d_stage 0000000200002400 type=2 device=0
[debug] d_stage 0000000200002400 type=2 device=0
[debug] d_stage 0000000200002400 type=2 device=0
[debug] d_stage 0000000200002400 type=2 device=0
[debug] d_stage 0000000200002400 type=2 device=0
[debug] d_stage 0000000200002400 type=2 device=0
[debug] d_stage 0000000200002400 type=2 device=0
[debug] d_stage 0000000200002400 type=2 device=0
[debug] d_stage 0000000200002400 type=2 device=0
[debug] d_stage 0000000200002400 type=2 device=0
[debug] d_stage 0000000200002400 type=2 device=0
[debug] d_stage 0000000200002400 type=2 device=0
[debug] d_stage 0000000200002400 type=2 device=0
[debug] d_stage 0000000200002400 type=2 device=0
[debug] d_stage 0000000200002400 type=2 device=0
[debug] d_stage 0000000200002400 type=2 device=0
[debug] d_stage 0000000200002400 type=2 device=0
[debug] d_stage 0000000200002400 type=2 device=0
[debug] d_stage 0000000200002400 type=2 device=0
[debug] d_stage 0000000200002400 type=2 device=0
[debug] d_stage 0000000200002400 type=2 device=0
[debug] d_stage 0000000200002400 type=2 device=0
[debug] d_stage 0000000200002400 type=2 device=0
[debug] d_stage 0000000200002400 type=2 device=0
[debug] d_stage 0000000200002400 type=2 device=0
[debug] d_stage 0000000200002400 type=2 device=0
[debug] d_stage 0000000200002400 type=2 device=0
[debug] d_stage 0000000200002400 type=2 device=0
[debug] d_stage 0000000200002400 type=2 device=0
[debug] d_stage 0000000200002400 type=2 device=0
[debug] d_stage 0000000200002400 type=2 device=0
[debug] d_stage 0000000200002400 type=2 device=0
[debug] d_stage 0000000200002400 type=2 device=0
[debug] d_stage 0000000200002400 type=2 device=0
[debug] d_stage 0000000200002400 type=2 device=0
[debug] d_stage 0000000200002400 type=2 device=0
[debug] d_stage 0000000200002400 type=2 device=0
[debug] d_stage 0000000200002400 type=2 device=0
[debug] d_stage 0000000200002400 type=2 device=0
[debug] d_stage 0000000200002400 type=2 device=0
[debug] d_stage 0000000200002400 type=2 device=0
[debug] d_stage 0000000200002400 type=2 device=0
[debug] d_stage 0000000200002400 type=2 device=0
[debug] d_stage 0000000200002400 type=2 device=0
[debug] d_stage 0000000200002400 type=2 device=0
[debug] d_stage 0000000200002400 type=2 device=0
[debug] d_stage 0000000200002400 type=2 device=0
[debug] d_stage 0000000200002400 type=2 device=0
[debug] d_stage 0000000200002400 type=2 device=0
[debug] d_stage 0000000200002400 type=2 device=0
[debug] d_stage 0000000200002400 type=2 device=0
[debug] d_stage 0000000200002400 type=2 device=0
[debug] d_stage 0000000200002400 type=2 device=0
[debug] d_stage 0000000200002400 type=2 device=0
[debug] d_stage 0000000200002400 type=2 device=0
[debug] d_stage 0000000200002400 type=2 device=0
[debug] d_stage 0000000200002400 type=2 device=0
[debug] d_stage 0000000200002400 type=2 device=0
[debug] d_stage 0000000200002400 type=2 device=0
[debug] d_stage 0000000200002400 type=2 device=0
[debug] d_stage 0000000200002400 type=2 device=0
[debug] d_stage 0000000200002400 type=2 device=0
[debug] d_stage 0000000200002400 type=2 device=0
[debug] d_stage 0000000200002400 type=2 device=0
[debug] d_stage 0000000200002400 type=2 device=0
[debug] d_stage 0000000200002400 type=2 device=0
[debug] d_stage 0000000200002400 type=2 device=0
[debug] d_stage 0000000200002400 type=2 device=0
[debug] d_stage 0000000200002400 type=2 device=0
[debug] d_stage 0000000200002400 type=2 device=0
[debug] d_stage 0000000200002400 type=2 device=0
[debug] d_stage 0000000200002400 type=2 device=0
[debug] d_stage 0000000200002400 type=2 device=0
[debug] d_stage 0000000200002400 type=2 device=0
[debug] d_stage 0000000200002400 type=2 device=0
[debug] d_stage 0000000200002400 type=2 device=0
[debug] d_stage 0000000200002400 type=2 device=0
[debug] d_stage 0000000200002400 type=2 device=0
[debug] d_stage 0000000200002400 type=2 device=0
[debug] d_stage 0000000200002400 type=2 device=0
[debug] d_stage 0000000200002400 type=2 device=0
[debug] d_stage 0000000200002400 type=2 device=0
[debug] d_stage 0000000200002400 type=2 device=0
[debug] d_stage 0000000200002400 type=2 device=0
[debug] d_stage 0000000200002400 type=2 device=0
[debug] d_stage 0000000200002400 type=2 device=0
[debug] d_stage 0000000200002400 type=2 device=0
[debug] d_stage 0000000200002400 type=2 device=0
[debug] d_stage 0000000200002400 type=2 device=0
[debug] d_stage 0000000200002400 type=2 device=0
[debug] d_stage 0000000200002400 type=2 device=0
[debug] d_stage 0000000200002400 type=2 device=0
[debug] d_stage 0000000200002400 type=2 device=0
[debug] d_stage 0000000200002400 type=2 device=0
[debug] d_stage 0000000200002400 type=2 device=0
[debug] d_stage 0000000200002400 type=2 device=0
[debug] d_stage 0000000200002400 type=2 device=0
[debug] d_stage 0000000200002400 type=2 device=0
[debug] d_stage 0000000200002400 type=2 device=0
[debug] d_stage 0000000200002400 type=2 device=0
[debug] d_stage 0000000200002400 type=2 device=0
[debug] d_stage 0000000200002400 type=2 device=0
[debug] d_stage 0000000200002400 type=2 device=0
[debug] d_stage 0000000200002400 type=2 device=0
[debug] d_stage 0000000200002400 type=2 device=0
[debug] d_stage 0000000200002400 type=2 device=0
[debug] d_stage 0000000200002400 type=2 device=0
[debug] d_stage 0000000200002400 type=2 device=0
[debug] d_stage 0000000200002400 type=2 device=0
[debug] d_stage 0000000200002400 type=2 device=0
[debug] d_stage 0000000200002400 type=2 device=0
[debug] d_stage 0000000200002400 type=2 device=0
[debug] d_stage 0000000200002400 type=2 device=0
[debug] d_stage 0000000200002400 type=2 device=0
[debug] d_stage 0000000200002400 type=2 device=0
[debug] d_stage 0000000200002400 type=2 device=0
[debug] d_stage 0000000200002400 type=2 device=0
[debug] d_stage 0000000200002400 type=2 device=0
[debug] d_stage 0000000200002400 type=2 device=0
[debug] d_stage 0000000200002400 type=2 device=0
[debug] d_stage 0000000200002400 type=2 device=0
[server] stop requested
[       OK ] PhysicsTest.TST_UNT_PHYS_005_LongRunStability (50987 ms)
[ RUN      ] PhysicsTest.TST_UNT_PHYS_010_CalibrationTwoBodyPresetMaintainsBoundOrbit
[server] start particles=2 dt=0.002
[server] init rebuild mode=two_body active_source=generated particles=2
[debug] d_stage 0000000200002400 type=2 device=0
[server] generated initial state mode=two_body particles=2
[server] active solver=octree_cpu integrator=rk4 perf=interactive theta=1.2 softening=2.5 sph=off substep_target_dt=0.01 max_substeps=4 snapshot_publish_ms=50
[debug] d_stage 0000000200002400 type=2 device=0
[debug] d_stage 0000000200002400 type=2 device=0
[debug] d_stage 0000000200002400 type=2 device=0
[debug] d_stage 0000000200002400 type=2 device=0
[debug] d_stage 0000000200002400 type=2 device=0
[debug] d_stage 0000000200002400 type=2 device=0
[debug] d_stage 0000000200002400 type=2 device=0
[debug] d_stage 0000000200002400 type=2 device=0
[debug] d_stage 0000000200002400 type=2 device=0
[debug] d_stage 0000000200002400 type=2 device=0
[debug] d_stage 0000000200002400 type=2 device=0
[debug] d_stage 0000000200002400 type=2 device=0
[debug] d_stage 0000000200002400 type=2 device=0
[debug] d_stage 0000000200002400 type=2 device=0
[debug] d_stage 0000000200002400 type=2 device=0
[debug] d_stage 0000000200002400 type=2 device=0
[debug] d_stage 0000000200002400 type=2 device=0
[debug] d_stage 0000000200002400 type=2 device=0
[debug] d_stage 0000000200002400 type=2 device=0
[debug] d_stage 0000000200002400 type=2 device=0
[debug] d_stage 0000000200002400 type=2 device=0
[debug] d_stage 0000000200002400 type=2 device=0
[debug] d_stage 0000000200002400 type=2 device=0
[debug] d_stage 0000000200002400 type=2 device=0
[debug] d_stage 0000000200002400 type=2 device=0
[debug] d_stage 0000000200002400 type=2 device=0
[debug] d_stage 0000000200002400 type=2 device=0
[debug] d_stage 0000000200002400 type=2 device=0
[debug] d_stage 0000000200002400 type=2 device=0
[debug] d_stage 0000000200002400 type=2 device=0
[debug] d_stage 0000000200002400 type=2 device=0
[debug] d_stage 0000000200002400 type=2 device=0
[debug] d_stage 0000000200002400 type=2 device=0
[debug] d_stage 0000000200002400 type=2 device=0
[debug] d_stage 0000000200002400 type=2 device=0
[debug] d_stage 0000000200002400 type=2 device=0
[debug] d_stage 0000000200002400 type=2 device=0
[debug] d_stage 0000000200002400 type=2 device=0
[debug] d_stage 0000000200002400 type=2 device=0
[debug] d_stage 0000000200002400 type=2 device=0
[debug] d_stage 0000000200002400 type=2 device=0
[debug] d_stage 0000000200002400 type=2 device=0
[debug] d_stage 0000000200002400 type=2 device=0
[debug] d_stage 0000000200002400 type=2 device=0
[debug] d_stage 0000000200002400 type=2 device=0
[debug] d_stage 0000000200002400 type=2 device=0
[debug] d_stage 0000000200002400 type=2 device=0
[debug] d_stage 0000000200002400 type=2 device=0
[debug] d_stage 0000000200002400 type=2 device=0
[debug] d_stage 0000000200002400 type=2 device=0
[debug] d_stage 0000000200002400 type=2 device=0
[debug] d_stage 0000000200002400 type=2 device=0
[debug] d_stage 0000000200002400 type=2 device=0
[debug] d_stage 0000000200002400 type=2 device=0
[debug] d_stage 0000000200002400 type=2 device=0
[debug] d_stage 0000000200002400 type=2 device=0
[debug] d_stage 0000000200002400 type=2 device=0
[debug] d_stage 0000000200002400 type=2 device=0
[debug] d_stage 0000000200002400 type=2 device=0
[debug] d_stage 0000000200002400 type=2 device=0
[debug] d_stage 0000000200002400 type=2 device=0
[debug] d_stage 0000000200002400 type=2 device=0
[debug] d_stage 0000000200002400 type=2 device=0
[debug] d_stage 0000000200002400 type=2 device=0
[debug] d_stage 0000000200002400 type=2 device=0
[debug] d_stage 0000000200002400 type=2 device=0
[debug] d_stage 0000000200002400 type=2 device=0
[debug] d_stage 0000000200002400 type=2 device=0
[debug] d_stage 0000000200002400 type=2 device=0
[debug] d_stage 0000000200002400 type=2 device=0
[debug] d_stage 0000000200002400 type=2 device=0
[debug] d_stage 0000000200002400 type=2 device=0
[debug] d_stage 0000000200002400 type=2 device=0
[debug] d_stage 0000000200002400 type=2 device=0
[debug] d_stage 0000000200002400 type=2 device=0
[debug] d_stage 0000000200002400 type=2 device=0
[debug] d_stage 0000000200002400 type=2 device=0
[debug] d_stage 0000000200002400 type=2 device=0
[debug] d_stage 0000000200002400 type=2 device=0
[debug] d_stage 0000000200002400 type=2 device=0
[debug] d_stage 0000000200002400 type=2 device=0
[debug] d_stage 0000000200002400 type=2 device=0
[debug] d_stage 0000000200002400 type=2 device=0
[debug] d_stage 0000000200002400 type=2 device=0
[debug] d_stage 0000000200002400 type=2 device=0
[debug] d_stage 0000000200002400 type=2 device=0
[debug] d_stage 0000000200002400 type=2 device=0
[debug] d_stage 0000000200002400 type=2 device=0
[debug] d_stage 0000000200002400 type=2 device=0
[debug] d_stage 0000000200002400 type=2 device=0
[debug] d_stage 0000000200002400 type=2 device=0
[debug] d_stage 0000000200002400 type=2 device=0
[debug] d_stage 0000000200002400 type=2 device=0
[debug] d_stage 0000000200002400 type=2 device=0
[debug] d_stage 0000000200002400 type=2 device=0
[debug] d_stage 0000000200002400 type=2 device=0
[debug] d_stage 0000000200002400 type=2 device=0
[debug] d_stage 0000000200002400 type=2 device=0
[debug] d_stage 0000000200002400 type=2 device=0
[debug] d_stage 0000000200002400 type=2 device=0
[debug] d_stage 0000000200002400 type=2 device=0
[debug] d_stage 0000000200002400 type=2 device=0
[debug] d_stage 0000000200002400 type=2 device=0
[debug] d_stage 0000000200002400 type=2 device=0
[debug] d_stage 0000000200002400 type=2 device=0
[debug] d_stage 0000000200002400 type=2 device=0
[debug] d_stage 0000000200002400 type=2 device=0
[debug] d_stage 0000000200002400 type=2 device=0
[debug] d_stage 0000000200002400 type=2 device=0
[debug] d_stage 0000000200002400 type=2 device=0
[debug] d_stage 0000000200002400 type=2 device=0
[debug] d_stage 0000000200002400 type=2 device=0
[debug] d_stage 0000000200002400 type=2 device=0
[debug] d_stage 0000000200002400 type=2 device=0
[debug] d_stage 0000000200002400 type=2 device=0
[debug] d_stage 0000000200002400 type=2 device=0
[debug] d_stage 0000000200002400 type=2 device=0
[debug] d_stage 0000000200002400 type=2 device=0
[debug] d_stage 0000000200002400 type=2 device=0
[debug] d_stage 0000000200002400 type=2 device=0
[debug] d_stage 0000000200002400 type=2 device=0
[debug] d_stage 0000000200002400 type=2 device=0
[debug] d_stage 0000000200002400 type=2 device=0
[debug] d_stage 0000000200002400 type=2 device=0
[debug] d_stage 0000000200002400 type=2 device=0
[debug] d_stage 0000000200002400 type=2 device=0
[debug] d_stage 0000000200002400 type=2 device=0
[debug] d_stage 0000000200002400 type=2 device=0
[debug] d_stage 0000000200002400 type=2 device=0
[debug] d_stage 0000000200002400 type=2 device=0
[debug] d_stage 0000000200002400 type=2 device=0
[debug] d_stage 0000000200002400 type=2 device=0
[debug] d_stage 0000000200002400 type=2 device=0
[debug] d_stage 0000000200002400 type=2 device=0
[debug] d_stage 0000000200002400 type=2 device=0
[debug] d_stage 0000000200002400 type=2 device=0
[debug] d_stage 0000000200002400 type=2 device=0
[debug] d_stage 0000000200002400 type=2 device=0
[debug] d_stage 0000000200002400 type=2 device=0
[debug] d_stage 0000000200002400 type=2 device=0
[debug] d_stage 0000000200002400 type=2 device=0
[debug] d_stage 0000000200002400 type=2 device=0
[debug] d_stage 0000000200002400 type=2 device=0
[debug] d_stage 0000000200002400 type=2 device=0
[debug] d_stage 0000000200002400 type=2 device=0
[debug] d_stage 0000000200002400 type=2 device=0
[debug] d_stage 0000000200002400 type=2 device=0
[debug] d_stage 0000000200002400 type=2 device=0
[debug] d_stage 0000000200002400 type=2 device=0
[debug] d_stage 0000000200002400 type=2 device=0
[debug] d_stage 0000000200002400 type=2 device=0
[debug] d_stage 0000000200002400 type=2 device=0
[debug] d_stage 0000000200002400 type=2 device=0
[debug] d_stage 0000000200002400 type=2 device=0
[debug] d_stage 0000000200002400 type=2 device=0
[debug] d_stage 0000000200002400 type=2 device=0
[debug] d_stage 0000000200002400 type=2 device=0
[debug] d_stage 0000000200002400 type=2 device=0
[debug] d_stage 0000000200002400 type=2 device=0
[debug] d_stage 0000000200002400 type=2 device=0
[debug] d_stage 0000000200002400 type=2 device=0
[debug] d_stage 0000000200002400 type=2 device=0
[debug] d_stage 0000000200002400 type=2 device=0
[debug] d_stage 0000000200002400 type=2 device=0
[debug] d_stage 0000000200002400 type=2 device=0
[debug] d_stage 0000000200002400 type=2 device=0
[debug] d_stage 0000000200002400 type=2 device=0
[debug] d_stage 0000000200002400 type=2 device=0
[debug] d_stage 0000000200002400 type=2 device=0
[debug] d_stage 0000000200002400 type=2 device=0
[debug] d_stage 0000000200002400 type=2 device=0
[debug] d_stage 0000000200002400 type=2 device=0
[debug] d_stage 0000000200002400 type=2 device=0
[debug] d_stage 0000000200002400 type=2 device=0
[debug] d_stage 0000000200002400 type=2 device=0
[debug] d_stage 0000000200002400 type=2 device=0
[debug] d_stage 0000000200002400 type=2 device=0
[debug] d_stage 0000000200002400 type=2 device=0
[debug] d_stage 0000000200002400 type=2 device=0
[debug] d_stage 0000000200002400 type=2 device=0
[debug] d_stage 0000000200002400 type=2 device=0
[debug] d_stage 0000000200002400 type=2 device=0
[debug] d_stage 0000000200002400 type=2 device=0
[debug] d_stage 0000000200002400 type=2 device=0
[debug] d_stage 0000000200002400 type=2 device=0
[debug] d_stage 0000000200002400 type=2 device=0
[debug] d_stage 0000000200002400 type=2 device=0
[debug] d_stage 0000000200002400 type=2 device=0
[debug] d_stage 0000000200002400 type=2 device=0
[debug] d_stage 0000000200002400 type=2 device=0
[debug] d_stage 0000000200002400 type=2 device=0
[debug] d_stage 0000000200002400 type=2 device=0
[debug] d_stage 0000000200002400 type=2 device=0
[debug] d_stage 0000000200002400 type=2 device=0
[debug] d_stage 0000000200002400 type=2 device=0
[debug] d_stage 0000000200002400 type=2 device=0
[debug] d_stage 0000000200002400 type=2 device=0
[debug] d_stage 0000000200002400 type=2 device=0
[debug] d_stage 0000000200002400 type=2 device=0
[debug] d_stage 0000000200002400 type=2 device=0
[debug] d_stage 0000000200002400 type=2 device=0
[debug] d_stage 0000000200002400 type=2 device=0
[debug] d_stage 0000000200002400 type=2 device=0
[debug] d_stage 0000000200002400 type=2 device=0
[debug] d_stage 0000000200002400 type=2 device=0
[debug] d_stage 0000000200002400 type=2 device=0
[debug] d_stage 0000000200002400 type=2 device=0
[debug] d_stage 0000000200002400 type=2 device=0
[debug] d_stage 0000000200002400 type=2 device=0
[debug] d_stage 0000000200002400 type=2 device=0
[debug] d_stage 0000000200002400 type=2 device=0
[debug] d_stage 0000000200002400 type=2 device=0
[debug] d_stage 0000000200002400 type=2 device=0
[debug] d_stage 0000000200002400 type=2 device=0
[debug] d_stage 0000000200002400 type=2 device=0
[debug] d_stage 0000000200002400 type=2 device=0
[debug] d_stage 0000000200002400 type=2 device=0
[debug] d_stage 0000000200002400 type=2 device=0
[debug] d_stage 0000000200002400 type=2 device=0
[debug] d_stage 0000000200002400 type=2 device=0
[debug] d_stage 0000000200002400 type=2 device=0
[debug] d_stage 0000000200002400 type=2 device=0
[debug] d_stage 0000000200002400 type=2 device=0
[debug] d_stage 0000000200002400 type=2 device=0
[debug] d_stage 0000000200002400 type=2 device=0
[debug] d_stage 0000000200002400 type=2 device=0
[debug] d_stage 0000000200002400 type=2 device=0
[debug] d_stage 0000000200002400 type=2 device=0
[debug] d_stage 0000000200002400 type=2 device=0
[debug] d_stage 0000000200002400 type=2 device=0
[debug] d_stage 0000000200002400 type=2 device=0
[debug] d_stage 0000000200002400 type=2 device=0
[debug] d_stage 0000000200002400 type=2 device=0
[debug] d_stage 0000000200002400 type=2 device=0
[debug] d_stage 0000000200002400 type=2 device=0
[debug] d_stage 0000000200002400 type=2 device=0
[debug] d_stage 0000000200002400 type=2 device=0
[debug] d_stage 0000000200002400 type=2 device=0
[debug] d_stage 0000000200002400 type=2 device=0
[debug] d_stage 0000000200002400 type=2 device=0
[debug] d_stage 0000000200002400 type=2 device=0
[debug] d_stage 0000000200002400 type=2 device=0
[debug] d_stage 0000000200002400 type=2 device=0
[debug] d_stage 0000000200002400 type=2 device=0
[debug] d_stage 0000000200002400 type=2 device=0
[debug] d_stage 0000000200002400 type=2 device=0
[debug] d_stage 0000000200002400 type=2 device=0
[debug] d_stage 0000000200002400 type=2 device=0
[debug] d_stage 0000000200002400 type=2 device=0
[debug] d_stage 0000000200002400 type=2 device=0
[debug] d_stage 0000000200002400 type=2 device=0
[debug] d_stage 0000000200002400 type=2 device=0
[debug] d_stage 0000000200002400 type=2 device=0
[debug] d_stage 0000000200002400 type=2 device=0
[debug] d_stage 0000000200002400 type=2 device=0
[debug] d_stage 0000000200002400 type=2 device=0
[debug] d_stage 0000000200002400 type=2 device=0
[debug] d_stage 0000000200002400 type=2 device=0
[debug] d_stage 0000000200002400 type=2 device=0
[debug] d_stage 0000000200002400 type=2 device=0
[debug] d_stage 0000000200002400 type=2 device=0
[debug] d_stage 0000000200002400 type=2 device=0
[debug] d_stage 0000000200002400 type=2 device=0
[debug] d_stage 0000000200002400 type=2 device=0
[debug] d_stage 0000000200002400 type=2 device=0
[debug] d_stage 0000000200002400 type=2 device=0
[debug] d_stage 0000000200002400 type=2 device=0
[debug] d_stage 0000000200002400 type=2 device=0
[debug] d_stage 0000000200002400 type=2 device=0
[debug] d_stage 0000000200002400 type=2 device=0
[debug] d_stage 0000000200002400 type=2 device=0
[debug] d_stage 0000000200002400 type=2 device=0
[debug] d_stage 0000000200002400 type=2 device=0
[debug] d_stage 0000000200002400 type=2 device=0
[debug] d_stage 0000000200002400 type=2 device=0
[debug] d_stage 0000000200002400 type=2 device=0
[debug] d_stage 0000000200002400 type=2 device=0
[debug] d_stage 0000000200002400 type=2 device=0
[debug] d_stage 0000000200002400 type=2 device=0
[debug] d_stage 0000000200002400 type=2 device=0
[debug] d_stage 0000000200002400 type=2 device=0
[debug] d_stage 0000000200002400 type=2 device=0
[debug] d_stage 0000000200002400 type=2 device=0
[debug] d_stage 0000000200002400 type=2 device=0
[debug] d_stage 0000000200002400 type=2 device=0
[debug] d_stage 0000000200002400 type=2 device=0
[debug] d_stage 0000000200002400 type=2 device=0
[debug] d_stage 0000000200002400 type=2 device=0
[debug] d_stage 0000000200002400 type=2 device=0
[debug] d_stage 0000000200002400 type=2 device=0
[debug] d_stage 0000000200002400 type=2 device=0
[debug] d_stage 0000000200002400 type=2 device=0
[debug] d_stage 0000000200002400 type=2 device=0
[debug] d_stage 0000000200002400 type=2 device=0
[debug] d_stage 0000000200002400 type=2 device=0
[debug] d_stage 0000000200002400 type=2 device=0
[debug] d_stage 0000000200002400 type=2 device=0
[debug] d_stage 0000000200002400 type=2 device=0
[debug] d_stage 0000000200002400 type=2 device=0
[debug] d_stage 0000000200002400 type=2 device=0
[debug] d_stage 0000000200002400 type=2 device=0
[debug] d_stage 0000000200002400 type=2 device=0
[debug] d_stage 0000000200002400 type=2 device=0
[debug] d_stage 0000000200002400 type=2 device=0
[debug] d_stage 0000000200002400 type=2 device=0
[debug] d_stage 0000000200002400 type=2 device=0
[debug] d_stage 0000000200002400 type=2 device=0
[debug] d_stage 0000000200002400 type=2 device=0
[debug] d_stage 0000000200002400 type=2 device=0
[debug] d_stage 0000000200002400 type=2 device=0
[debug] d_stage 0000000200002400 type=2 device=0
[debug] d_stage 0000000200002400 type=2 device=0
[debug] d_stage 0000000200002400 type=2 device=0
[debug] d_stage 0000000200002400 type=2 device=0
[debug] d_stage 0000000200002400 type=2 device=0
[debug] d_stage 0000000200002400 type=2 device=0
[debug] d_stage 0000000200002400 type=2 device=0
[debug] d_stage 0000000200002400 type=2 device=0
[debug] d_stage 0000000200002400 type=2 device=0
[debug] d_stage 0000000200002400 type=2 device=0
[debug] d_stage 0000000200002400 type=2 device=0
[debug] d_stage 0000000200002400 type=2 device=0
[debug] d_stage 0000000200002400 type=2 device=0
[debug] d_stage 0000000200002400 type=2 device=0
[debug] d_stage 0000000200002400 type=2 device=0
[debug] d_stage 0000000200002400 type=2 device=0
[debug] d_stage 0000000200002400 type=2 device=0
[debug] d_stage 0000000200002400 type=2 device=0
[debug] d_stage 0000000200002400 type=2 device=0
[debug] d_stage 0000000200002400 type=2 device=0
[debug] d_stage 0000000200002400 type=2 device=0
[debug] d_stage 0000000200002400 type=2 device=0
[debug] d_stage 0000000200002400 type=2 device=0
[debug] d_stage 0000000200002400 type=2 device=0
[debug] d_stage 0000000200002400 type=2 device=0
[debug] d_stage 0000000200002400 type=2 device=0
[debug] d_stage 0000000200002400 type=2 device=0
[debug] d_stage 0000000200002400 type=2 device=0
[debug] d_stage 0000000200002400 type=2 device=0
[debug] d_stage 0000000200002400 type=2 device=0
[debug] d_stage 0000000200002400 type=2 device=0
[debug] d_stage 0000000200002400 type=2 device=0
[debug] d_stage 0000000200002400 type=2 device=0
[debug] d_stage 0000000200002400 type=2 device=0
[debug] d_stage 0000000200002400 type=2 device=0
[debug] d_stage 0000000200002400 type=2 device=0
[debug] d_stage 0000000200002400 type=2 device=0
[debug] d_stage 0000000200002400 type=2 device=0
[debug] d_stage 0000000200002400 type=2 device=0
[debug] d_stage 0000000200002400 type=2 device=0
[debug] d_stage 0000000200002400 type=2 device=0
[debug] d_stage 0000000200002400 type=2 device=0
[debug] d_stage 0000000200002400 type=2 device=0
[debug] d_stage 0000000200002400 type=2 device=0
[debug] d_stage 0000000200002400 type=2 device=0
[debug] d_stage 0000000200002400 type=2 device=0
[debug] d_stage 0000000200002400 type=2 device=0
[debug] d_stage 0000000200002400 type=2 device=0
[debug] d_stage 0000000200002400 type=2 device=0
[debug] d_stage 0000000200002400 type=2 device=0
[debug] d_stage 0000000200002400 type=2 device=0
[debug] d_stage 0000000200002400 type=2 device=0
[debug] d_stage 0000000200002400 type=2 device=0
[debug] d_stage 0000000200002400 type=2 device=0
[debug] d_stage 0000000200002400 type=2 device=0
[debug] d_stage 0000000200002400 type=2 device=0
[debug] d_stage 0000000200002400 type=2 device=0
[debug] d_stage 0000000200002400 type=2 device=0
[debug] d_stage 0000000200002400 type=2 device=0
[debug] d_stage 0000000200002400 type=2 device=0
[debug] d_stage 0000000200002400 type=2 device=0
[debug] d_stage 0000000200002400 type=2 device=0
[debug] d_stage 0000000200002400 type=2 device=0
[debug] d_stage 0000000200002400 type=2 device=0
[debug] d_stage 0000000200002400 type=2 device=0
[debug] d_stage 0000000200002400 type=2 device=0
[debug] d_stage 0000000200002400 type=2 device=0
[debug] d_stage 0000000200002400 type=2 device=0
[debug] d_stage 0000000200002400 type=2 device=0
[debug] d_stage 0000000200002400 type=2 device=0
[debug] d_stage 0000000200002400 type=2 device=0
[debug] d_stage 0000000200002400 type=2 device=0
[debug] d_stage 0000000200002400 type=2 device=0
[debug] d_stage 0000000200002400 type=2 device=0
[debug] d_stage 0000000200002400 type=2 device=0
[debug] d_stage 0000000200002400 type=2 device=0
[debug] d_stage 0000000200002400 type=2 device=0
[debug] d_stage 0000000200002400 type=2 device=0
[debug] d_stage 0000000200002400 type=2 device=0
[debug] d_stage 0000000200002400 type=2 device=0
[debug] d_stage 0000000200002400 type=2 device=0
[debug] d_stage 0000000200002400 type=2 device=0
[debug] d_stage 0000000200002400 type=2 device=0
[debug] d_stage 0000000200002400 type=2 device=0
[debug] d_stage 0000000200002400 type=2 device=0
[debug] d_stage 0000000200002400 type=2 device=0
[debug] d_stage 0000000200002400 type=2 device=0
[debug] d_stage 0000000200002400 type=2 device=0
[debug] d_stage 0000000200002400 type=2 device=0
[debug] d_stage 0000000200002400 type=2 device=0
[debug] d_stage 0000000200002400 type=2 device=0
[debug] d_stage 0000000200002400 type=2 device=0
[debug] d_stage 0000000200002400 type=2 device=0
[debug] d_stage 0000000200002400 type=2 device=0
[debug] d_stage 0000000200002400 type=2 device=0
[debug] d_stage 0000000200002400 type=2 device=0
[debug] d_stage 0000000200002400 type=2 device=0
[debug] d_stage 0000000200002400 type=2 device=0
[debug] d_stage 0000000200002400 type=2 device=0
[debug] d_stage 0000000200002400 type=2 device=0
[debug] d_stage 0000000200002400 type=2 device=0
[debug] d_stage 0000000200002400 type=2 device=0
[debug] d_stage 0000000200002400 type=2 device=0
[debug] d_stage 0000000200002400 type=2 device=0
[debug] d_stage 0000000200002400 type=2 device=0
[debug] d_stage 0000000200002400 type=2 device=0
[debug] d_stage 0000000200002400 type=2 device=0
[debug] d_stage 0000000200002400 type=2 device=0
[debug] d_stage 0000000200002400 type=2 device=0
[debug] d_stage 0000000200002400 type=2 device=0
[debug] d_stage 0000000200002400 type=2 device=0
[debug] d_stage 0000000200002400 type=2 device=0
[debug] d_stage 0000000200002400 type=2 device=0
[debug] d_stage 0000000200002400 type=2 device=0
[debug] d_stage 0000000200002400 type=2 device=0
[debug] d_stage 0000000200002400 type=2 device=0
[debug] d_stage 0000000200002400 type=2 device=0
[debug] d_stage 0000000200002400 type=2 device=0
[debug] d_stage 0000000200002400 type=2 device=0
[debug] d_stage 0000000200002400 type=2 device=0
[debug] d_stage 0000000200002400 type=2 device=0
[debug] d_stage 0000000200002400 type=2 device=0
[debug] d_stage 0000000200002400 type=2 device=0
[debug] d_stage 0000000200002400 type=2 device=0
[debug] d_stage 0000000200002400 type=2 device=0
[debug] d_stage 0000000200002400 type=2 device=0
[debug] d_stage 0000000200002400 type=2 device=0
[debug] d_stage 0000000200002400 type=2 device=0
[debug] d_stage 0000000200002400 type=2 device=0
[debug] d_stage 0000000200002400 type=2 device=0
[debug] d_stage 0000000200002400 type=2 device=0
[debug] d_stage 0000000200002400 type=2 device=0
[debug] d_stage 0000000200002400 type=2 device=0
[debug] d_stage 0000000200002400 type=2 device=0
[debug] d_stage 0000000200002400 type=2 device=0
[debug] d_stage 0000000200002400 type=2 device=0
[debug] d_stage 0000000200002400 type=2 device=0
[debug] d_stage 0000000200002400 type=2 device=0
[debug] d_stage 0000000200002400 type=2 device=0
[debug] d_stage 0000000200002400 type=2 device=0
[debug] d_stage 0000000200002400 type=2 device=0
[debug] d_stage 0000000200002400 type=2 device=0
[debug] d_stage 0000000200002400 type=2 device=0
[debug] d_stage 0000000200002400 type=2 device=0
[debug] d_stage 0000000200002400 type=2 device=0
[debug] d_stage 0000000200002400 type=2 device=0
[debug] d_stage 0000000200002400 type=2 device=0
[debug] d_stage 0000000200002400 type=2 device=0
[debug] d_stage 0000000200002400 type=2 device=0
[debug] d_stage 0000000200002400 type=2 device=0
[debug] d_stage 0000000200002400 type=2 device=0
[debug] d_stage 0000000200002400 type=2 device=0
[debug] d_stage 0000000200002400 type=2 device=0
[debug] d_stage 0000000200002400 type=2 device=0
[debug] d_stage 0000000200002400 type=2 device=0
[debug] d_stage 0000000200002400 type=2 device=0
[debug] d_stage 0000000200002400 type=2 device=0
[debug] d_stage 0000000200002400 type=2 device=0
[debug] d_stage 0000000200002400 type=2 device=0
[debug] d_stage 0000000200002400 type=2 device=0
[debug] d_stage 0000000200002400 type=2 device=0
[debug] d_stage 0000000200002400 type=2 device=0
[debug] d_stage 0000000200002400 type=2 device=0
[debug] d_stage 0000000200002400 type=2 device=0
[debug] d_stage 0000000200002400 type=2 device=0
[debug] d_stage 0000000200002400 type=2 device=0
[debug] d_stage 0000000200002400 type=2 device=0
[debug] d_stage 0000000200002400 type=2 device=0
[debug] d_stage 0000000200002400 type=2 device=0
[debug] d_stage 0000000200002400 type=2 device=0
[debug] d_stage 0000000200002400 type=2 device=0
[debug] d_stage 0000000200002400 type=2 device=0
[debug] d_stage 0000000200002400 type=2 device=0
[debug] d_stage 0000000200002400 type=2 device=0
[debug] d_stage 0000000200002400 type=2 device=0
[debug] d_stage 0000000200002400 type=2 device=0
[debug] d_stage 0000000200002400 type=2 device=0
[debug] d_stage 0000000200002400 type=2 device=0
[debug] d_stage 0000000200002400 type=2 device=0
[debug] d_stage 0000000200002400 type=2 device=0
[debug] d_stage 0000000200002400 type=2 device=0
[debug] d_stage 0000000200002400 type=2 device=0
[debug] d_stage 0000000200002400 type=2 device=0
[debug] d_stage 0000000200002400 type=2 device=0
[debug] d_stage 0000000200002400 type=2 device=0
[debug] d_stage 0000000200002400 type=2 device=0
[debug] d_stage 0000000200002400 type=2 device=0
[debug] d_stage 0000000200002400 type=2 device=0
[debug] d_stage 0000000200002400 type=2 device=0
[debug] d_stage 0000000200002400 type=2 device=0
[debug] d_stage 0000000200002400 type=2 device=0
[debug] d_stage 0000000200002400 type=2 device=0
[debug] d_stage 0000000200002400 type=2 device=0
[debug] d_stage 0000000200002400 type=2 device=0
[debug] d_stage 0000000200002400 type=2 device=0
[debug] d_stage 0000000200002400 type=2 device=0
[debug] d_stage 0000000200002400 type=2 device=0
[debug] d_stage 0000000200002400 type=2 device=0
[debug] d_stage 0000000200002400 type=2 device=0
[debug] d_stage 0000000200002400 type=2 device=0
[debug] d_stage 0000000200002400 type=2 device=0
[debug] d_stage 0000000200002400 type=2 device=0
[debug] d_stage 0000000200002400 type=2 device=0
[debug] d_stage 0000000200002400 type=2 device=0
[debug] d_stage 0000000200002400 type=2 device=0
[debug] d_stage 0000000200002400 type=2 device=0
[debug] d_stage 0000000200002400 type=2 device=0
[debug] d_stage 0000000200002400 type=2 device=0
[debug] d_stage 0000000200002400 type=2 device=0
[debug] d_stage 0000000200002400 type=2 device=0
[debug] d_stage 0000000200002400 type=2 device=0
[debug] d_stage 0000000200002400 type=2 device=0
[debug] d_stage 0000000200002400 type=2 device=0
[debug] d_stage 0000000200002400 type=2 device=0
[debug] d_stage 0000000200002400 type=2 device=0
[debug] d_stage 0000000200002400 type=2 device=0
[debug] d_stage 0000000200002400 type=2 device=0
[debug] d_stage 0000000200002400 type=2 device=0
[debug] d_stage 0000000200002400 type=2 device=0
[debug] d_stage 0000000200002400 type=2 device=0
[debug] d_stage 0000000200002400 type=2 device=0
[debug] d_stage 0000000200002400 type=2 device=0
[debug] d_stage 0000000200002400 type=2 device=0
[debug] d_stage 0000000200002400 type=2 device=0
[debug] d_stage 0000000200002400 type=2 device=0
[debug] d_stage 0000000200002400 type=2 device=0
[debug] d_stage 0000000200002400 type=2 device=0
[debug] d_stage 0000000200002400 type=2 device=0
[debug] d_stage 0000000200002400 type=2 device=0
[debug] d_stage 0000000200002400 type=2 device=0
[debug] d_stage 0000000200002400 type=2 device=0
[debug] d_stage 0000000200002400 type=2 device=0
[debug] d_stage 0000000200002400 type=2 device=0
[debug] d_stage 0000000200002400 type=2 device=0
[debug] d_stage 0000000200002400 type=2 device=0
[debug] d_stage 0000000200002400 type=2 device=0
[debug] d_stage 0000000200002400 type=2 device=0
[debug] d_stage 0000000200002400 type=2 device=0
[debug] d_stage 0000000200002400 type=2 device=0
[debug] d_stage 0000000200002400 type=2 device=0
[debug] d_stage 0000000200002400 type=2 device=0
[debug] d_stage 0000000200002400 type=2 device=0
[debug] d_stage 0000000200002400 type=2 device=0
[debug] d_stage 0000000200002400 type=2 device=0
[debug] d_stage 0000000200002400 type=2 device=0
[debug] d_stage 0000000200002400 type=2 device=0
[debug] d_stage 0000000200002400 type=2 device=0
[debug] d_stage 0000000200002400 type=2 device=0
[debug] d_stage 0000000200002400 type=2 device=0
[debug] d_stage 0000000200002400 type=2 device=0
[debug] d_stage 0000000200002400 type=2 device=0
[debug] d_stage 0000000200002400 type=2 device=0
[debug] d_stage 0000000200002400 type=2 device=0
[debug] d_stage 0000000200002400 type=2 device=0
[debug] d_stage 0000000200002400 type=2 device=0
[debug] d_stage 0000000200002400 type=2 device=0
[debug] d_stage 0000000200002400 type=2 device=0
[debug] d_stage 0000000200002400 type=2 device=0
[debug] d_stage 0000000200002400 type=2 device=0
[debug] d_stage 0000000200002400 type=2 device=0
[debug] d_stage 0000000200002400 type=2 device=0
[debug] d_stage 0000000200002400 type=2 device=0
[debug] d_stage 0000000200002400 type=2 device=0
[debug] d_stage 0000000200002400 type=2 device=0
[debug] d_stage 0000000200002400 type=2 device=0
[debug] d_stage 0000000200002400 type=2 device=0
[debug] d_stage 0000000200002400 type=2 device=0
[debug] d_stage 0000000200002400 type=2 device=0
[debug] d_stage 0000000200002400 type=2 device=0
[debug] d_stage 0000000200002400 type=2 device=0
[debug] d_stage 0000000200002400 type=2 device=0
[debug] d_stage 0000000200002400 type=2 device=0
[debug] d_stage 0000000200002400 type=2 device=0
[debug] d_stage 0000000200002400 type=2 device=0
[debug] d_stage 0000000200002400 type=2 device=0
[debug] d_stage 0000000200002400 type=2 device=0
[debug] d_stage 0000000200002400 type=2 device=0
[debug] d_stage 0000000200002400 type=2 device=0
[debug] d_stage 0000000200002400 type=2 device=0
[debug] d_stage 0000000200002400 type=2 device=0
[debug] d_stage 0000000200002400 type=2 device=0
[debug] d_stage 0000000200002400 type=2 device=0
[debug] d_stage 0000000200002400 type=2 device=0
[debug] d_stage 0000000200002400 type=2 device=0
[debug] d_stage 0000000200002400 type=2 device=0
[debug] d_stage 0000000200002400 type=2 device=0
[debug] d_stage 0000000200002400 type=2 device=0
[debug] d_stage 0000000200002400 type=2 device=0
[debug] d_stage 0000000200002400 type=2 device=0
[debug] d_stage 0000000200002400 type=2 device=0
[server] stop requested
[       OK ] PhysicsTest.TST_UNT_PHYS_010_CalibrationTwoBodyPresetMaintainsBoundOrbit (16399 ms)
[ RUN      ] PhysicsTest.TST_UNT_RUNT_003_ServerReloadClearsPublishedSnapshotCache
[server] start particles=24 dt=0.01
[server] init rebuild mode=disk_orbit active_source=generated particles=24
[debug] d_stage 0000000200002400 type=2 device=0
[server] generated initial state mode=disk_orbit particles=24
[server] active solver=octree_cpu integrator=euler perf=interactive theta=1.2 softening=2.5 sph=off substep_target_dt=0.01 max_substeps=4 snapshot_publish_ms=50
[server] init rebuild mode=file active_source=file input_file=C:\Users\luisf\AppData\Local\Temp\grav_test_reload_3.xyz input_format=xyz particles=3
[debug] d_stage 0000000200002400 type=2 device=0
[server] loaded initial state from C:\Users\luisf\AppData\Local\Temp\grav_test_reload_3.xyz particles=3
[server] active solver=octree_cpu integrator=euler perf=interactive theta=1.2 softening=2.5 sph=off substep_target_dt=0.01 max_substeps=4 snapshot_publish_ms=50
[debug] d_stage 0000000200002400 type=2 device=0
[debug] d_stage 0000000200002400 type=2 device=0
[server] init rebuild mode=file active_source=file input_file=C:\Users\luisf\AppData\Local\Temp\grav_test_reload_4.xyz input_format=xyz particles=4
[debug] d_stage 0000000200002400 type=2 device=0
[server] loaded initial state from C:\Users\luisf\AppData\Local\Temp\grav_test_reload_4.xyz particles=4
[server] active solver=octree_cpu integrator=euler perf=interactive theta=1.2 softening=2.5 sph=off substep_target_dt=0.01 max_substeps=4 snapshot_publish_ms=50
[debug] d_stage 0000000200002400 type=2 device=0
[server] stop requested
[debug] d_stage 0000000200002400 type=2 device=0
[       OK ] PhysicsTest.TST_UNT_RUNT_003_ServerReloadClearsPublishedSnapshotCache (94 ms)
[ RUN      ] PhysicsTest.TST_UNT_PHYS_009_SolverParityWithinTolerance
[server] start particles=96 dt=0.004
[server] init rebuild mode=disk_orbit active_source=generated particles=96
[debug] d_stage 0000000200002400 type=2 device=0
[server] generated initial state mode=disk_orbit particles=96
[server] active solver=pairwise_cuda integrator=euler perf=interactive sph=off substep_target_dt=0.01 max_substeps=4 snapshot_publish_ms=50
[server] stop requested
[server] start particles=96 dt=0.004
[server] init rebuild mode=disk_orbit active_source=generated particles=96
[debug] d_stage 0000000200002400 type=2 device=0
[server] generated initial state mode=disk_orbit particles=96
[server] active solver=octree_cpu integrator=euler perf=interactive theta=0.35 softening=0.08 sph=off substep_target_dt=0.01 max_substeps=4 snapshot_publish_ms=50
[debug] d_stage 0000000200002400 type=2 device=0
[debug] d_stage 0000000200002400 type=2 device=0
[debug] d_stage 0000000200002400 type=2 device=0
[debug] d_stage 0000000200002400 type=2 device=0
[debug] d_stage 0000000200002400 type=2 device=0
[debug] d_stage 0000000200002400 type=2 device=0
[debug] d_stage 0000000200002400 type=2 device=0
[debug] d_stage 0000000200002400 type=2 device=0
[debug] d_stage 0000000200002400 type=2 device=0
[debug] d_stage 0000000200002400 type=2 device=0
[debug] d_stage 0000000200002400 type=2 device=0
[debug] d_stage 0000000200002400 type=2 device=0
[debug] d_stage 0000000200002400 type=2 device=0
[debug] d_stage 0000000200002400 type=2 device=0
[debug] d_stage 0000000200002400 type=2 device=0
[debug] d_stage 0000000200002400 type=2 device=0
[debug] d_stage 0000000200002400 type=2 device=0
[debug] d_stage 0000000200002400 type=2 device=0
[debug] d_stage 0000000200002400 type=2 device=0
[debug] d_stage 0000000200002400 type=2 device=0
[debug] d_stage 0000000200002400 type=2 device=0
[debug] d_stage 0000000200002400 type=2 device=0
[debug] d_stage 0000000200002400 type=2 device=0
[debug] d_stage 0000000200002400 type=2 device=0
[debug] d_stage 0000000200002400 type=2 device=0
[debug] d_stage 0000000200002400 type=2 device=0
[debug] d_stage 0000000200002400 type=2 device=0
[debug] d_stage 0000000200002400 type=2 device=0
[debug] d_stage 0000000200002400 type=2 device=0
[debug] d_stage 0000000200002400 type=2 device=0
[debug] d_stage 0000000200002400 type=2 device=0
[debug] d_stage 0000000200002400 type=2 device=0
[debug] d_stage 0000000200002400 type=2 device=0
[debug] d_stage 0000000200002400 type=2 device=0
[debug] d_stage 0000000200002400 type=2 device=0
[debug] d_stage 0000000200002400 type=2 device=0
[server] stop requested
[server] start particles=96 dt=0.004
[server] init rebuild mode=disk_orbit active_source=generated particles=96
[debug] d_stage 0000000200002400 type=2 device=0
[server] generated initial state mode=disk_orbit particles=96
[server] active solver=octree_gpu integrator=euler perf=interactive theta=0.35 softening=0.08 sph=off substep_target_dt=0.01 max_substeps=4 snapshot_publish_ms=50
[server] stop requested
[       OK ] PhysicsTest.TST_UNT_PHYS_009_SolverParityWithinTolerance (2966 ms)
[ RUN      ] PhysicsTest.TST_UNT_RUNT_001_ServerLogsEffectiveModesAfterReset
[       OK ] PhysicsTest.TST_UNT_RUNT_001_ServerLogsEffectiveModesAfterReset (63 ms)
[ RUN      ] PhysicsTest.TST_UNT_RUNT_002_ParticleSystemCtorKeepsExplicitInitialState
[debug] d_stage 0000000200002400 type=2 device=0
[       OK ] PhysicsTest.TST_UNT_RUNT_002_ParticleSystemCtorKeepsExplicitInitialState (1 ms)
[ RUN      ] PhysicsTest.TST_UNT_PHYS_010_DeterministicReplayIdentical
[server] start particles=64 dt=0.005
[server] init rebuild mode=disk_orbit active_source=generated particles=64
[debug] d_stage 0000000200002400 type=2 device=0
[server] generated initial state mode=disk_orbit particles=64
[server] active solver=pairwise_cuda integrator=euler perf=interactive sph=off substep_target_dt=0.01 max_substeps=4 snapshot_publish_ms=50
[server] stop requested
[server] start particles=64 dt=0.005
[server] init rebuild mode=disk_orbit active_source=generated particles=64
[debug] d_stage 0000000200002400 type=2 device=0
[server] generated initial state mode=disk_orbit particles=64
[server] active solver=pairwise_cuda integrator=euler perf=interactive sph=off substep_target_dt=0.01 max_substeps=4 snapshot_publish_ms=50
[server] stop requested
[       OK ] PhysicsTest.TST_UNT_PHYS_010_DeterministicReplayIdentical (1038 ms)
[ RUN      ] PhysicsTest.TST_UNT_RUNT_004_ServerAppliesConfiguredSubstepPolicy
[server] init plan style=preset selector=preset_structure mode=disk_orbit source=generated
[server] start particles=10000 dt=0.01
[server] init rebuild mode=disk_orbit active_source=generated particles=10000
[debug] d_stage 00000002000B7800 type=2 device=0
[server] generated initial state mode=disk_orbit particles=10000
[server] active solver=pairwise_cuda integrator=euler perf=custom sph=off substep_target_dt=0.005 max_substeps=8 snapshot_publish_ms=50
[server] stop requested
[       OK ] PhysicsTest.TST_UNT_RUNT_004_ServerAppliesConfiguredSubstepPolicy (47 ms)
[ RUN      ] PhysicsTest.TST_UNT_RUNT_005_ServerAppliesInteractivePerformancePreset
[server] init plan style=preset selector=preset_structure mode=disk_orbit source=generated
[server] start particles=10000 dt=0.01
[server] init rebuild mode=disk_orbit active_source=generated particles=10000
[debug] d_stage 00000002000B7800 type=2 device=0
[server] generated initial state mode=disk_orbit particles=10000
[server] active solver=pairwise_cuda integrator=euler perf=interactive sph=off substep_target_dt=0.01 max_substeps=4 snapshot_publish_ms=50
[server] stop requested
[       OK ] PhysicsTest.TST_UNT_RUNT_005_ServerAppliesInteractivePerformancePreset (62 ms)
[----------] 21 tests from PhysicsTest (130642 ms total)

[----------] 1 test from PhysicsReentrancyTest
[ RUN      ] PhysicsReentrancyTest.TST_UNT_PHYS_017_MultipleInstancesCoexistence
[debug] d_stage 0000000200008000 type=2 device=0
[debug] d_stage 0000000200002C00 type=2 device=0
[debug] d_stage 0000000200008000 type=2 device=0
[debug] d_stage 0000000200002C00 type=2 device=0
[       OK ] PhysicsReentrancyTest.TST_UNT_PHYS_017_MultipleInstancesCoexistence (3 ms)
[----------] 1 test from PhysicsReentrancyTest (3 ms total)

[----------] Global test environment tear-down
[==========] 27 tests from 3 test suites ran. (130647 ms total)
[  PASSED  ] 27 tests.
